Archive member included to satisfy reference by file (symbol)

.\CortexM3\ARM_GCC_541\Debug\FiltroDigital.a(P0.o)
                              .\CortexM3\ARM_GCC_541\Debug\main.o (P0_Read)
.\CortexM3\ARM_GCC_541\Debug\FiltroDigital.a(CyDmac.o)
                              .\CortexM3\ARM_GCC_541\Debug\Cm3Start.o (CyDmacConfigure)
.\CortexM3\ARM_GCC_541\Debug\FiltroDigital.a(CyLib.o)
                              .\CortexM3\ARM_GCC_541\Debug\Cm3Start.o (CyHalt)
.\CortexM3\ARM_GCC_541\Debug\FiltroDigital.a(cyPm.o)
                              .\CortexM3\ARM_GCC_541\Debug\FiltroDigital.a(CyLib.o) (CyPmReadStatus)
.\CortexM3\ARM_GCC_541\Debug\FiltroDigital.a(SW.o)
                              .\CortexM3\ARM_GCC_541\Debug\main.o (SW_Read)
.\CortexM3\ARM_GCC_541\Debug\FiltroDigital.a(LCD.o)
                              .\CortexM3\ARM_GCC_541\Debug\main.o (LCD_PrintString)
.\CortexM3\ARM_GCC_541\Debug\FiltroDigital.a(LCD_CustChars.o)
                              .\CortexM3\ARM_GCC_541\Debug\FiltroDigital.a(LCD.o) (LCD_LoadCustomFonts)
.\CortexM3\ARM_GCC_541\Debug\FiltroDigital.a(ISR_SW.o)
                              .\CortexM3\ARM_GCC_541\Debug\main.o (ISR_SW_StartEx)
.\CortexM3\ARM_GCC_541\Debug\FiltroDigital.a(Control.o)
                              .\CortexM3\ARM_GCC_541\Debug\main.o (Control_Write)
.\CortexM3\ARM_GCC_541\Debug\FiltroDigital.a(ADC.o)
                              .\CortexM3\ARM_GCC_541\Debug\main.o (ADC_Start)
.\CortexM3\ARM_GCC_541\Debug\FiltroDigital.a(ADC_INT.o)
                              .\CortexM3\ARM_GCC_541\Debug\FiltroDigital.a(ADC.o) (ADC_ISR1)
.\CortexM3\ARM_GCC_541\Debug\FiltroDigital.a(DAC.o)
                              .\CortexM3\ARM_GCC_541\Debug\main.o (DAC_Start)
.\CortexM3\ARM_GCC_541\Debug\FiltroDigital.a(ADC_AMux.o)
                              .\CortexM3\ARM_GCC_541\Debug\FiltroDigital.a(ADC.o) (ADC_AMux_Select)
.\CortexM3\ARM_GCC_541\Debug\FiltroDigital.a(ADC_Ext_CP_Clk.o)
                              .\CortexM3\ARM_GCC_541\Debug\FiltroDigital.a(ADC.o) (ADC_Ext_CP_Clk_SetModeRegister)
.\CortexM3\ARM_GCC_541\Debug\FiltroDigital.a(ADC_theACLK.o)
                              .\CortexM3\ARM_GCC_541\Debug\FiltroDigital.a(ADC.o) (ADC_theACLK_SetModeRegister)
.\CortexM3\ARM_GCC_541\Debug\FiltroDigital.a(ISR_Data.o)
                              .\CortexM3\ARM_GCC_541\Debug\main.o (ISR_Data_StartEx)
.\CortexM3\ARM_GCC_541\Debug\FiltroDigital.a(DMA_OUT_dma.o)
                              .\CortexM3\ARM_GCC_541\Debug\main.o (DMA_OUT_DmaInitialize)
.\CortexM3\ARM_GCC_541\Debug\FiltroDigital.a(DMA_IN_dma.o)
                              .\CortexM3\ARM_GCC_541\Debug\main.o (DMA_IN_DmaInitialize)
.\CortexM3\ARM_GCC_541\Debug\FiltroDigital.a(CyBootAsmGnu.o)
                              .\CortexM3\ARM_GCC_541\Debug\FiltroDigital.a(CyLib.o) (CyDelayCycles)
.\CortexM3\ARM_GCC_541\Debug\FiltroDigital.a(CyFlash.o)
                              .\CortexM3\ARM_GCC_541\Debug\FiltroDigital.a(cyPm.o) (CyFlash_SetWaitCycles)
.\CortexM3\ARM_GCC_541\Debug\FiltroDigital.a(CySpc.o)
                              .\CortexM3\ARM_GCC_541\Debug\FiltroDigital.a(CyFlash.o) (CySpcStart)
c:/program files (x86)/cypress/psoc creator/4.2/psoc creator/import/gnu/arm/5.4.1/bin/../lib/gcc/arm-none-eabi/5.4.1/../../../../arm-none-eabi/lib/armv7-m\libm.a(lib_a-s_sin.o)
                              .\CortexM3\ARM_GCC_541\Debug\main.o (sin)
c:/program files (x86)/cypress/psoc creator/4.2/psoc creator/import/gnu/arm/5.4.1/bin/../lib/gcc/arm-none-eabi/5.4.1/../../../../arm-none-eabi/lib/armv7-m\libm.a(lib_a-e_rem_pio2.o)
                              c:/program files (x86)/cypress/psoc creator/4.2/psoc creator/import/gnu/arm/5.4.1/bin/../lib/gcc/arm-none-eabi/5.4.1/../../../../arm-none-eabi/lib/armv7-m\libm.a(lib_a-s_sin.o) (__ieee754_rem_pio2)
c:/program files (x86)/cypress/psoc creator/4.2/psoc creator/import/gnu/arm/5.4.1/bin/../lib/gcc/arm-none-eabi/5.4.1/../../../../arm-none-eabi/lib/armv7-m\libm.a(lib_a-k_cos.o)
                              c:/program files (x86)/cypress/psoc creator/4.2/psoc creator/import/gnu/arm/5.4.1/bin/../lib/gcc/arm-none-eabi/5.4.1/../../../../arm-none-eabi/lib/armv7-m\libm.a(lib_a-s_sin.o) (__kernel_cos)
c:/program files (x86)/cypress/psoc creator/4.2/psoc creator/import/gnu/arm/5.4.1/bin/../lib/gcc/arm-none-eabi/5.4.1/../../../../arm-none-eabi/lib/armv7-m\libm.a(lib_a-k_rem_pio2.o)
                              c:/program files (x86)/cypress/psoc creator/4.2/psoc creator/import/gnu/arm/5.4.1/bin/../lib/gcc/arm-none-eabi/5.4.1/../../../../arm-none-eabi/lib/armv7-m\libm.a(lib_a-e_rem_pio2.o) (__kernel_rem_pio2)
c:/program files (x86)/cypress/psoc creator/4.2/psoc creator/import/gnu/arm/5.4.1/bin/../lib/gcc/arm-none-eabi/5.4.1/../../../../arm-none-eabi/lib/armv7-m\libm.a(lib_a-k_sin.o)
[...]
Memory Configuration

Name             Origin             Length             Attributes
rom              0x00000000         0x00040000         xr
ram              0x1fff8000         0x00010000         xrw
*default*        0x00000000         0xffffffff

Linker script and memory map

LOAD c:/program files (x86)/cypress/psoc creator/4.2/psoc creator/import/gnu/arm/5.4.1/bin/../lib/gcc/arm-none-eabi/5.4.1/armv7-m/crti.o
LOAD c:/program files (x86)/cypress/psoc creator/4.2/psoc creator/import/gnu/arm/5.4.1/bin/../lib/gcc/arm-none-eabi/5.4.1/armv7-m/crtbegin.o
LOAD c:/program files (x86)/cypress/psoc creator/4.2/psoc creator/import/gnu/arm/5.4.1/bin/../lib/gcc/arm-none-eabi/5.4.1/../../../../arm-none-eabi/lib/armv7-m/crt0.o
START GROUP
LOAD .\CortexM3\ARM_GCC_541\Debug\main.o
LOAD .\CortexM3\ARM_GCC_541\Debug\cyfitter_cfg.o
LOAD .\CortexM3\ARM_GCC_541\Debug\cymetadata.o
LOAD .\CortexM3\ARM_GCC_541\Debug\Cm3Start.o
LOAD .\CortexM3\ARM_GCC_541\Debug\FiltroDigital.a
LOAD C:\Program Files (x86)\Cypress\PSoC Creator\4.2\PSoC Creator\psoc\content\cycomponentlibrary\CyComponentLibrary.cylib\CortexM3\ARM_GCC_541\Debug\CyComponentLibrary.a
LOAD c:/program files (x86)/cypress/psoc creator/4.2/psoc creator/import/gnu/arm/5.4.1/bin/../lib/gcc/arm-none-eabi/5.4.1/../../../../arm-none-eabi/lib/armv7-m\libm.a
END GROUP
START GROUP
LOAD c:/program files (x86)/cypress/psoc creator/4.2/psoc creator/import/gnu/arm/5.4.1/bin/../lib/gcc/arm-none-eabi/5.4.1/armv7-m\libgcc.a
LOAD c:/program files (x86)/cypress/psoc creator/4.2/psoc creator/import/gnu/arm/5.4.1/bin/../lib/gcc/arm-none-eabi/5.4.1/../../../../arm-none-eabi/lib/armv7-m\libg_nano.a
LOAD c:/program files (x86)/cypress/psoc creator/4.2/psoc creator/import/gnu/arm/5.4.1/bin/../lib/gcc/arm-none-eabi/5.4.1/../../../../arm-none-eabi/lib/armv7-m\libc_nano.a
END GROUP
START GROUP
LOAD c:/program files (x86)/cypress/psoc creator/4.2/psoc creator/import/gnu/arm/5.4.1/bin/../lib/gcc/arm-none-eabi/5.4.1/armv7-m\libgcc.a
LOAD c:/program files (x86)/cypress/psoc creator/4.2/psoc creator/import/gnu/arm/5.4.1/bin/../lib/gcc/arm-none-eabi/5.4.1/../../../../arm-none-eabi/lib/armv7-m\libc_nano.a
END GROUP
LOAD c:/program files (x86)/cypress/psoc creator/4.2/psoc creator/import/gnu/arm/5.4.1/bin/../lib/gcc/arm-none-eabi/5.4.1/armv7-m/crtend.o
LOAD c:/program files (x86)/cypress/psoc creator/4.2/psoc creator/import/gnu/arm/5.4.1/bin/../lib/gcc/arm-none-eabi/5.4.1/armv7-m/crtn.o
START GROUP
LOAD c:/program files (x86)/cypress/psoc creator/4.2/psoc creator/import/gnu/arm/5.4.1/bin/../lib/gcc/arm-none-eabi/5.4.1/armv7-m\libgcc.a
LOAD c:/program files (x86)/cypress/psoc creator/4.2/psoc creator/import/gnu/arm/5.4.1/bin/../lib/gcc/arm-none-eabi/5.4.1/../../../../arm-none-eabi/lib/armv7-m\libc.a
LOAD c:/program files (x86)/cypress/psoc creator/4.2/psoc creator/import/gnu/arm/5.4.1/bin/../lib/gcc/arm-none-eabi/5.4.1/../../../../arm-none-eabi/lib/armv7-m\libnosys.a
END GROUP
                0x00000000                CY_APPL_ORIGIN = 0x0
                0x00000100                CY_FLASH_ROW_SIZE = 0x100
                0x00000020                CY_ECC_ROW_SIZE = 0x20
                0x00000000                CY_EE_IN_BTLDR = 0x0
                0x00000000                CY_APPL_LOADABLE = 0x0
                0x00000800                CY_EE_SIZE = 0x800
                0x00000001                CY_APPL_NUM = 0x1
                0x00000001                CY_APPL_MAX = 0x1
                0x00000040                CY_METADATA_SIZE = 0x40
                0x00000000                CY_APPL_LOADABLE = 0x0
                0x00000000                CY_CHECKSUM_EXCLUDE_SIZE = ALIGN (0x0, CY_FLASH_ROW_SIZE)
                [!provide]                PROVIDE (__cy_heap_start, _end)
                0x00000001                PROVIDE (__cy_region_num, ((__cy_regions_end - __cy_regions) / 0x10))
                0x20008000                PROVIDE (__cy_stack, (ORIGIN (ram) + LENGTH (ram)))
                [!provide]                PROVIDE (__cy_heap_end, (__cy_stack - 0x800))

.cybootloader   0x00000000        0x0
 *(.cybootloader)
                0x00000000                appl1_start = CY_APPL_ORIGIN?CY_APPL_ORIGIN:ALIGN (CY_FLASH_ROW_SIZE)
                0x0001ff00                appl2_start = (appl1_start + ALIGN ((((LENGTH (rom) - appl1_start) - (0x2 * CY_FLASH_ROW_SIZE)) / 0x2), CY_FLASH_ROW_SIZE))
                0x00000000                appl_start = (CY_APPL_NUM == 0x1)?appl1_start:appl2_start
                0x00000000                ecc_offset = ((appl_start / CY_FLASH_ROW_SIZE) * CY_ECC_ROW_SIZE)
                0x00000000                ee_offset = (CY_APPL_LOADABLE && ! (CY_EE_IN_BTLDR))?((CY_EE_SIZE / CY_APPL_MAX) * (CY_APPL_NUM - 0x1)):0x0
                0x00000800                ee_size = (CY_APPL_LOADABLE && ! (CY_EE_IN_BTLDR))?(CY_EE_SIZE / CY_APPL_MAX):CY_EE_SIZE
                [!provide]                PROVIDE (CY_ECC_OFFSET, ecc_offset)

.text           0x00000000     0x3af6
 CREATE_OBJECT_SYMBOLS
                0x00000000                PROVIDE (__cy_interrupt_vector, RomVectors)
 *(.romvectors)
 .romvectors    0x00000000       0x10 .\CortexM3\ARM_GCC_541\Debug\Cm3Start.o
                0x00000000                RomVectors
                0x00000001                ASSERT ((. != __cy_interrupt_vector), No interrupt vector)
                0x00000001                ASSERT (CY_APPL_ORIGIN?(SIZEOF (.cybootloader) <= CY_APPL_ORIGIN):0x1, Wrong image location)
                0x00000010                PROVIDE (__cy_reset, Reset)
 *(.text.Reset)
 .text.Reset    0x00000010       0x18 .\CortexM3\ARM_GCC_541\Debug\Cm3Start.o
                0x00000010                Reset
                0x00000001                ASSERT ((. != __cy_reset), No reset code)
 *(.dma_init)
                0x00000001                ASSERT ((((appl_start + .) <= 0x10000) || 0x1), DMA Init must be within the first 64k of flash)
 *(.text .text.* .gnu.linkonce.t.*)
 .text          0x00000028       0x5c c:/program files (x86)/cypress/psoc creator/4.2/psoc creator/import/gnu/arm/5.4.1/bin/../lib/gcc/arm-none-eabi/5.4.1/armv7-m/crtbegin.o
 .text.Int_dato
                0x00000084       0xa4 .\CortexM3\ARM_GCC_541\Debug\main.o
                0x00000084                Int_dato
 .text.coeficientes
                0x00000128      0x294 .\CortexM3\ARM_GCC_541\Debug\main.o
                0x00000128                coeficientes
 .text.visual   0x000003bc       0xc4 .\CortexM3\ARM_GCC_541\Debug\main.o
                0x000003bc                visual
 .text.Int_SW   0x00000480      0x18c .\CortexM3\ARM_GCC_541\Debug\main.o
                0x00000480                Int_SW
 .text.main     0x0000060c       0xfc .\CortexM3\ARM_GCC_541\Debug\main.o
                0x0000060c                main
 .text.cfg_write_bytes32
                0x00000708       0x34 .\CortexM3\ARM_GCC_541\Debug\cyfitter_cfg.o
 .text.AnalogSetDefault
                0x0000073c       0x44 .\CortexM3\ARM_GCC_541\Debug\cyfitter_cfg.o
 .text.CYMEMZERO
                0x00000780        0xc .\CortexM3\ARM_GCC_541\Debug\cyfitter_cfg.o
 .text.CYCONFIGCPY
                0x0000078c        0x8 .\CortexM3\ARM_GCC_541\Debug\cyfitter_cfg.o
 .text.ClockSetup
                0x00000794       0xa8 .\CortexM3\ARM_GCC_541\Debug\cyfitter_cfg.o
 .text.ADC_AMux_Set
                0x0000083c       0x1c .\CortexM3\ARM_GCC_541\Debug\cyfitter_cfg.o
                0x0000083c                ADC_AMux_Set
 .text.ADC_AMux_Unset
                0x00000858       0x1c .\CortexM3\ARM_GCC_541\Debug\cyfitter_cfg.o
                0x00000858                ADC_AMux_Unset
 .text.cyfitter_cfg
                0x00000874      0x14c .\CortexM3\ARM_GCC_541\Debug\cyfitter_cfg.o
                0x00000874                cyfitter_cfg
 .text.IntDefaultHandler
                0x000009c0       0x10 .\CortexM3\ARM_GCC_541\Debug\Cm3Start.o
                0x000009c0                IntDefaultHandler
 .text.Start_c  0x000009d0       0x4c .\CortexM3\ARM_GCC_541\Debug\Cm3Start.o
                0x000009d0                Start_c
 .text.initialize_psoc
                0x00000a1c       0x6c .\CortexM3\ARM_GCC_541\Debug\Cm3Start.o
                0x00000a1c                initialize_psoc
 .text.P0_Read  0x00000a88        0xc .\CortexM3\ARM_GCC_541\Debug\FiltroDigital.a(P0.o)
                0x00000a88                P0_Read
 .text.CyDmacConfigure
                0x00000a94       0x34 .\CortexM3\ARM_GCC_541\Debug\FiltroDigital.a(CyDmac.o)
                0x00000a94                CyDmacConfigure
 .text.CyDmaChEnable
                0x00000ac8       0x38 .\CortexM3\ARM_GCC_541\Debug\FiltroDigital.a(CyDmac.o)
                0x00000ac8                CyDmaChEnable
 .text.CyDmaChPriority
                0x00000b00       0x24 .\CortexM3\ARM_GCC_541\Debug\FiltroDigital.a(CyDmac.o)
                0x00000b00                CyDmaChPriority
 .text.CyDmaChSetExtendedAddress
                0x00000b24       0x34 .\CortexM3\ARM_GCC_541\Debug\FiltroDigital.a(CyDmac.o)
                0x00000b24                CyDmaChSetExtendedAddress
 .text.CyDmaChSetInitialTd
                0x00000b58       0x18 .\CortexM3\ARM_GCC_541\Debug\FiltroDigital.a(CyDmac.o)
                0x00000b58                CyDmaChSetInitialTd
 .text.CyDmaChSetConfiguration
                0x00000b70       0x44 .\CortexM3\ARM_GCC_541\Debug\FiltroDigital.a(CyDmac.o)
                0x00000b70                CyDmaChSetConfiguration
 .text.CyDmaTdAllocate
                0x00000bb4       0x34 .\CortexM3\ARM_GCC_541\Debug\FiltroDigital.a(CyDmac.o)
                0x00000bb4                CyDmaTdAllocate
 .text.CyDmaTdSetConfiguration
                0x00000be8       0x28 .\CortexM3\ARM_GCC_541\Debug\FiltroDigital.a(CyDmac.o)
                0x00000be8                CyDmaTdSetConfiguration
 .text.CyDmaTdSetAddress
                0x00000c10       0x1c .\CortexM3\ARM_GCC_541\Debug\FiltroDigital.a(CyDmac.o)
                0x00000c10                CyDmaTdSetAddress
 .text.CyHalt   0x00000c2c        0x4 .\CortexM3\ARM_GCC_541\Debug\FiltroDigital.a(CyLib.o)
                0x00000c2c                CyHalt
 .text.CyDelay  0x00000c30       0x2c .\CortexM3\ARM_GCC_541\Debug\FiltroDigital.a(CyLib.o)
                0x00000c30                CyDelay
 .text.CyDelayUs
                0x00000c5c       0x14 .\CortexM3\ARM_GCC_541\Debug\FiltroDigital.a(CyLib.o)
                0x00000c5c                CyDelayUs
 .text.CyIntSetVector
                0x00000c70       0x28 .\CortexM3\ARM_GCC_541\Debug\FiltroDigital.a(CyLib.o)
                0x00000c70                CyIntSetVector
 .text.CyIntSetPriority
                0x00000c98       0x30 .\CortexM3\ARM_GCC_541\Debug\FiltroDigital.a(CyLib.o)
                0x00000c98                CyIntSetPriority
 .text.SW_Read  0x00000cc8       0x10 .\CortexM3\ARM_GCC_541\Debug\FiltroDigital.a(SW.o)
                0x00000cc8                SW_Read
 .text.SW_ClearInterrupt
                0x00000cd8       0x10 .\CortexM3\ARM_GCC_541\Debug\FiltroDigital.a(SW.o)
                0x00000cd8                SW_ClearInterrupt
 .text.LCD_WrCntrlNib
                0x00000ce8       0x34 .\CortexM3\ARM_GCC_541\Debug\FiltroDigital.a(LCD.o)
 .text.LCD_WrDatNib
                0x00000d1c       0x44 .\CortexM3\ARM_GCC_541\Debug\FiltroDigital.a(LCD.o)
 .text.LCD_IsReady
                0x00000d60       0xe4 .\CortexM3\ARM_GCC_541\Debug\FiltroDigital.a(LCD.o)
                0x00000d60                LCD_IsReady
 .text.LCD_WriteData
                0x00000e44       0x18 .\CortexM3\ARM_GCC_541\Debug\FiltroDigital.a(LCD.o)
                0x00000e44                LCD_WriteData
 .text.LCD_PrintString
                0x00000e5c       0x1c .\CortexM3\ARM_GCC_541\Debug\FiltroDigital.a(LCD.o)
                0x00000e5c                LCD_PrintString
 .text.LCD_WriteControl
                0x00000e78       0x18 .\CortexM3\ARM_GCC_541\Debug\FiltroDigital.a(LCD.o)
                0x00000e78                LCD_WriteControl
 .text.LCD_Init
                0x00000e90       0x74 .\CortexM3\ARM_GCC_541\Debug\FiltroDigital.a(LCD.o)
                0x00000e90                LCD_Init
 .text.LCD_Enable
                0x00000f04       0x14 .\CortexM3\ARM_GCC_541\Debug\FiltroDigital.a(LCD.o)
                0x00000f04                LCD_Enable
 .text.LCD_Start
                0x00000f18       0x1c .\CortexM3\ARM_GCC_541\Debug\FiltroDigital.a(LCD.o)
                0x00000f18                LCD_Start
 .text.LCD_Position
                0x00000f34       0x3c .\CortexM3\ARM_GCC_541\Debug\FiltroDigital.a(LCD.o)
                0x00000f34                LCD_Position
 .text.LCD_PrintU32Number
                0x00000f70       0x64 .\CortexM3\ARM_GCC_541\Debug\FiltroDigital.a(LCD.o)
                0x00000f70                LCD_PrintU32Number
 .text.LCD_LoadCustomFonts
                0x00000fd4       0x2c .\CortexM3\ARM_GCC_541\Debug\FiltroDigital.a(LCD_CustChars.o)
                0x00000fd4                LCD_LoadCustomFonts
 .text.ISR_SW_SetVector
                0x00001000        0xc .\CortexM3\ARM_GCC_541\Debug\FiltroDigital.a(ISR_SW.o)
                0x00001000                ISR_SW_SetVector
 .text.ISR_SW_SetPriority
                0x0000100c       0x10 .\CortexM3\ARM_GCC_541\Debug\FiltroDigital.a(ISR_SW.o)
                0x0000100c                ISR_SW_SetPriority
 .text.ISR_SW_Enable
                0x0000101c        0xc .\CortexM3\ARM_GCC_541\Debug\FiltroDigital.a(ISR_SW.o)
                0x0000101c                ISR_SW_Enable
 .text.ISR_SW_Disable
                0x00001028        0xc .\CortexM3\ARM_GCC_541\Debug\FiltroDigital.a(ISR_SW.o)
                0x00001028                ISR_SW_Disable
 .text.ISR_SW_StartEx
                0x00001034       0x1c .\CortexM3\ARM_GCC_541\Debug\FiltroDigital.a(ISR_SW.o)
                0x00001034                ISR_SW_StartEx
 .text.Control_Write
                0x00001050        0xc .\CortexM3\ARM_GCC_541\Debug\FiltroDigital.a(Control.o)
                0x00001050                Control_Write
 .text.ADC_GainCompensation
                0x0000105c       0xdc .\CortexM3\ARM_GCC_541\Debug\FiltroDigital.a(ADC.o)
 .text.ADC_SetDSMRef0Reg
                0x00001138       0x4c .\CortexM3\ARM_GCC_541\Debug\FiltroDigital.a(ADC.o)
 .text.ADC_InitConfig
                0x00001184       0xdc .\CortexM3\ARM_GCC_541\Debug\FiltroDigital.a(ADC.o)
 .text.ADC_Init
                0x00001260       0xc4 .\CortexM3\ARM_GCC_541\Debug\FiltroDigital.a(ADC.o)
                0x00001260                ADC_Init
 .text.ADC_Enable
                0x00001324       0xd8 .\CortexM3\ARM_GCC_541\Debug\FiltroDigital.a(ADC.o)
                0x00001324                ADC_Enable
 .text.ADC_Start
                0x000013fc       0x28 .\CortexM3\ARM_GCC_541\Debug\FiltroDigital.a(ADC.o)
                0x000013fc                ADC_Start
 .text.ADC_Stop
                0x00001424       0xe4 .\CortexM3\ARM_GCC_541\Debug\FiltroDigital.a(ADC.o)
                0x00001424                ADC_Stop
 .text.ADC_StartConvert
                0x00001508       0x10 .\CortexM3\ARM_GCC_541\Debug\FiltroDigital.a(ADC.o)
                0x00001508                ADC_StartConvert
 .text.ADC_StopConvert
                0x00001518       0x10 .\CortexM3\ARM_GCC_541\Debug\FiltroDigital.a(ADC.o)
                0x00001518                ADC_StopConvert
 .text.ADC_ISR1
                0x00001528        0x4 .\CortexM3\ARM_GCC_541\Debug\FiltroDigital.a(ADC_INT.o)
                0x00001528                ADC_ISR1
 .text.DAC_Enable
                0x0000152c       0x1c .\CortexM3\ARM_GCC_541\Debug\FiltroDigital.a(DAC.o)
                0x0000152c                DAC_Enable
 .text.DAC_SetSpeed
                0x00001548       0x1c .\CortexM3\ARM_GCC_541\Debug\FiltroDigital.a(DAC.o)
                0x00001548                DAC_SetSpeed
 .text.DAC_SetValue
                0x00001564        0xc .\CortexM3\ARM_GCC_541\Debug\FiltroDigital.a(DAC.o)
                0x00001564                DAC_SetValue
 .text.DAC_DacTrim
                0x00001570       0x24 .\CortexM3\ARM_GCC_541\Debug\FiltroDigital.a(DAC.o)
                0x00001570                DAC_DacTrim
 .text.DAC_SetRange
                0x00001594       0x20 .\CortexM3\ARM_GCC_541\Debug\FiltroDigital.a(DAC.o)
                0x00001594                DAC_SetRange
 .text.DAC_Init
                0x000015b4       0x20 .\CortexM3\ARM_GCC_541\Debug\FiltroDigital.a(DAC.o)
                0x000015b4                DAC_Init
 .text.DAC_Start
                0x000015d4       0x24 .\CortexM3\ARM_GCC_541\Debug\FiltroDigital.a(DAC.o)
                0x000015d4                DAC_Start
 .text.ADC_AMux_Start
                0x000015f8       0x20 .\CortexM3\ARM_GCC_541\Debug\FiltroDigital.a(ADC_AMux.o)
                0x000015f8                ADC_AMux_Start
 .text.ADC_AMux_Select
                0x00001618       0x18 .\CortexM3\ARM_GCC_541\Debug\FiltroDigital.a(ADC_AMux.o)
                0x00001618                ADC_AMux_Select
 .text.ADC_Ext_CP_Clk_GetDividerRegister
                0x00001630        0xc .\CortexM3\ARM_GCC_541\Debug\FiltroDigital.a(ADC_Ext_CP_Clk.o)
                0x00001630                ADC_Ext_CP_Clk_GetDividerRegister
 .text.ADC_Ext_CP_Clk_SetModeRegister
                0x0000163c       0x14 .\CortexM3\ARM_GCC_541\Debug\FiltroDigital.a(ADC_Ext_CP_Clk.o)
                0x0000163c                ADC_Ext_CP_Clk_SetModeRegister
 .text.ADC_Ext_CP_Clk_GetSourceRegister
                0x00001650       0x10 .\CortexM3\ARM_GCC_541\Debug\FiltroDigital.a(ADC_Ext_CP_Clk.o)
                0x00001650                ADC_Ext_CP_Clk_GetSourceRegister
 .text.ADC_Ext_CP_Clk_SetDividerRegister
                0x00001660       0xd8 .\CortexM3\ARM_GCC_541\Debug\FiltroDigital.a(ADC_Ext_CP_Clk.o)
                0x00001660                ADC_Ext_CP_Clk_SetDividerRegister
 .text.ADC_theACLK_GetDividerRegister
                0x00001738        0xc .\CortexM3\ARM_GCC_541\Debug\FiltroDigital.a(ADC_theACLK.o)
                0x00001738                ADC_theACLK_GetDividerRegister
 .text.ADC_theACLK_SetModeRegister
                0x00001744       0x14 .\CortexM3\ARM_GCC_541\Debug\FiltroDigital.a(ADC_theACLK.o)
                0x00001744                ADC_theACLK_SetModeRegister
 .text.ADC_theACLK_GetSourceRegister
                0x00001758       0x10 .\CortexM3\ARM_GCC_541\Debug\FiltroDigital.a(ADC_theACLK.o)
                0x00001758                ADC_theACLK_GetSourceRegister
 .text.ADC_theACLK_SetDividerRegister
                0x00001768       0xd8 .\CortexM3\ARM_GCC_541\Debug\FiltroDigital.a(ADC_theACLK.o)
                0x00001768                ADC_theACLK_SetDividerRegister
 .text.ISR_Data_SetVector
                0x00001840        0xc .\CortexM3\ARM_GCC_541\Debug\FiltroDigital.a(ISR_Data.o)
                0x00001840                ISR_Data_SetVector
 .text.ISR_Data_SetPriority
                0x0000184c       0x10 .\CortexM3\ARM_GCC_541\Debug\FiltroDigital.a(ISR_Data.o)
                0x0000184c                ISR_Data_SetPriority
 .text.ISR_Data_Enable
                0x0000185c        0xc .\CortexM3\ARM_GCC_541\Debug\FiltroDigital.a(ISR_Data.o)
                0x0000185c                ISR_Data_Enable
 .text.ISR_Data_Disable
                0x00001868        0xc .\CortexM3\ARM_GCC_541\Debug\FiltroDigital.a(ISR_Data.o)
                0x00001868                ISR_Data_Disable
 .text.ISR_Data_StartEx
                0x00001874       0x1c .\CortexM3\ARM_GCC_541\Debug\FiltroDigital.a(ISR_Data.o)
                0x00001874                ISR_Data_StartEx
 .text.DMA_OUT_DmaInitialize
                0x00001890       0x3c .\CortexM3\ARM_GCC_541\Debug\FiltroDigital.a(DMA_OUT_dma.o)
                0x00001890                DMA_OUT_DmaInitialize
 .text.DMA_IN_DmaInitialize
                0x000018cc       0x3c .\CortexM3\ARM_GCC_541\Debug\FiltroDigital.a(DMA_IN_dma.o)
                0x000018cc                DMA_IN_DmaInitialize
 .text          0x00001908       0x20 .\CortexM3\ARM_GCC_541\Debug\FiltroDigital.a(CyBootAsmGnu.o)
                0x00001908                CyDelayCycles
                0x00001918                CyEnterCriticalSection
                0x00001920                CyExitCriticalSection
 .text.sin      0x00001928       0x90 c:/program files (x86)/cypress/psoc creator/4.2/psoc creator/import/gnu/arm/5.4.1/bin/../lib/gcc/arm-none-eabi/5.4.1/../../../../arm-none-eabi/lib/armv7-m\libm.a(lib_a-s_sin.o)
                0x00001928                sin
 .text.__ieee754_rem_pio2
                0x000019b8      0x42c c:/program files (x86)/cypress/psoc creator/4.2/psoc creator/import/gnu/arm/5.4.1/bin/../lib/gcc/arm-none-eabi/5.4.1/../../../../arm-none-eabi/lib/armv7-m\libm.a(lib_a-e_rem_pio2.o)
                0x000019b8                __ieee754_rem_pio2
 *fill*         0x00001de4        0x4 
 .text.__kernel_cos
                0x00001de8      0x248 c:/program files (x86)/cypress/psoc creator/4.2/psoc creator/import/gnu/arm/5.4.1/bin/../lib/gcc/arm-none-eabi/5.4.1/../../../../arm-none-eabi/lib/armv7-m\libm.a(lib_a-k_cos.o)
                0x00001de8                __kernel_cos
 .text.__kernel_rem_pio2
                0x00002030      0x7f0 c:/program files (x86)/cypress/psoc creator/4.2/psoc creator/import/gnu/arm/5.4.1/bin/../lib/gcc/arm-none-eabi/5.4.1/../../../../arm-none-eabi/lib/armv7-m\libm.a(lib_a-k_rem_pio2.o)
                0x00002030                __kernel_rem_pio2
 .text.__kernel_sin
                0x00002820      0x16c c:/program files (x86)/cypress/psoc creator/4.2/psoc creator/import/gnu/arm/5.4.1/bin/../lib/gcc/arm-none-eabi/5.4.1/../../../../arm-none-eabi/lib/armv7-m\libm.a(lib_a-k_sin.o)
                0x00002820                __kernel_sin
 .text.fabs     0x0000298c        0x8 c:/program files (x86)/cypress/psoc creator/4.2/psoc creator/import/gnu/arm/5.4.1/bin/../lib/gcc/arm-none-eabi/5.4.1/../../../../arm-none-eabi/lib/armv7-m\libm.a(lib_a-s_fabs.o)
                0x0000298c                fabs
 *fill*         0x00002994        0x4 
 .text.floor    0x00002998      0x110 c:/program files (x86)/cypress/psoc creator/4.2/psoc creator/import/gnu/arm/5.4.1/bin/../lib/gcc/arm-none-eabi/5.4.1/../../../../arm-none-eabi/lib/armv7-m\libm.a(lib_a-s_floor.o)
                0x00002998                floor
 .text.scalbn   0x00002aa8       0xe4 c:/program files (x86)/cypress/psoc creator/4.2/psoc creator/import/gnu/arm/5.4.1/bin/../lib/gcc/arm-none-eabi/5.4.1/../../../../arm-none-eabi/lib/armv7-m\libm.a(lib_a-s_scalbn.o)
                0x00002aa8                scalbn
 .text.copysign
                0x00002b8c       0x10 c:/program files (x86)/cypress/psoc creator/4.2/psoc creator/import/gnu/arm/5.4.1/bin/../lib/gcc/arm-none-eabi/5.4.1/../../../../arm-none-eabi/lib/armv7-m\libm.a(lib_a-s_copysign.o)
                0x00002b8c                copysign
 .text          0x00002b9c      0x370 c:/program files (x86)/cypress/psoc creator/4.2/psoc creator/import/gnu/arm/5.4.1/bin/../lib/gcc/arm-none-eabi/5.4.1/armv7-m\libgcc.a(_arm_addsubdf3.o)
                0x00002b9c                __aeabi_drsub
                0x00002ba4                __aeabi_dsub
                0x00002ba4                __subdf3
                0x00002ba8                __aeabi_dadd
                0x00002ba8                __adddf3
                0x00002e20                __floatunsidf
                0x00002e20                __aeabi_ui2d
                0x00002e40                __floatsidf
                0x00002e40                __aeabi_i2d
                0x00002e64                __aeabi_f2d
                0x00002e64                __extendsfdf2
                0x00002ea0                __floatundidf
                0x00002ea0                __aeabi_ul2d
                0x00002eb0                __floatdidf
                0x00002eb0                __aeabi_l2d
 .text          0x00002f0c      0x424 c:/program files (x86)/cypress/psoc creator/4.2/psoc creator/import/gnu/arm/5.4.1/bin/../lib/gcc/arm-none-eabi/5.4.1/armv7-m\libgcc.a(_arm_muldivdf3.o)
                0x00002f0c                __aeabi_dmul
                0x00002f0c                __muldf3
                0x00003160                __divdf3
                0x00003160                __aeabi_ddiv
 .text          0x00003330      0x110 c:/program files (x86)/cypress/psoc creator/4.2/psoc creator/import/gnu/arm/5.4.1/bin/../lib/gcc/arm-none-eabi/5.4.1/armv7-m\libgcc.a(_arm_cmpdf2.o)
                0x00003330                __gtdf2
                0x00003330                __gedf2
                0x00003338                __ltdf2
                0x00003338                __ledf2
                0x00003340                __nedf2
                0x00003340                __eqdf2
                0x00003340                __cmpdf2
                0x000033bc                __aeabi_cdrcmple
                0x000033cc                __aeabi_cdcmpeq
                0x000033cc                __aeabi_cdcmple
                0x000033dc                __aeabi_dcmpeq
                0x000033f0                __aeabi_dcmplt
                0x00003404                __aeabi_dcmple
                0x00003418                __aeabi_dcmpge
                0x0000342c                __aeabi_dcmpgt
 .text          0x00003440       0x50 c:/program files (x86)/cypress/psoc creator/4.2/psoc creator/import/gnu/arm/5.4.1/bin/../lib/gcc/arm-none-eabi/5.4.1/armv7-m\libgcc.a(_arm_fixdfsi.o)
                0x00003440                __aeabi_d2iz
                0x00003440                __fixdfsi
 .text          0x00003490       0xa0 c:/program files (x86)/cypress/psoc creator/4.2/psoc creator/import/gnu/arm/5.4.1/bin/../lib/gcc/arm-none-eabi/5.4.1/armv7-m\libgcc.a(_arm_truncdfsf2.o)
                0x00003490                __truncdfsf2
                0x00003490                __aeabi_d2f
 .text          0x00003530      0x21c c:/program files (x86)/cypress/psoc creator/4.2/psoc creator/import/gnu/arm/5.4.1/bin/../lib/gcc/arm-none-eabi/5.4.1/armv7-m\libgcc.a(_arm_addsubsf3.o)
                0x00003530                __aeabi_frsub
                0x00003538                __subsf3
                0x00003538                __aeabi_fsub
                0x0000353c                __aeabi_fadd
                0x0000353c                __addsf3
                0x0000369c                __aeabi_ui2f
                0x0000369c                __floatunsisf
                0x000036a4                __aeabi_i2f
                0x000036a4                __floatsisf
                0x000036c0                __aeabi_ul2f
                0x000036c0                __floatundisf
                0x000036d0                __aeabi_l2f
                0x000036d0                __floatdisf
 .text          0x0000374c      0x2a0 c:/program files (x86)/cypress/psoc creator/4.2/psoc creator/import/gnu/arm/5.4.1/bin/../lib/gcc/arm-none-eabi/5.4.1/armv7-m\libgcc.a(_arm_muldivsf3.o)
                0x0000374c                __mulsf3
                0x0000374c                __aeabi_fmul
                0x000038b4                __aeabi_fdiv
                0x000038b4                __divsf3
 .text          0x000039ec       0x4c c:/program files (x86)/cypress/psoc creator/4.2/psoc creator/import/gnu/arm/5.4.1/bin/../lib/gcc/arm-none-eabi/5.4.1/armv7-m\libgcc.a(_arm_fixsfsi.o)
                0x000039ec                __aeabi_f2iz
                0x000039ec                __fixsfsi
 .text          0x00003a38       0x40 c:/program files (x86)/cypress/psoc creator/4.2/psoc creator/import/gnu/arm/5.4.1/bin/../lib/gcc/arm-none-eabi/5.4.1/armv7-m\libgcc.a(_arm_fixunssfsi.o)
                0x00003a38                __fixunssfsi
                0x00003a38                __aeabi_f2uiz
 .text.__errno  0x00003a78        0xc c:/program files (x86)/cypress/psoc creator/4.2/psoc creator/import/gnu/arm/5.4.1/bin/../lib/gcc/arm-none-eabi/5.4.1/../../../../arm-none-eabi/lib/armv7-m\libg_nano.a(lib_a-errno.o)
                0x00003a78                __errno
 .text.__libc_init_array
                0x00003a84       0x4c c:/program files (x86)/cypress/psoc creator/4.2/psoc creator/import/gnu/arm/5.4.1/bin/../lib/gcc/arm-none-eabi/5.4.1/../../../../arm-none-eabi/lib/armv7-m\libg_nano.a(lib_a-init.o)
                0x00003a84                __libc_init_array
 .text.memcpy   0x00003ad0       0x16 c:/program files (x86)/cypress/psoc creator/4.2/psoc creator/import/gnu/arm/5.4.1/bin/../lib/gcc/arm-none-eabi/5.4.1/../../../../arm-none-eabi/lib/armv7-m\libg_nano.a(lib_a-memcpy-stub.o)
                0x00003ad0                memcpy
 .text.memset   0x00003ae6       0x10 c:/program files (x86)/cypress/psoc creator/4.2/psoc creator/import/gnu/arm/5.4.1/bin/../lib/gcc/arm-none-eabi/5.4.1/../../../../arm-none-eabi/lib/armv7-m\libg_nano.a(lib_a-memset.o)
                0x00003ae6                memset
 *(.plt)
 *(.gnu.warning)
 *(.glue_7t)
 .glue_7t       0x00003af6        0x0 linker stubs
 *(.glue_7)
 .glue_7        0x00003af6        0x0 linker stubs
 *(.vfp11_veneer)
 .vfp11_veneer  0x00003af6        0x0 linker stubs
 *(.bootloader)
 *(.ARM.extab* .gnu.linkonce.armextab.*)
 *(.gcc_except_table)

.v4_bx          0x00003af8        0x0
 .v4_bx         0x00003af8        0x0 linker stubs

.iplt           0x00003af8        0x0
 .iplt          0x00003af8        0x0 c:/program files (x86)/cypress/psoc creator/4.2/psoc creator/import/gnu/arm/5.4.1/bin/../lib/gcc/arm-none-eabi/5.4.1/armv7-m/crtbegin.o

.eh_frame_hdr
 *(.eh_frame_hdr)

.eh_frame       0x00003af8        0x4
 *(.eh_frame)
 .eh_frame      0x00003af8        0x0 c:/program files (x86)/cypress/psoc creator/4.2/psoc creator/import/gnu/arm/5.4.1/bin/../lib/gcc/arm-none-eabi/5.4.1/armv7-m/crtbegin.o
 .eh_frame      0x00003af8        0x4 c:/program files (x86)/cypress/psoc creator/4.2/psoc creator/import/gnu/arm/5.4.1/bin/../lib/gcc/arm-none-eabi/5.4.1/armv7-m/crtend.o
                [!provide]                PROVIDE (__exidx_start, .)

.ARM.exidx
 *(.ARM.exidx* .gnu.linkonce.armexidx.*)
                0x00003afc                __exidx_end = .

.rodata         0x00003b00      0x2f0
 *(.rodata .rodata.* .gnu.linkonce.r.*)
 .rodata.str1.4
                0x00003b00       0x58 .\CortexM3\ARM_GCC_541\Debug\main.o
                                 0x56 (size before relaxing)
 .rodata        0x00003b58       0x42 .\CortexM3\ARM_GCC_541\Debug\cyfitter_cfg.o
                0x00003b58                ADC_AMux__addrTable
                0x00003b60                ADC_AMux__maskTable
 *fill*         0x00003b9a        0x2 
 .rodata        0x00003b9c       0x40 .\CortexM3\ARM_GCC_541\Debug\FiltroDigital.a(LCD_CustChars.o)
                0x00003b9c                LCD_customFonts
 .rodata.npio2_hw
                0x00003bdc       0x80 c:/program files (x86)/cypress/psoc creator/4.2/psoc creator/import/gnu/arm/5.4.1/bin/../lib/gcc/arm-none-eabi/5.4.1/../../../../arm-none-eabi/lib/armv7-m\libm.a(lib_a-e_rem_pio2.o)
 .rodata.two_over_pi
                0x00003c5c      0x108 c:/program files (x86)/cypress/psoc creator/4.2/psoc creator/import/gnu/arm/5.4.1/bin/../lib/gcc/arm-none-eabi/5.4.1/../../../../arm-none-eabi/lib/armv7-m\libm.a(lib_a-e_rem_pio2.o)
 .rodata.init_jk
                0x00003d64       0x10 c:/program files (x86)/cypress/psoc creator/4.2/psoc creator/import/gnu/arm/5.4.1/bin/../lib/gcc/arm-none-eabi/5.4.1/../../../../arm-none-eabi/lib/armv7-m\libm.a(lib_a-k_rem_pio2.o)
 *fill*         0x00003d74        0x4 
 .rodata.PIo2   0x00003d78       0x40 c:/program files (x86)/cypress/psoc creator/4.2/psoc creator/import/gnu/arm/5.4.1/bin/../lib/gcc/arm-none-eabi/5.4.1/../../../../arm-none-eabi/lib/armv7-m\libm.a(lib_a-k_rem_pio2.o)
 .rodata.str1.1
                0x00003db8        0x2 c:/program files (x86)/cypress/psoc creator/4.2/psoc creator/import/gnu/arm/5.4.1/bin/../lib/gcc/arm-none-eabi/5.4.1/../../../../arm-none-eabi/lib/armv7-m\libg_nano.a(lib_a-impure.o)
                0x00003dbc                . = ALIGN (0x4)
 *fill*         0x00003dba        0x2 
 *(.init)
 .init          0x00003dbc        0x4 c:/program files (x86)/cypress/psoc creator/4.2/psoc creator/import/gnu/arm/5.4.1/bin/../lib/gcc/arm-none-eabi/5.4.1/armv7-m/crti.o
                0x00003dbc                _init
 .init          0x00003dc0        0x8 c:/program files (x86)/cypress/psoc creator/4.2/psoc creator/import/gnu/arm/5.4.1/bin/../lib/gcc/arm-none-eabi/5.4.1/armv7-m/crtn.o
                0x00003dc8                . = ALIGN (0x4)
                0x00003dc8                __preinit_array_start = .
 *(.preinit_array)
                0x00003dc8                __preinit_array_end = .
                0x00003dc8                . = ALIGN (0x4)
                0x00003dc8                __init_array_start = .
 *(SORT(.init_array.*))
 *(.init_array)
 .init_array    0x00003dc8        0x4 c:/program files (x86)/cypress/psoc creator/4.2/psoc creator/import/gnu/arm/5.4.1/bin/../lib/gcc/arm-none-eabi/5.4.1/armv7-m/crtbegin.o
 .init_array    0x00003dcc        0x4 .\CortexM3\ARM_GCC_541\Debug\Cm3Start.o
                0x00003dd0                __init_array_end = .
                0x00003dd0                . = ALIGN (0x4)
 *(.fini)
 .fini          0x00003dd0        0x4 c:/program files (x86)/cypress/psoc creator/4.2/psoc creator/import/gnu/arm/5.4.1/bin/../lib/gcc/arm-none-eabi/5.4.1/armv7-m/crti.o
                0x00003dd0                _fini
 .fini          0x00003dd4        0x8 c:/program files (x86)/cypress/psoc creator/4.2/psoc creator/import/gnu/arm/5.4.1/bin/../lib/gcc/arm-none-eabi/5.4.1/armv7-m/crtn.o
                0x00003ddc                . = ALIGN (0x4)
                0x00003ddc                __fini_array_start = .
 *(.fini_array)
 .fini_array    0x00003ddc        0x4 c:/program files (x86)/cypress/psoc creator/4.2/psoc creator/import/gnu/arm/5.4.1/bin/../lib/gcc/arm-none-eabi/5.4.1/armv7-m/crtbegin.o
 *(SORT(.fini_array.*))
                0x00003de0                __fini_array_end = .
                0x00003de0                . = ALIGN (0x4)
 *crtbegin.o(.ctors)
 *(EXCLUDE_FILE(*crtend.o) .ctors)
 *(SORT(.ctors.*))
 *crtend.o(.ctors)
                0x00003de0                . = ALIGN (0x4)
 *crtbegin.o(.dtors)
 *(EXCLUDE_FILE(*crtend.o) .dtors)
 *(SORT(.dtors.*))
 *crtend.o(.dtors)
                0x00003de0                . = ALIGN (0x4)
                0x00003de0                __cy_regions = .
                0x00003de0        0x4 LONG 0x3df0 __cy_region_init_ram
                0x00003de4        0x4 LONG 0x1fff80c8 __cy_region_start_data
                0x00003de8        0x4 LONG 0x88 __cy_region_init_size_ram
                0x00003dec        0x4 LONG 0x27c0 __cy_region_zero_size_ram
                0x00003df0                __cy_regions_end = .
                0x00003df0                . = ALIGN (0x8)
                0x00003df0                _etext = .

.cy_checksum_exclude
                0x00003df0        0x0
 *(.cy_checksum_exclude)

.ramvectors     0x1fff8000       0xc0
                0x1fff8000                __cy_region_start_ram = .
 *(.ramvectors)
 .ramvectors    0x1fff8000       0xc0 .\CortexM3\ARM_GCC_541\Debug\Cm3Start.o
                0x1fff8000                CyRamVectors

.noinit         0x1fff80c0        0x1
 *(.noinit)
 .noinit        0x1fff80c0        0x1 .\CortexM3\ARM_GCC_541\Debug\FiltroDigital.a(CyLib.o)
                0x1fff80c0                CyResetStatus

.data           0x1fff80c8       0x88 load address 0x00003df0
                0x1fff80c8                __cy_region_start_data = .
 *(.jcr)
 .jcr           0x1fff80c8        0x0 c:/program files (x86)/cypress/psoc creator/4.2/psoc creator/import/gnu/arm/5.4.1/bin/../lib/gcc/arm-none-eabi/5.4.1/armv7-m/crtbegin.o
 .jcr           0x1fff80c8        0x4 c:/program files (x86)/cypress/psoc creator/4.2/psoc creator/import/gnu/arm/5.4.1/bin/../lib/gcc/arm-none-eabi/5.4.1/armv7-m/crtend.o
 *(.got.plt)
 *(.got)
 *(.shdata)
 *(.data .data.* .gnu.linkonce.d.*)
 .data          0x1fff80cc        0x4 .\CortexM3\ARM_GCC_541\Debug\main.o
                0x1fff80cc                frecuencia
 .data          0x1fff80d0        0x8 .\CortexM3\ARM_GCC_541\Debug\FiltroDigital.a(CyDmac.o)
 .data          0x1fff80d8       0x10 .\CortexM3\ARM_GCC_541\Debug\FiltroDigital.a(CyLib.o)
                0x1fff80d8                cydelay_32k_ms
                0x1fff80dc                cydelay_freq_khz
                0x1fff80e0                cydelay_freq_mhz
                0x1fff80e4                cydelay_freq_hz
 .data          0x1fff80e8        0x1 .\CortexM3\ARM_GCC_541\Debug\FiltroDigital.a(ADC.o)
                0x1fff80e8                ADC_Config
 .data          0x1fff80e9        0x1 .\CortexM3\ARM_GCC_541\Debug\FiltroDigital.a(ADC_AMux.o)
 .data          0x1fff80ea        0x1 .\CortexM3\ARM_GCC_541\Debug\FiltroDigital.a(DMA_OUT_dma.o)
                0x1fff80ea                DMA_OUT_DmaHandle
 .data          0x1fff80eb        0x1 .\CortexM3\ARM_GCC_541\Debug\FiltroDigital.a(DMA_IN_dma.o)
                0x1fff80eb                DMA_IN_DmaHandle
 .data.impure_data
                0x1fff80ec       0x60 c:/program files (x86)/cypress/psoc creator/4.2/psoc creator/import/gnu/arm/5.4.1/bin/../lib/gcc/arm-none-eabi/5.4.1/../../../../arm-none-eabi/lib/armv7-m\libg_nano.a(lib_a-impure.o)
 .data._impure_ptr
                0x1fff814c        0x4 c:/program files (x86)/cypress/psoc creator/4.2/psoc creator/import/gnu/arm/5.4.1/bin/../lib/gcc/arm-none-eabi/5.4.1/../../../../arm-none-eabi/lib/armv7-m\libg_nano.a(lib_a-impure.o)
                0x1fff814c                _impure_ptr
                0x1fff8150                . = ALIGN (0x8)
 *(.ram)
                0x1fff8150                _edata = .

.igot.plt       0x1fff8150        0x0 load address 0x00003e78
 .igot.plt      0x1fff8150        0x0 c:/program files (x86)/cypress/psoc creator/4.2/psoc creator/import/gnu/arm/5.4.1/bin/../lib/gcc/arm-none-eabi/5.4.1/armv7-m/crtbegin.o

.bss            0x1fff8150     0x27c0 load address 0x00003e78
                0x1fff8150                PROVIDE (__bss_start__, .)
 *(.shbss)
 *(.bss .bss.* .gnu.linkonce.b.*)
 .bss           0x1fff8150       0x1c c:/program files (x86)/cypress/psoc creator/4.2/psoc creator/import/gnu/arm/5.4.1/bin/../lib/gcc/arm-none-eabi/5.4.1/armv7-m/crtbegin.o
 .bss           0x1fff816c       0x59 .\CortexM3\ARM_GCC_541\Debug\main.o
                0x1fff816c                de2
                0x1fff8170                bk
                0x1fff81c0                clase
                0x1fff81c1                de
                0x1fff81c2                frecuenciaux
                0x1fff81c4                cont
 .bss           0x1fff81c5        0x2 .\CortexM3\ARM_GCC_541\Debug\FiltroDigital.a(LCD.o)
                0x1fff81c5                LCD_enableState
                0x1fff81c6                LCD_initVar
 *fill*         0x1fff81c7        0x1 
 .bss           0x1fff81c8        0xc .\CortexM3\ARM_GCC_541\Debug\FiltroDigital.a(ADC.o)
                0x1fff81cc                ADC_stopConversion
                0x1fff81cd                ADC_convDone
                0x1fff81ce                ADC_initVar
                0x1fff81cf                ADC_started
                0x1fff81d0                ADC_Offset
 .bss           0x1fff81d4        0x1 .\CortexM3\ARM_GCC_541\Debug\FiltroDigital.a(DAC.o)
                0x1fff81d4                DAC_initVar
 *(COMMON)
 *fill*         0x1fff81d5        0x3 
 COMMON         0x1fff81d8     0x2730 .\CortexM3\ARM_GCC_541\Debug\main.o
                0x1fff81d8                Muestra
                0x1fffa8e8                DMA_OUT_TD
                0x1fffa8ec                DMA_IN_TD
                0x1fffa8ed                DMA_IN_Chan
                0x1fffa8ee                DMA_OUT_Chan
                0x1fffa8f0                fc
                0x1fffa8f4                Salida
 COMMON         0x1fffa908        0x4 .\CortexM3\ARM_GCC_541\Debug\FiltroDigital.a(ADC.o)
                0x1fffa908                ADC_CountsPerVolt
                0x1fffa910                . = ALIGN (0x8)
 *fill*         0x1fffa90c        0x4 
 *(.ram.b)
                0x1fffa910                _end = .
                0x1fffa910                __end = .
                0x1fffa910                PROVIDE (end, .)
                0x1fffa910                PROVIDE (__bss_end__, .)
                0x00003df0                __cy_region_init_ram = LOADADDR (.data)
                0x00000088                __cy_region_init_size_ram = (_edata - ADDR (.data))
                0x000027c0                __cy_region_zero_size_ram = (_end - _edata)

.heap           0x1fffa910       0x80 load address 0x00003e78
                0x1fffa910                . = _end
                0x1fffa990                . = (. + 0x80)
 *fill*         0x1fffa910       0x80 
                0x1fffa990                __cy_heap_limit = .

.stack          0x20007800      0x800
                0x20007800                __cy_stack_limit = .
                0x20008000                . = (. + 0x800)
 *fill*         0x20007800      0x800 
                0x00000001                ASSERT ((__cy_stack_limit >= __cy_heap_limit), region RAM overflowed with stack)
                0x00000000                cy_checksum_exclude_size = (CY_APPL_LOADABLE == 0x1)?SIZEOF (.cy_checksum_exclude):0x0
                0x00000001                ASSERT ((cy_checksum_exclude_size <= CY_CHECKSUM_EXCLUDE_SIZE), CY_BOOT: Section .cy_checksum_exclude size exceedes specified limit.)

.cyloadermeta
 *(.cyloadermeta)

.cyloadablemeta
 *(.cyloadablemeta)

.cyconfigecc    0x80000000      0x198
 *(.cyconfigecc)
 .cyconfigecc   0x80000000      0x198 .\CortexM3\ARM_GCC_541\Debug\cymetadata.o
                0x80000000                cy_meta_configecc

.cycustnvl      0x90000000        0x4
 *(.cycustnvl)
 .cycustnvl     0x90000000        0x4 .\CortexM3\ARM_GCC_541\Debug\cymetadata.o
                0x90000000                cy_meta_custnvl

.cywolatch      0x90100000        0x4
 *(.cywolatch)
 .cywolatch     0x90100000        0x4 .\CortexM3\ARM_GCC_541\Debug\cymetadata.o
                0x90100000                cy_meta_wonvl

.cyeeprom       0x90200000        0x0
 *(.cyeeprom)
                0x00000001                ASSERT ((. <= ((0x90200000 + ee_offset) + ee_size)), .cyeeprom data will not fit in EEPROM)

.cyflashprotect
                0x90400000      0x100
 *(.cyflashprotect)
 .cyflashprotect
                0x90400000      0x100 .\CortexM3\ARM_GCC_541\Debug\cymetadata.o
                0x90400000                cy_meta_flashprotect

.cymeta         0x90500000        0xc
 *(.cymeta)
 .cymeta        0x90500000        0xc .\CortexM3\ARM_GCC_541\Debug\cymetadata.o
                0x90500000                cy_metadata

.rel.dyn        0x00003e78        0x0 load address 0x9050000c
 .rel.iplt      0x00003e78        0x0 c:/program files (x86)/cypress/psoc creator/4.2/psoc creator/import/gnu/arm/5.4.1/bin/../lib/gcc/arm-none-eabi/5.4.1/armv7-m/crtbegin.o

.stab
 *(.stab)

.stabstr
 *(.stabstr)

.debug
 *(.debug)

.line
 *(.line)

.debug_srcinfo
 *(.debug_srcinfo)

.debug_sfnames
 *(.debug_sfnames)

.debug_aranges  0x00000000      0xb80
 *(.debug_aranges)
 .debug_aranges
                0x00000000       0x40 .\CortexM3\ARM_GCC_541\Debug\main.o
 .debug_aranges
                0x00000040       0x60 .\CortexM3\ARM_GCC_541\Debug\cyfitter_cfg.o
 .debug_aranges
                0x000000a0       0x18 .\CortexM3\ARM_GCC_541\Debug\cymetadata.o
 .debug_aranges
                0x000000b8       0x48 .\CortexM3\ARM_GCC_541\Debug\Cm3Start.o
 .debug_aranges
                0x00000100       0x38 .\CortexM3\ARM_GCC_541\Debug\FiltroDigital.a(P0.o)
 .debug_aranges
                0x00000138       0xd8 .\CortexM3\ARM_GCC_541\Debug\FiltroDigital.a(CyDmac.o)
 .debug_aranges
                0x00000210      0x2a0 .\CortexM3\ARM_GCC_541\Debug\FiltroDigital.a(CyLib.o)
 .debug_aranges
                0x000004b0       0x98 .\CortexM3\ARM_GCC_541\Debug\FiltroDigital.a(cyPm.o)
 .debug_aranges
                0x00000548       0x48 .\CortexM3\ARM_GCC_541\Debug\FiltroDigital.a(SW.o)
 .debug_aranges
                0x00000590       0x98 .\CortexM3\ARM_GCC_541\Debug\FiltroDigital.a(LCD.o)
 .debug_aranges
                0x00000628       0x20 .\CortexM3\ARM_GCC_541\Debug\FiltroDigital.a(LCD_CustChars.o)
 .debug_aranges
                0x00000648       0x80 .\CortexM3\ARM_GCC_541\Debug\FiltroDigital.a(ISR_SW.o)
 .debug_aranges
                0x000006c8       0x28 .\CortexM3\ARM_GCC_541\Debug\FiltroDigital.a(Control.o)
 .debug_aranges
                0x000006f0       0xe8 .\CortexM3\ARM_GCC_541\Debug\FiltroDigital.a(ADC.o)
 .debug_aranges
                0x000007d8       0x38 .\CortexM3\ARM_GCC_541\Debug\FiltroDigital.a(ADC_INT.o)
 .debug_aranges
                0x00000810       0x58 .\CortexM3\ARM_GCC_541\Debug\FiltroDigital.a(DAC.o)
 .debug_aranges
                0x00000868       0x30 .\CortexM3\ARM_GCC_541\Debug\FiltroDigital.a(ADC_AMux.o)
 .debug_aranges
                0x00000898       0x70 .\CortexM3\ARM_GCC_541\Debug\FiltroDigital.a(ADC_Ext_CP_Clk.o)
 .debug_aranges
                0x00000908       0x80 .\CortexM3\ARM_GCC_541\Debug\FiltroDigital.a(ADC_theACLK.o)
 .debug_aranges
                0x00000988       0x80 .\CortexM3\ARM_GCC_541\Debug\FiltroDigital.a(ISR_Data.o)
 .debug_aranges
                0x00000a08       0x28 .\CortexM3\ARM_GCC_541\Debug\FiltroDigital.a(DMA_OUT_dma.o)
 .debug_aranges
                0x00000a30       0x28 .\CortexM3\ARM_GCC_541\Debug\FiltroDigital.a(DMA_IN_dma.o)
 .debug_aranges
                0x00000a58       0x20 .\CortexM3\ARM_GCC_541\Debug\FiltroDigital.a(CyBootAsmGnu.o)
 .debug_aranges
                0x00000a78       0x88 .\CortexM3\ARM_GCC_541\Debug\FiltroDigital.a(CyFlash.o)
 .debug_aranges
                0x00000b00       0x80 .\CortexM3\ARM_GCC_541\Debug\FiltroDigital.a(CySpc.o)

.debug_pubnames
 *(.debug_pubnames)

.debug_info     0x00000000     0x7064
 *(.debug_info .gnu.linkonce.wi.*)
 .debug_info    0x00000000      0x924 .\CortexM3\ARM_GCC_541\Debug\main.o
 .debug_info    0x00000924      0x67e .\CortexM3\ARM_GCC_541\Debug\cyfitter_cfg.o
 .debug_info    0x00000fa2      0x135 .\CortexM3\ARM_GCC_541\Debug\cymetadata.o
 .debug_info    0x000010d7      0x3cf .\CortexM3\ARM_GCC_541\Debug\Cm3Start.o
 .debug_info    0x000014a6      0x11f .\CortexM3\ARM_GCC_541\Debug\FiltroDigital.a(P0.o)
 .debug_info    0x000015c5      0x94e .\CortexM3\ARM_GCC_541\Debug\FiltroDigital.a(CyDmac.o)
 .debug_info    0x00001f13     0x1374 .\CortexM3\ARM_GCC_541\Debug\FiltroDigital.a(CyLib.o)
 .debug_info    0x00003287      0xa2a .\CortexM3\ARM_GCC_541\Debug\FiltroDigital.a(cyPm.o)
 .debug_info    0x00003cb1      0x174 .\CortexM3\ARM_GCC_541\Debug\FiltroDigital.a(SW.o)
 .debug_info    0x00003e25      0x752 .\CortexM3\ARM_GCC_541\Debug\FiltroDigital.a(LCD.o)
 .debug_info    0x00004577      0x159 .\CortexM3\ARM_GCC_541\Debug\FiltroDigital.a(LCD_CustChars.o)
 .debug_info    0x000046d0      0x2d2 .\CortexM3\ARM_GCC_541\Debug\FiltroDigital.a(ISR_SW.o)
 .debug_info    0x000049a2       0xd6 .\CortexM3\ARM_GCC_541\Debug\FiltroDigital.a(Control.o)
 .debug_info    0x00004a78      0xa1c .\CortexM3\ARM_GCC_541\Debug\FiltroDigital.a(ADC.o)
 .debug_info    0x00005494       0xd3 .\CortexM3\ARM_GCC_541\Debug\FiltroDigital.a(ADC_INT.o)
 .debug_info    0x00005567      0x1de .\CortexM3\ARM_GCC_541\Debug\FiltroDigital.a(DAC.o)
 .debug_info    0x00005745      0x165 .\CortexM3\ARM_GCC_541\Debug\FiltroDigital.a(ADC_AMux.o)
 .debug_info    0x000058aa      0x283 .\CortexM3\ARM_GCC_541\Debug\FiltroDigital.a(ADC_Ext_CP_Clk.o)
 .debug_info    0x00005b2d      0x2c4 .\CortexM3\ARM_GCC_541\Debug\FiltroDigital.a(ADC_theACLK.o)
 .debug_info    0x00005df1      0x2d2 .\CortexM3\ARM_GCC_541\Debug\FiltroDigital.a(ISR_Data.o)
 .debug_info    0x000060c3      0x1aa .\CortexM3\ARM_GCC_541\Debug\FiltroDigital.a(DMA_OUT_dma.o)
 .debug_info    0x0000626d      0x1a8 .\CortexM3\ARM_GCC_541\Debug\FiltroDigital.a(DMA_IN_dma.o)
 .debug_info    0x00006415       0xb2 .\CortexM3\ARM_GCC_541\Debug\FiltroDigital.a(CyBootAsmGnu.o)
 .debug_info    0x000064c7      0x64d .\CortexM3\ARM_GCC_541\Debug\FiltroDigital.a(CyFlash.o)
 .debug_info    0x00006b14      0x550 .\CortexM3\ARM_GCC_541\Debug\FiltroDigital.a(CySpc.o)

.debug_abbrev   0x00000000     0x1d66
 *(.debug_abbrev)
 .debug_abbrev  0x00000000      0x19b .\CortexM3\ARM_GCC_541\Debug\main.o
 .debug_abbrev  0x0000019b      0x201 .\CortexM3\ARM_GCC_541\Debug\cyfitter_cfg.o
 .debug_abbrev  0x0000039c       0x66 .\CortexM3\ARM_GCC_541\Debug\cymetadata.o
 .debug_abbrev  0x00000402      0x1e8 .\CortexM3\ARM_GCC_541\Debug\Cm3Start.o
 .debug_abbrev  0x000005ea       0x90 .\CortexM3\ARM_GCC_541\Debug\FiltroDigital.a(P0.o)
 .debug_abbrev  0x0000067a      0x1b2 .\CortexM3\ARM_GCC_541\Debug\FiltroDigital.a(CyDmac.o)
 .debug_abbrev  0x0000082c      0x254 .\CortexM3\ARM_GCC_541\Debug\FiltroDigital.a(CyLib.o)
 .debug_abbrev  0x00000a80      0x1ab .\CortexM3\ARM_GCC_541\Debug\FiltroDigital.a(cyPm.o)
 .debug_abbrev  0x00000c2b       0x90 .\CortexM3\ARM_GCC_541\Debug\FiltroDigital.a(SW.o)
 .debug_abbrev  0x00000cbb      0x168 .\CortexM3\ARM_GCC_541\Debug\FiltroDigital.a(LCD.o)
 .debug_abbrev  0x00000e23       0xe2 .\CortexM3\ARM_GCC_541\Debug\FiltroDigital.a(LCD_CustChars.o)
 .debug_abbrev  0x00000f05      0x173 .\CortexM3\ARM_GCC_541\Debug\FiltroDigital.a(ISR_SW.o)
 .debug_abbrev  0x00001078       0x81 .\CortexM3\ARM_GCC_541\Debug\FiltroDigital.a(Control.o)
 .debug_abbrev  0x000010f9      0x1cd .\CortexM3\ARM_GCC_541\Debug\FiltroDigital.a(ADC.o)
 .debug_abbrev  0x000012c6       0x42 .\CortexM3\ARM_GCC_541\Debug\FiltroDigital.a(ADC_INT.o)
 .debug_abbrev  0x00001308       0xf7 .\CortexM3\ARM_GCC_541\Debug\FiltroDigital.a(DAC.o)
 .debug_abbrev  0x000013ff       0xb1 .\CortexM3\ARM_GCC_541\Debug\FiltroDigital.a(ADC_AMux.o)
 .debug_abbrev  0x000014b0      0x139 .\CortexM3\ARM_GCC_541\Debug\FiltroDigital.a(ADC_Ext_CP_Clk.o)
 .debug_abbrev  0x000015e9      0x121 .\CortexM3\ARM_GCC_541\Debug\FiltroDigital.a(ADC_theACLK.o)
 .debug_abbrev  0x0000170a      0x173 .\CortexM3\ARM_GCC_541\Debug\FiltroDigital.a(ISR_Data.o)
 .debug_abbrev  0x0000187d       0xcd .\CortexM3\ARM_GCC_541\Debug\FiltroDigital.a(DMA_OUT_dma.o)
 .debug_abbrev  0x0000194a       0xcd .\CortexM3\ARM_GCC_541\Debug\FiltroDigital.a(DMA_IN_dma.o)
 .debug_abbrev  0x00001a17       0x14 .\CortexM3\ARM_GCC_541\Debug\FiltroDigital.a(CyBootAsmGnu.o)
 .debug_abbrev  0x00001a2b      0x1a7 .\CortexM3\ARM_GCC_541\Debug\FiltroDigital.a(CyFlash.o)
 .debug_abbrev  0x00001bd2      0x194 .\CortexM3\ARM_GCC_541\Debug\FiltroDigital.a(CySpc.o)

.debug_line     0x00000000     0x2c3c
 *(.debug_line)
 .debug_line    0x00000000      0x37a .\CortexM3\ARM_GCC_541\Debug\main.o
 .debug_line    0x0000037a      0x1e8 .\CortexM3\ARM_GCC_541\Debug\cyfitter_cfg.o
 .debug_line    0x00000562      0x141 .\CortexM3\ARM_GCC_541\Debug\cymetadata.o
 .debug_line    0x000006a3      0x241 .\CortexM3\ARM_GCC_541\Debug\Cm3Start.o
 .debug_line    0x000008e4       0x92 .\CortexM3\ARM_GCC_541\Debug\FiltroDigital.a(P0.o)
 .debug_line    0x00000976      0x2e4 .\CortexM3\ARM_GCC_541\Debug\FiltroDigital.a(CyDmac.o)
 .debug_line    0x00000c5a      0x816 .\CortexM3\ARM_GCC_541\Debug\FiltroDigital.a(CyLib.o)
 .debug_line    0x00001470      0x367 .\CortexM3\ARM_GCC_541\Debug\FiltroDigital.a(cyPm.o)
 .debug_line    0x000017d7       0xbc .\CortexM3\ARM_GCC_541\Debug\FiltroDigital.a(SW.o)
 .debug_line    0x00001893      0x1e6 .\CortexM3\ARM_GCC_541\Debug\FiltroDigital.a(LCD.o)
 .debug_line    0x00001a79       0x83 .\CortexM3\ARM_GCC_541\Debug\FiltroDigital.a(LCD_CustChars.o)
 .debug_line    0x00001afc      0x133 .\CortexM3\ARM_GCC_541\Debug\FiltroDigital.a(ISR_SW.o)
 .debug_line    0x00001c2f       0x6f .\CortexM3\ARM_GCC_541\Debug\FiltroDigital.a(Control.o)
 .debug_line    0x00001c9e      0x35c .\CortexM3\ARM_GCC_541\Debug\FiltroDigital.a(ADC.o)
 .debug_line    0x00001ffa       0x80 .\CortexM3\ARM_GCC_541\Debug\FiltroDigital.a(ADC_INT.o)
 .debug_line    0x0000207a       0xe0 .\CortexM3\ARM_GCC_541\Debug\FiltroDigital.a(DAC.o)
 .debug_line    0x0000215a       0xac .\CortexM3\ARM_GCC_541\Debug\FiltroDigital.a(ADC_AMux.o)
 .debug_line    0x00002206      0x17d .\CortexM3\ARM_GCC_541\Debug\FiltroDigital.a(ADC_Ext_CP_Clk.o)
 .debug_line    0x00002383      0x19d .\CortexM3\ARM_GCC_541\Debug\FiltroDigital.a(ADC_theACLK.o)
 .debug_line    0x00002520      0x135 .\CortexM3\ARM_GCC_541\Debug\FiltroDigital.a(ISR_Data.o)
 .debug_line    0x00002655       0x84 .\CortexM3\ARM_GCC_541\Debug\FiltroDigital.a(DMA_OUT_dma.o)
 .debug_line    0x000026d9       0x83 .\CortexM3\ARM_GCC_541\Debug\FiltroDigital.a(DMA_IN_dma.o)
 .debug_line    0x0000275c       0x66 .\CortexM3\ARM_GCC_541\Debug\FiltroDigital.a(CyBootAsmGnu.o)
 .debug_line    0x000027c2      0x21a .\CortexM3\ARM_GCC_541\Debug\FiltroDigital.a(CyFlash.o)
 .debug_line    0x000029dc      0x260 .\CortexM3\ARM_GCC_541\Debug\FiltroDigital.a(CySpc.o)

.debug_frame    0x00000000     0x1efc
 *(.debug_frame)
 .debug_frame   0x00000000       0xd4 .\CortexM3\ARM_GCC_541\Debug\main.o
 .debug_frame   0x000000d4       0xf0 .\CortexM3\ARM_GCC_541\Debug\cyfitter_cfg.o
 .debug_frame   0x000001c4       0xb8 .\CortexM3\ARM_GCC_541\Debug\Cm3Start.o
 .debug_frame   0x0000027c       0x50 .\CortexM3\ARM_GCC_541\Debug\FiltroDigital.a(P0.o)
 .debug_frame   0x000002cc      0x1f8 .\CortexM3\ARM_GCC_541\Debug\FiltroDigital.a(CyDmac.o)
 .debug_frame   0x000004c4      0x738 .\CortexM3\ARM_GCC_541\Debug\FiltroDigital.a(CyLib.o)
 .debug_frame   0x00000bfc      0x1f8 .\CortexM3\ARM_GCC_541\Debug\FiltroDigital.a(cyPm.o)
 .debug_frame   0x00000df4       0x70 .\CortexM3\ARM_GCC_541\Debug\FiltroDigital.a(SW.o)
 .debug_frame   0x00000e64      0x1e8 .\CortexM3\ARM_GCC_541\Debug\FiltroDigital.a(LCD.o)
 .debug_frame   0x0000104c       0x30 .\CortexM3\ARM_GCC_541\Debug\FiltroDigital.a(LCD_CustChars.o)
 .debug_frame   0x0000107c      0x104 .\CortexM3\ARM_GCC_541\Debug\FiltroDigital.a(ISR_SW.o)
 .debug_frame   0x00001180       0x30 .\CortexM3\ARM_GCC_541\Debug\FiltroDigital.a(Control.o)
 .debug_frame   0x000011b0      0x280 .\CortexM3\ARM_GCC_541\Debug\FiltroDigital.a(ADC.o)
 .debug_frame   0x00001430       0x50 .\CortexM3\ARM_GCC_541\Debug\FiltroDigital.a(ADC_INT.o)
 .debug_frame   0x00001480       0xb4 .\CortexM3\ARM_GCC_541\Debug\FiltroDigital.a(DAC.o)
 .debug_frame   0x00001534       0x64 .\CortexM3\ARM_GCC_541\Debug\FiltroDigital.a(ADC_AMux.o)
 .debug_frame   0x00001598       0xe0 .\CortexM3\ARM_GCC_541\Debug\FiltroDigital.a(ADC_Ext_CP_Clk.o)
 .debug_frame   0x00001678      0x100 .\CortexM3\ARM_GCC_541\Debug\FiltroDigital.a(ADC_theACLK.o)
 .debug_frame   0x00001778      0x104 .\CortexM3\ARM_GCC_541\Debug\FiltroDigital.a(ISR_Data.o)
 .debug_frame   0x0000187c       0x54 .\CortexM3\ARM_GCC_541\Debug\FiltroDigital.a(DMA_OUT_dma.o)
 .debug_frame   0x000018d0       0x54 .\CortexM3\ARM_GCC_541\Debug\FiltroDigital.a(DMA_IN_dma.o)
 .debug_frame   0x00001924      0x194 .\CortexM3\ARM_GCC_541\Debug\FiltroDigital.a(CyFlash.o)
 .debug_frame   0x00001ab8      0x180 .\CortexM3\ARM_GCC_541\Debug\FiltroDigital.a(CySpc.o)
 .debug_frame   0x00001c38       0x38 c:/program files (x86)/cypress/psoc creator/4.2/psoc creator/import/gnu/arm/5.4.1/bin/../lib/gcc/arm-none-eabi/5.4.1/../../../../arm-none-eabi/lib/armv7-m\libm.a(lib_a-s_sin.o)
 .debug_frame   0x00001c70       0x48 c:/program files (x86)/cypress/psoc creator/4.2/psoc creator/import/gnu/arm/5.4.1/bin/../lib/gcc/arm-none-eabi/5.4.1/../../../../arm-none-eabi/lib/armv7-m\libm.a(lib_a-e_rem_pio2.o)
 .debug_frame   0x00001cb8       0x4c c:/program files (x86)/cypress/psoc creator/4.2/psoc creator/import/gnu/arm/5.4.1/bin/../lib/gcc/arm-none-eabi/5.4.1/../../../../arm-none-eabi/lib/armv7-m\libm.a(lib_a-k_cos.o)
 .debug_frame   0x00001d04       0x50 c:/program files (x86)/cypress/psoc creator/4.2/psoc creator/import/gnu/arm/5.4.1/bin/../lib/gcc/arm-none-eabi/5.4.1/../../../../arm-none-eabi/lib/armv7-m\libm.a(lib_a-k_rem_pio2.o)
 .debug_frame   0x00001d54       0x48 c:/program files (x86)/cypress/psoc creator/4.2/psoc creator/import/gnu/arm/5.4.1/bin/../lib/gcc/arm-none-eabi/5.4.1/../../../../arm-none-eabi/lib/armv7-m\libm.a(lib_a-k_sin.o)
 .debug_frame   0x00001d9c       0x20 c:/program files (x86)/cypress/psoc creator/4.2/psoc creator/import/gnu/arm/5.4.1/bin/../lib/gcc/arm-none-eabi/5.4.1/../../../../arm-none-eabi/lib/armv7-m\libm.a(lib_a-s_fabs.o)
 .debug_frame   0x00001dbc       0x34 c:/program files (x86)/cypress/psoc creator/4.2/psoc creator/import/gnu/arm/5.4.1/bin/../lib/gcc/arm-none-eabi/5.4.1/../../../../arm-none-eabi/lib/armv7-m\libm.a(lib_a-s_floor.o)
 .debug_frame   0x00001df0       0x30 c:/program files (x86)/cypress/psoc creator/4.2/psoc creator/import/gnu/arm/5.4.1/bin/../lib/gcc/arm-none-eabi/5.4.1/../../../../arm-none-eabi/lib/armv7-m\libm.a(lib_a-s_scalbn.o)
 .debug_frame   0x00001e20       0x20 c:/program files (x86)/cypress/psoc creator/4.2/psoc creator/import/gnu/arm/5.4.1/bin/../lib/gcc/arm-none-eabi/5.4.1/../../../../arm-none-eabi/lib/armv7-m\libm.a(lib_a-s_copysign.o)
 .debug_frame   0x00001e40       0x20 c:/program files (x86)/cypress/psoc creator/4.2/psoc creator/import/gnu/arm/5.4.1/bin/../lib/gcc/arm-none-eabi/5.4.1/../../../../arm-none-eabi/lib/armv7-m\libg_nano.a(lib_a-errno.o)
 .debug_frame   0x00001e60       0x28 c:/program files (x86)/cypress/psoc creator/4.2/psoc creator/import/gnu/arm/5.4.1/bin/../lib/gcc/arm-none-eabi/5.4.1/../../../../arm-none-eabi/lib/armv7-m\libg_nano.a(lib_a-exit.o)
 .debug_frame   0x00001e88       0x2c c:/program files (x86)/cypress/psoc creator/4.2/psoc creator/import/gnu/arm/5.4.1/bin/../lib/gcc/arm-none-eabi/5.4.1/../../../../arm-none-eabi/lib/armv7-m\libg_nano.a(lib_a-init.o)
 .debug_frame   0x00001eb4       0x28 c:/program files (x86)/cypress/psoc creator/4.2/psoc creator/import/gnu/arm/5.4.1/bin/../lib/gcc/arm-none-eabi/5.4.1/../../../../arm-none-eabi/lib/armv7-m\libg_nano.a(lib_a-memcpy-stub.o)
 .debug_frame   0x00001edc       0x20 c:/program files (x86)/cypress/psoc creator/4.2/psoc creator/import/gnu/arm/5.4.1/bin/../lib/gcc/arm-none-eabi/5.4.1/../../../../arm-none-eabi/lib/armv7-m\libg_nano.a(lib_a-memset.o)

.debug_str      0x00000000     0x2458
 *(.debug_str)
 .debug_str     0x00000000      0x378 .\CortexM3\ARM_GCC_541\Debug\main.o
                                0x3c0 (size before relaxing)
 .debug_str     0x00000378      0x1b3 .\CortexM3\ARM_GCC_541\Debug\cyfitter_cfg.o
                                0x376 (size before relaxing)
 .debug_str     0x0000052b       0x7f .\CortexM3\ARM_GCC_541\Debug\cymetadata.o
                                0x206 (size before relaxing)
 .debug_str     0x000005aa      0x154 .\CortexM3\ARM_GCC_541\Debug\Cm3Start.o
                                0x33c (size before relaxing)
 .debug_str     0x000006fe       0x54 .\CortexM3\ARM_GCC_541\Debug\FiltroDigital.a(P0.o)
                                0x1f5 (size before relaxing)
 .debug_str     0x00000752      0x32e .\CortexM3\ARM_GCC_541\Debug\FiltroDigital.a(CyDmac.o)
                                0x56c (size before relaxing)
 .debug_str     0x00000a80      0x80a .\CortexM3\ARM_GCC_541\Debug\FiltroDigital.a(CyLib.o)
                                0xa69 (size before relaxing)
 .debug_str     0x0000128a      0x365 .\CortexM3\ARM_GCC_541\Debug\FiltroDigital.a(cyPm.o)
                                0x755 (size before relaxing)
 .debug_str     0x000015ef       0x61 .\CortexM3\ARM_GCC_541\Debug\FiltroDigital.a(SW.o)
                                0x22b (size before relaxing)
 .debug_str     0x00001650      0x152 .\CortexM3\ARM_GCC_541\Debug\FiltroDigital.a(LCD.o)
                                0x371 (size before relaxing)
 .debug_str     0x000017a2       0x32 .\CortexM3\ARM_GCC_541\Debug\FiltroDigital.a(LCD_CustChars.o)
                                0x220 (size before relaxing)
 .debug_str     0x000017d4       0xe5 .\CortexM3\ARM_GCC_541\Debug\FiltroDigital.a(ISR_SW.o)
                                0x2d6 (size before relaxing)
 .debug_str     0x000018b9       0x36 .\CortexM3\ARM_GCC_541\Debug\FiltroDigital.a(Control.o)
                                0x1d7 (size before relaxing)
 .debug_str     0x000018ef      0x352 .\CortexM3\ARM_GCC_541\Debug\FiltroDigital.a(ADC.o)
                                0x5eb (size before relaxing)
 .debug_str     0x00001c41       0x45 .\CortexM3\ARM_GCC_541\Debug\FiltroDigital.a(ADC_INT.o)
                                0x1e2 (size before relaxing)
 .debug_str     0x00001c86       0x85 .\CortexM3\ARM_GCC_541\Debug\FiltroDigital.a(DAC.o)
                                0x22d (size before relaxing)
 .debug_str     0x00001d0b       0x5f .\CortexM3\ARM_GCC_541\Debug\FiltroDigital.a(ADC_AMux.o)
                                0x221 (size before relaxing)
 .debug_str     0x00001d6a      0x16d .\CortexM3\ARM_GCC_541\Debug\FiltroDigital.a(ADC_Ext_CP_Clk.o)
                                0x364 (size before relaxing)
 .debug_str     0x00001ed7      0x14f .\CortexM3\ARM_GCC_541\Debug\FiltroDigital.a(ADC_theACLK.o)
                                0x383 (size before relaxing)
 .debug_str     0x00002026       0xff .\CortexM3\ARM_GCC_541\Debug\FiltroDigital.a(ISR_Data.o)
                                0x2f2 (size before relaxing)
 .debug_str     0x00002125       0x85 .\CortexM3\ARM_GCC_541\Debug\FiltroDigital.a(DMA_OUT_dma.o)
                                0x296 (size before relaxing)
 .debug_str     0x000021aa       0x47 .\CortexM3\ARM_GCC_541\Debug\FiltroDigital.a(DMA_IN_dma.o)
                                0x292 (size before relaxing)
 .debug_str     0x000021f1      0x1bb .\CortexM3\ARM_GCC_541\Debug\FiltroDigital.a(CyFlash.o)
                                0x3e2 (size before relaxing)
 .debug_str     0x000023ac       0xac .\CortexM3\ARM_GCC_541\Debug\FiltroDigital.a(CySpc.o)
                                0x35a (size before relaxing)

.debug_loc      0x00000000     0x389f
 *(.debug_loc)
 .debug_loc     0x00000000      0x257 .\CortexM3\ARM_GCC_541\Debug\main.o
 .debug_loc     0x00000257      0x252 .\CortexM3\ARM_GCC_541\Debug\cyfitter_cfg.o
 .debug_loc     0x000004a9      0x144 .\CortexM3\ARM_GCC_541\Debug\Cm3Start.o
 .debug_loc     0x000005ed       0x42 .\CortexM3\ARM_GCC_541\Debug\FiltroDigital.a(P0.o)
 .debug_loc     0x0000062f      0xb8e .\CortexM3\ARM_GCC_541\Debug\FiltroDigital.a(CyDmac.o)
 .debug_loc     0x000011bd      0xa11 .\CortexM3\ARM_GCC_541\Debug\FiltroDigital.a(CyLib.o)
 .debug_loc     0x00001bce      0x1e4 .\CortexM3\ARM_GCC_541\Debug\FiltroDigital.a(cyPm.o)
 .debug_loc     0x00001db2       0x84 .\CortexM3\ARM_GCC_541\Debug\FiltroDigital.a(SW.o)
 .debug_loc     0x00001e36      0x3c6 .\CortexM3\ARM_GCC_541\Debug\FiltroDigital.a(LCD.o)
 .debug_loc     0x000021fc       0x48 .\CortexM3\ARM_GCC_541\Debug\FiltroDigital.a(LCD_CustChars.o)
 .debug_loc     0x00002244       0x56 .\CortexM3\ARM_GCC_541\Debug\FiltroDigital.a(ISR_SW.o)
 .debug_loc     0x0000229a      0x692 .\CortexM3\ARM_GCC_541\Debug\FiltroDigital.a(ADC.o)
 .debug_loc     0x0000292c       0x79 .\CortexM3\ARM_GCC_541\Debug\FiltroDigital.a(DAC.o)
 .debug_loc     0x000029a5       0x6c .\CortexM3\ARM_GCC_541\Debug\FiltroDigital.a(ADC_AMux.o)
 .debug_loc     0x00002a11      0x12c .\CortexM3\ARM_GCC_541\Debug\FiltroDigital.a(ADC_Ext_CP_Clk.o)
 .debug_loc     0x00002b3d      0x14d .\CortexM3\ARM_GCC_541\Debug\FiltroDigital.a(ADC_theACLK.o)
 .debug_loc     0x00002c8a       0x56 .\CortexM3\ARM_GCC_541\Debug\FiltroDigital.a(ISR_Data.o)
 .debug_loc     0x00002ce0       0x84 .\CortexM3\ARM_GCC_541\Debug\FiltroDigital.a(DMA_OUT_dma.o)
 .debug_loc     0x00002d64       0x84 .\CortexM3\ARM_GCC_541\Debug\FiltroDigital.a(DMA_IN_dma.o)
 .debug_loc     0x00002de8      0x3b2 .\CortexM3\ARM_GCC_541\Debug\FiltroDigital.a(CyFlash.o)
 .debug_loc     0x0000319a      0x705 .\CortexM3\ARM_GCC_541\Debug\FiltroDigital.a(CySpc.o)

.debug_macinfo
 *(.debug_macinfo)

.debug_ranges   0x00000000      0xa38
 *(.debug_ranges)
 .debug_ranges  0x00000000       0x90 .\CortexM3\ARM_GCC_541\Debug\main.o
 .debug_ranges  0x00000090       0x50 .\CortexM3\ARM_GCC_541\Debug\cyfitter_cfg.o
 .debug_ranges  0x000000e0       0x38 .\CortexM3\ARM_GCC_541\Debug\Cm3Start.o
 .debug_ranges  0x00000118       0x28 .\CortexM3\ARM_GCC_541\Debug\FiltroDigital.a(P0.o)
 .debug_ranges  0x00000140       0xc8 .\CortexM3\ARM_GCC_541\Debug\FiltroDigital.a(CyDmac.o)
 .debug_ranges  0x00000208      0x290 .\CortexM3\ARM_GCC_541\Debug\FiltroDigital.a(CyLib.o)
 .debug_ranges  0x00000498       0x88 .\CortexM3\ARM_GCC_541\Debug\FiltroDigital.a(cyPm.o)
 .debug_ranges  0x00000520       0x38 .\CortexM3\ARM_GCC_541\Debug\FiltroDigital.a(SW.o)
 .debug_ranges  0x00000558       0x88 .\CortexM3\ARM_GCC_541\Debug\FiltroDigital.a(LCD.o)
 .debug_ranges  0x000005e0       0x10 .\CortexM3\ARM_GCC_541\Debug\FiltroDigital.a(LCD_CustChars.o)
 .debug_ranges  0x000005f0       0x70 .\CortexM3\ARM_GCC_541\Debug\FiltroDigital.a(ISR_SW.o)
 .debug_ranges  0x00000660       0x18 .\CortexM3\ARM_GCC_541\Debug\FiltroDigital.a(Control.o)
 .debug_ranges  0x00000678       0xd8 .\CortexM3\ARM_GCC_541\Debug\FiltroDigital.a(ADC.o)
 .debug_ranges  0x00000750       0x28 .\CortexM3\ARM_GCC_541\Debug\FiltroDigital.a(ADC_INT.o)
 .debug_ranges  0x00000778       0x48 .\CortexM3\ARM_GCC_541\Debug\FiltroDigital.a(DAC.o)
 .debug_ranges  0x000007c0       0x20 .\CortexM3\ARM_GCC_541\Debug\FiltroDigital.a(ADC_AMux.o)
 .debug_ranges  0x000007e0       0x60 .\CortexM3\ARM_GCC_541\Debug\FiltroDigital.a(ADC_Ext_CP_Clk.o)
 .debug_ranges  0x00000840       0x70 .\CortexM3\ARM_GCC_541\Debug\FiltroDigital.a(ADC_theACLK.o)
 .debug_ranges  0x000008b0       0x70 .\CortexM3\ARM_GCC_541\Debug\FiltroDigital.a(ISR_Data.o)
 .debug_ranges  0x00000920       0x18 .\CortexM3\ARM_GCC_541\Debug\FiltroDigital.a(DMA_OUT_dma.o)
 .debug_ranges  0x00000938       0x18 .\CortexM3\ARM_GCC_541\Debug\FiltroDigital.a(DMA_IN_dma.o)
 .debug_ranges  0x00000950       0x78 .\CortexM3\ARM_GCC_541\Debug\FiltroDigital.a(CyFlash.o)
 .debug_ranges  0x000009c8       0x70 .\CortexM3\ARM_GCC_541\Debug\FiltroDigital.a(CySpc.o)

.comment        0x00000000       0x6e
 .comment       0x00000000       0x6e .\CortexM3\ARM_GCC_541\Debug\main.o
                                 0x6f (size before relaxing)
 .comment       0x0000006e       0x6f .\CortexM3\ARM_GCC_541\Debug\cyfitter_cfg.o
 .comment       0x0000006e       0x6f .\CortexM3\ARM_GCC_541\Debug\cymetadata.o
 .comment       0x0000006e       0x6f .\CortexM3\ARM_GCC_541\Debug\Cm3Start.o
 .comment       0x0000006e       0x6f .\CortexM3\ARM_GCC_541\Debug\FiltroDigital.a(P0.o)
 .comment       0x0000006e       0x6f .\CortexM3\ARM_GCC_541\Debug\FiltroDigital.a(CyDmac.o)
 .comment       0x0000006e       0x6f .\CortexM3\ARM_GCC_541\Debug\FiltroDigital.a(CyLib.o)
 .comment       0x0000006e       0x6f .\CortexM3\ARM_GCC_541\Debug\FiltroDigital.a(cyPm.o)
 .comment       0x0000006e       0x6f .\CortexM3\ARM_GCC_541\Debug\FiltroDigital.a(SW.o)
 .comment       0x0000006e       0x6f .\CortexM3\ARM_GCC_541\Debug\FiltroDigital.a(LCD.o)
 .comment       0x0000006e       0x6f .\CortexM3\ARM_GCC_541\Debug\FiltroDigital.a(LCD_CustChars.o)
 .comment       0x0000006e       0x6f .\CortexM3\ARM_GCC_541\Debug\FiltroDigital.a(ISR_SW.o)
 .comment       0x0000006e       0x6f .\CortexM3\ARM_GCC_541\Debug\FiltroDigital.a(Control.o)
 .comment       0x0000006e       0x6f .\CortexM3\ARM_GCC_541\Debug\FiltroDigital.a(ADC.o)
 .comment       0x0000006e       0x6f .\CortexM3\ARM_GCC_541\Debug\FiltroDigital.a(ADC_INT.o)
 .comment       0x0000006e       0x6f .\CortexM3\ARM_GCC_541\Debug\FiltroDigital.a(DAC.o)
 .comment       0x0000006e       0x6f .\CortexM3\ARM_GCC_541\Debug\FiltroDigital.a(ADC_AMux.o)
 .comment       0x0000006e       0x6f .\CortexM3\ARM_GCC_541\Debug\FiltroDigital.a(ADC_Ext_CP_Clk.o)
 .comment       0x0000006e       0x6f .\CortexM3\ARM_GCC_541\Debug\FiltroDigital.a(ADC_theACLK.o)
 .comment       0x0000006e       0x6f .\CortexM3\ARM_GCC_541\Debug\FiltroDigital.a(ISR_Data.o)
 .comment       0x0000006e       0x6f .\CortexM3\ARM_GCC_541\Debug\FiltroDigital.a(DMA_OUT_dma.o)
 .comment       0x0000006e       0x6f .\CortexM3\ARM_GCC_541\Debug\FiltroDigital.a(DMA_IN_dma.o)
 .comment       0x0000006e       0x6f .\CortexM3\ARM_GCC_541\Debug\FiltroDigital.a(CyFlash.o)
 .comment       0x0000006e       0x6f .\CortexM3\ARM_GCC_541\Debug\FiltroDigital.a(CySpc.o)

.debug_weaknames
 *(.debug_weaknames)

.debug_funcnames
 *(.debug_funcnames)

.debug_typenames
 *(.debug_typenames)

.debug_varnames
 *(.debug_varnames)

.note.gnu.arm.ident
 *(.note.gnu.arm.ident)

.ARM.attributes
                0x00000000       0x29
 *(.ARM.attributes)
 .ARM.attributes
                0x00000000       0x1d c:/program files (x86)/cypress/psoc creator/4.2/psoc creator/import/gnu/arm/5.4.1/bin/../lib/gcc/arm-none-eabi/5.4.1/armv7-m/crti.o
 .ARM.attributes
                0x0000001d       0x2d c:/program files (x86)/cypress/psoc creator/4.2/psoc creator/import/gnu/arm/5.4.1/bin/../lib/gcc/arm-none-eabi/5.4.1/armv7-m/crtbegin.o
 .ARM.attributes
                0x0000004a       0x1b c:/program files (x86)/cypress/psoc creator/4.2/psoc creator/import/gnu/arm/5.4.1/bin/../lib/gcc/arm-none-eabi/5.4.1/../../../../arm-none-eabi/lib/armv7-m/crt0.o
 .ARM.attributes
                0x00000065       0x33 .\CortexM3\ARM_GCC_541\Debug\main.o
 .ARM.attributes
                0x00000098       0x33 .\CortexM3\ARM_GCC_541\Debug\cyfitter_cfg.o
 .ARM.attributes
                0x000000cb       0x33 .\CortexM3\ARM_GCC_541\Debug\cymetadata.o
 .ARM.attributes
                0x000000fe       0x33 .\CortexM3\ARM_GCC_541\Debug\Cm3Start.o
 .ARM.attributes
                0x00000131       0x33 .\CortexM3\ARM_GCC_541\Debug\FiltroDigital.a(P0.o)
 .ARM.attributes
                0x00000164       0x33 .\CortexM3\ARM_GCC_541\Debug\FiltroDigital.a(CyDmac.o)
 .ARM.attributes
                0x00000197       0x33 .\CortexM3\ARM_GCC_541\Debug\FiltroDigital.a(CyLib.o)
 .ARM.attributes
                0x000001ca       0x33 .\CortexM3\ARM_GCC_541\Debug\FiltroDigital.a(cyPm.o)
 .ARM.attributes
                0x000001fd       0x33 .\CortexM3\ARM_GCC_541\Debug\FiltroDigital.a(SW.o)
 .ARM.attributes
                0x00000230       0x33 .\CortexM3\ARM_GCC_541\Debug\FiltroDigital.a(LCD.o)
 .ARM.attributes
                0x00000263       0x33 .\CortexM3\ARM_GCC_541\Debug\FiltroDigital.a(LCD_CustChars.o)
 .ARM.attributes
                0x00000296       0x33 .\CortexM3\ARM_GCC_541\Debug\FiltroDigital.a(ISR_SW.o)
 .ARM.attributes
                0x000002c9       0x33 .\CortexM3\ARM_GCC_541\Debug\FiltroDigital.a(Control.o)
 .ARM.attributes
                0x000002fc       0x33 .\CortexM3\ARM_GCC_541\Debug\FiltroDigital.a(ADC.o)
 .ARM.attributes
                0x0000032f       0x33 .\CortexM3\ARM_GCC_541\Debug\FiltroDigital.a(ADC_INT.o)
 .ARM.attributes
                0x00000362       0x33 .\CortexM3\ARM_GCC_541\Debug\FiltroDigital.a(DAC.o)
 .ARM.attributes
                0x00000395       0x33 .\CortexM3\ARM_GCC_541\Debug\FiltroDigital.a(ADC_AMux.o)
 .ARM.attributes
                0x000003c8       0x33 .\CortexM3\ARM_GCC_541\Debug\FiltroDigital.a(ADC_Ext_CP_Clk.o)
 .ARM.attributes
                0x000003fb       0x33 .\CortexM3\ARM_GCC_541\Debug\FiltroDigital.a(ADC_theACLK.o)
 .ARM.attributes
                0x0000042e       0x33 .\CortexM3\ARM_GCC_541\Debug\FiltroDigital.a(ISR_Data.o)
 .ARM.attributes
                0x00000461       0x33 .\CortexM3\ARM_GCC_541\Debug\FiltroDigital.a(DMA_OUT_dma.o)
 .ARM.attributes
                0x00000494       0x33 .\CortexM3\ARM_GCC_541\Debug\FiltroDigital.a(DMA_IN_dma.o)
 .ARM.attributes
                0x000004c7       0x21 .\CortexM3\ARM_GCC_541\Debug\FiltroDigital.a(CyBootAsmGnu.o)
 .ARM.attributes
                0x000004e8       0x33 .\CortexM3\ARM_GCC_541\Debug\FiltroDigital.a(CyFlash.o)
 .ARM.attributes
                0x0000051b       0x33 .\CortexM3\ARM_GCC_541\Debug\FiltroDigital.a(CySpc.o)
 .ARM.attributes
                0x0000054e       0x2d c:/program files (x86)/cypress/psoc creator/4.2/psoc creator/import/gnu/arm/5.4.1/bin/../lib/gcc/arm-none-eabi/5.4.1/../../../../arm-none-eabi/lib/armv7-m\libm.a(lib_a-s_sin.o)
 .ARM.attributes
                0x0000057b       0x2d c:/program files (x86)/cypress/psoc creator/4.2/psoc creator/import/gnu/arm/5.4.1/bin/../lib/gcc/arm-none-eabi/5.4.1/../../../../arm-none-eabi/lib/armv7-m\libm.a(lib_a-e_rem_pio2.o)
 .ARM.attributes
                0x000005a8       0x2d c:/program files (x86)/cypress/psoc creator/4.2/psoc creator/import/gnu/arm/5.4.1/bin/../lib/gcc/arm-none-eabi/5.4.1/../../../../arm-none-eabi/lib/armv7-m\libm.a(lib_a-k_cos.o)
 .ARM.attributes
                0x000005d5       0x2d c:/program files (x86)/cypress/psoc creator/4.2/psoc creator/import/gnu/arm/5.4.1/bin/../lib/gcc/arm-none-eabi/5.4.1/../../../../arm-none-eabi/lib/armv7-m\libm.a(lib_a-k_rem_pio2.o)
 .ARM.attributes
                0x00000602       0x2d c:/program files (x86)/cypress/psoc creator/4.2/psoc creator/import/gnu/arm/5.4.1/bin/../lib/gcc/arm-none-eabi/5.4.1/../../../../arm-none-eabi/lib/armv7-m\libm.a(lib_a-k_sin.o)
 .ARM.attributes
                0x0000062f       0x2d c:/program files (x86)/cypress/psoc creator/4.2/psoc creator/import/gnu/arm/5.4.1/bin/../lib/gcc/arm-none-eabi/5.4.1/../../../../arm-none-eabi/lib/armv7-m\libm.a(lib_a-s_fabs.o)
 .ARM.attributes
                0x0000065c       0x2d c:/program files (x86)/cypress/psoc creator/4.2/psoc creator/import/gnu/arm/5.4.1/bin/../lib/gcc/arm-none-eabi/5.4.1/../../../../arm-none-eabi/lib/armv7-m\libm.a(lib_a-s_floor.o)
 .ARM.attributes
                0x00000689       0x2d c:/program files (x86)/cypress/psoc creator/4.2/psoc creator/import/gnu/arm/5.4.1/bin/../lib/gcc/arm-none-eabi/5.4.1/../../../../arm-none-eabi/lib/armv7-m\libm.a(lib_a-s_scalbn.o)
 .ARM.attributes
                0x000006b6       0x2d c:/program files (x86)/cypress/psoc creator/4.2/psoc creator/import/gnu/arm/5.4.1/bin/../lib/gcc/arm-none-eabi/5.4.1/../../../../arm-none-eabi/lib/armv7-m\libm.a(lib_a-s_copysign.o)
 .ARM.attributes
                0x000006e3       0x1d c:/program files (x86)/cypress/psoc creator/4.2/psoc creator/import/gnu/arm/5.4.1/bin/../lib/gcc/arm-none-eabi/5.4.1/armv7-m\libgcc.a(_arm_addsubdf3.o)
 .ARM.attributes
                0x00000700       0x1d c:/program files (x86)/cypress/psoc creator/4.2/psoc creator/import/gnu/arm/5.4.1/bin/../lib/gcc/arm-none-eabi/5.4.1/armv7-m\libgcc.a(_arm_muldivdf3.o)
 .ARM.attributes
                0x0000071d       0x1d c:/program files (x86)/cypress/psoc creator/4.2/psoc creator/import/gnu/arm/5.4.1/bin/../lib/gcc/arm-none-eabi/5.4.1/armv7-m\libgcc.a(_arm_cmpdf2.o)
 .ARM.attributes
                0x0000073a       0x1d c:/program files (x86)/cypress/psoc creator/4.2/psoc creator/import/gnu/arm/5.4.1/bin/../lib/gcc/arm-none-eabi/5.4.1/armv7-m\libgcc.a(_arm_fixdfsi.o)
 .ARM.attributes
                0x00000757       0x1d c:/program files (x86)/cypress/psoc creator/4.2/psoc creator/import/gnu/arm/5.4.1/bin/../lib/gcc/arm-none-eabi/5.4.1/armv7-m\libgcc.a(_arm_truncdfsf2.o)
 .ARM.attributes
                0x00000774       0x1d c:/program files (x86)/cypress/psoc creator/4.2/psoc creator/import/gnu/arm/5.4.1/bin/../lib/gcc/arm-none-eabi/5.4.1/armv7-m\libgcc.a(_arm_addsubsf3.o)
 .ARM.attributes
                0x00000791       0x1d c:/program files (x86)/cypress/psoc creator/4.2/psoc creator/import/gnu/arm/5.4.1/bin/../lib/gcc/arm-none-eabi/5.4.1/armv7-m\libgcc.a(_arm_muldivsf3.o)
 .ARM.attributes
                0x000007ae       0x1d c:/program files (x86)/cypress/psoc creator/4.2/psoc creator/import/gnu/arm/5.4.1/bin/../lib/gcc/arm-none-eabi/5.4.1/armv7-m\libgcc.a(_arm_fixsfsi.o)
 .ARM.attributes
                0x000007cb       0x1d c:/program files (x86)/cypress/psoc creator/4.2/psoc creator/import/gnu/arm/5.4.1/bin/../lib/gcc/arm-none-eabi/5.4.1/armv7-m\libgcc.a(_arm_fixunssfsi.o)
 .ARM.attributes
                0x000007e8       0x2d c:/program files (x86)/cypress/psoc creator/4.2/psoc creator/import/gnu/arm/5.4.1/bin/../lib/gcc/arm-none-eabi/5.4.1/../../../../arm-none-eabi/lib/armv7-m\libg_nano.a(lib_a-errno.o)
 .ARM.attributes
                0x00000815       0x2d c:/program files (x86)/cypress/psoc creator/4.2/psoc creator/import/gnu/arm/5.4.1/bin/../lib/gcc/arm-none-eabi/5.4.1/../../../../arm-none-eabi/lib/armv7-m\libg_nano.a(lib_a-exit.o)
 .ARM.attributes
                0x00000842       0x2d c:/program files (x86)/cypress/psoc creator/4.2/psoc creator/import/gnu/arm/5.4.1/bin/../lib/gcc/arm-none-eabi/5.4.1/../../../../arm-none-eabi/lib/armv7-m\libg_nano.a(lib_a-impure.o)
 .ARM.attributes
                0x0000086f       0x2d c:/program files (x86)/cypress/psoc creator/4.2/psoc creator/import/gnu/arm/5.4.1/bin/../lib/gcc/arm-none-eabi/5.4.1/../../../../arm-none-eabi/lib/armv7-m\libg_nano.a(lib_a-init.o)
 .ARM.attributes
                0x0000089c       0x2d c:/program files (x86)/cypress/psoc creator/4.2/psoc creator/import/gnu/arm/5.4.1/bin/../lib/gcc/arm-none-eabi/5.4.1/../../../../arm-none-eabi/lib/armv7-m\libg_nano.a(lib_a-memcpy-stub.o)
 .ARM.attributes
                0x000008c9       0x2d c:/program files (x86)/cypress/psoc creator/4.2/psoc creator/import/gnu/arm/5.4.1/bin/../lib/gcc/arm-none-eabi/5.4.1/../../../../arm-none-eabi/lib/armv7-m\libg_nano.a(lib_a-memset.o)
 .ARM.attributes
                0x000008f6       0x2d c:/program files (x86)/cypress/psoc creator/4.2/psoc creator/import/gnu/arm/5.4.1/bin/../lib/gcc/arm-none-eabi/5.4.1/armv7-m/crtend.o
 .ARM.attributes
                0x00000923       0x1d c:/program files (x86)/cypress/psoc creator/4.2/psoc creator/import/gnu/arm/5.4.1/bin/../lib/gcc/arm-none-eabi/5.4.1/armv7-m/crtn.o

/DISCARD/
 *(.note.GNU-stack)
OUTPUT(C:\Users\Nicolas Zamora\Documents\Embepot\Filtro-Digital-Ajustable-por-Ventaneo\FiltroDigital.cydsn\CortexM3\ARM_GCC_541\Debug\FiltroDigital.elf elf32-littlearm)
