Archive member included to satisfy reference by file (symbol)

.\CortexM3\ARM_GCC_541\Debug\FiltroDigital.a(P0.o)
                              .\CortexM3\ARM_GCC_541\Debug\main.o (P0_Read)
.\CortexM3\ARM_GCC_541\Debug\FiltroDigital.a(CyDmac.o)
                              .\CortexM3\ARM_GCC_541\Debug\Cm3Start.o (CyDmacConfigure)
.\CortexM3\ARM_GCC_541\Debug\FiltroDigital.a(CyLib.o)
                              .\CortexM3\ARM_GCC_541\Debug\Cm3Start.o (CyHalt)
.\CortexM3\ARM_GCC_541\Debug\FiltroDigital.a(cyPm.o)
                              .\CortexM3\ARM_GCC_541\Debug\FiltroDigital.a(CyLib.o) (CyPmReadStatus)
.\CortexM3\ARM_GCC_541\Debug\FiltroDigital.a(SW.o)
                              .\CortexM3\ARM_GCC_541\Debug\main.o (SW_Read)
.\CortexM3\ARM_GCC_541\Debug\FiltroDigital.a(LCD.o)
                              .\CortexM3\ARM_GCC_541\Debug\main.o (LCD_PrintString)
.\CortexM3\ARM_GCC_541\Debug\FiltroDigital.a(LCD_CustChars.o)
                              .\CortexM3\ARM_GCC_541\Debug\FiltroDigital.a(LCD.o) (LCD_LoadCustomFonts)
.\CortexM3\ARM_GCC_541\Debug\FiltroDigital.a(ISR_SW.o)
                              .\CortexM3\ARM_GCC_541\Debug\main.o (ISR_SW_StartEx)
.\CortexM3\ARM_GCC_541\Debug\FiltroDigital.a(Control.o)
                              .\CortexM3\ARM_GCC_541\Debug\main.o (Control_Write)
.\CortexM3\ARM_GCC_541\Debug\FiltroDigital.a(ADC.o)
                              .\CortexM3\ARM_GCC_541\Debug\main.o (ADC_Start)
.\CortexM3\ARM_GCC_541\Debug\FiltroDigital.a(ADC_INT.o)
                              .\CortexM3\ARM_GCC_541\Debug\FiltroDigital.a(ADC.o) (ADC_ISR1)
.\CortexM3\ARM_GCC_541\Debug\FiltroDigital.a(DAC.o)
                              .\CortexM3\ARM_GCC_541\Debug\main.o (DAC_Start)
.\CortexM3\ARM_GCC_541\Debug\FiltroDigital.a(ADC_AMux.o)
                              .\CortexM3\ARM_GCC_541\Debug\FiltroDigital.a(ADC.o) (ADC_AMux_Select)
.\CortexM3\ARM_GCC_541\Debug\FiltroDigital.a(ADC_Ext_CP_Clk.o)
                              .\CortexM3\ARM_GCC_541\Debug\FiltroDigital.a(ADC.o) (ADC_Ext_CP_Clk_SetModeRegister)
.\CortexM3\ARM_GCC_541\Debug\FiltroDigital.a(ADC_theACLK.o)
                              .\CortexM3\ARM_GCC_541\Debug\FiltroDigital.a(ADC.o) (ADC_theACLK_SetModeRegister)
.\CortexM3\ARM_GCC_541\Debug\FiltroDigital.a(ISR_Data.o)
                              .\CortexM3\ARM_GCC_541\Debug\main.o (ISR_Data_StartEx)
.\CortexM3\ARM_GCC_541\Debug\FiltroDigital.a(DMA_OUT_dma.o)
                              .\CortexM3\ARM_GCC_541\Debug\main.o (DMA_OUT_DmaInitialize)
.\CortexM3\ARM_GCC_541\Debug\FiltroDigital.a(DMA_IN_dma.o)
                              .\CortexM3\ARM_GCC_541\Debug\main.o (DMA_IN_DmaInitialize)
.\CortexM3\ARM_GCC_541\Debug\FiltroDigital.a(CyBootAsmGnu.o)
                              .\CortexM3\ARM_GCC_541\Debug\cyfitter_cfg.o (CyDelayCycles)
.\CortexM3\ARM_GCC_541\Debug\FiltroDigital.a(CyFlash.o)
                              .\CortexM3\ARM_GCC_541\Debug\FiltroDigital.a(cyPm.o) (CyFlash_SetWaitCycles)
.\CortexM3\ARM_GCC_541\Debug\FiltroDigital.a(CySpc.o)
                              .\CortexM3\ARM_GCC_541\Debug\FiltroDigital.a(CyFlash.o) (CySpcStart)
d:/program files (x86)/cypress/psoc creator/4.2/psoc creator/import/gnu/arm/5.4.1/bin/../lib/gcc/arm-none-eabi/5.4.1/../../../../arm-none-eabi/lib/armv7-m\libm.a(lib_a-s_sin.o)
                              .\CortexM3\ARM_GCC_541\Debug\main.o (sin)
d:/program files (x86)/cypress/psoc creator/4.2/psoc creator/import/gnu/arm/5.4.1/bin/../lib/gcc/arm-none-eabi/5.4.1/../../../../arm-none-eabi/lib/armv7-m\libm.a(lib_a-e_rem_pio2.o)
                              d:/program files (x86)/cypress/psoc creator/4.2/psoc creator/import/gnu/arm/5.4.1/bin/../lib/gcc/arm-none-eabi/5.4.1/../../../../arm-none-eabi/lib/armv7-m\libm.a(lib_a-s_sin.o) (__ieee754_rem_pio2)
d:/program files (x86)/cypress/psoc creator/4.2/psoc creator/import/gnu/arm/5.4.1/bin/../lib/gcc/arm-none-eabi/5.4.1/../../../../arm-none-eabi/lib/armv7-m\libm.a(lib_a-k_cos.o)
                              d:/program files (x86)/cypress/psoc creator/4.2/psoc creator/import/gnu/arm/5.4.1/bin/../lib/gcc/arm-none-eabi/5.4.1/../../../../arm-none-eabi/lib/armv7-m\libm.a(lib_a-s_sin.o) (__kernel_cos)
d:/program files (x86)/cypress/psoc creator/4.2/psoc creator/import/gnu/arm/5.4.1/bin/../lib/gcc/arm-none-eabi/5.4.1/../../../../arm-none-eabi/lib/armv7-m\libm.a(lib_a-k_rem_pio2.o)
                              d:/program files (x86)/cypress/psoc creator/4.2/psoc creator/import/gnu/arm/5.4.1/bin/../lib/gcc/arm-none-eabi/5.4.1/../../../../arm-none-eabi/lib/armv7-m\libm.a(lib_a-e_rem_pio2.o) (__kernel_rem_pio2)
d:/program files (x86)/cypress/psoc creator/4.2/psoc creator/import/gnu/arm/5.4.1/bin/../lib/gcc/arm-none-eabi/5.4.1/../../../../arm-none-eabi/lib/armv7-m\libm.a(lib_a-k_sin.o)
[...]
Memory Configuration

Name             Origin             Length             Attributes
rom              0x00000000         0x00040000         xr
ram              0x1fff8000         0x00010000         xrw
*default*        0x00000000         0xffffffff

Linker script and memory map

LOAD d:/program files (x86)/cypress/psoc creator/4.2/psoc creator/import/gnu/arm/5.4.1/bin/../lib/gcc/arm-none-eabi/5.4.1/armv7-m/crti.o
LOAD d:/program files (x86)/cypress/psoc creator/4.2/psoc creator/import/gnu/arm/5.4.1/bin/../lib/gcc/arm-none-eabi/5.4.1/armv7-m/crtbegin.o
LOAD d:/program files (x86)/cypress/psoc creator/4.2/psoc creator/import/gnu/arm/5.4.1/bin/../lib/gcc/arm-none-eabi/5.4.1/../../../../arm-none-eabi/lib/armv7-m/crt0.o
START GROUP
LOAD .\CortexM3\ARM_GCC_541\Debug\main.o
LOAD .\CortexM3\ARM_GCC_541\Debug\cyfitter_cfg.o
LOAD .\CortexM3\ARM_GCC_541\Debug\cymetadata.o
LOAD .\CortexM3\ARM_GCC_541\Debug\Cm3Start.o
LOAD .\CortexM3\ARM_GCC_541\Debug\FiltroDigital.a
LOAD D:\Program Files (x86)\Cypress\PSoC Creator\4.2\PSoC Creator\psoc\content\cycomponentlibrary\CyComponentLibrary.cylib\CortexM3\ARM_GCC_541\Debug\CyComponentLibrary.a
LOAD d:/program files (x86)/cypress/psoc creator/4.2/psoc creator/import/gnu/arm/5.4.1/bin/../lib/gcc/arm-none-eabi/5.4.1/../../../../arm-none-eabi/lib/armv7-m\libm.a
END GROUP
START GROUP
LOAD d:/program files (x86)/cypress/psoc creator/4.2/psoc creator/import/gnu/arm/5.4.1/bin/../lib/gcc/arm-none-eabi/5.4.1/armv7-m\libgcc.a
LOAD d:/program files (x86)/cypress/psoc creator/4.2/psoc creator/import/gnu/arm/5.4.1/bin/../lib/gcc/arm-none-eabi/5.4.1/../../../../arm-none-eabi/lib/armv7-m\libg_nano.a
LOAD d:/program files (x86)/cypress/psoc creator/4.2/psoc creator/import/gnu/arm/5.4.1/bin/../lib/gcc/arm-none-eabi/5.4.1/../../../../arm-none-eabi/lib/armv7-m\libc_nano.a
END GROUP
START GROUP
LOAD d:/program files (x86)/cypress/psoc creator/4.2/psoc creator/import/gnu/arm/5.4.1/bin/../lib/gcc/arm-none-eabi/5.4.1/armv7-m\libgcc.a
LOAD d:/program files (x86)/cypress/psoc creator/4.2/psoc creator/import/gnu/arm/5.4.1/bin/../lib/gcc/arm-none-eabi/5.4.1/../../../../arm-none-eabi/lib/armv7-m\libc_nano.a
END GROUP
LOAD d:/program files (x86)/cypress/psoc creator/4.2/psoc creator/import/gnu/arm/5.4.1/bin/../lib/gcc/arm-none-eabi/5.4.1/armv7-m/crtend.o
LOAD d:/program files (x86)/cypress/psoc creator/4.2/psoc creator/import/gnu/arm/5.4.1/bin/../lib/gcc/arm-none-eabi/5.4.1/armv7-m/crtn.o
START GROUP
LOAD d:/program files (x86)/cypress/psoc creator/4.2/psoc creator/import/gnu/arm/5.4.1/bin/../lib/gcc/arm-none-eabi/5.4.1/armv7-m\libgcc.a
LOAD d:/program files (x86)/cypress/psoc creator/4.2/psoc creator/import/gnu/arm/5.4.1/bin/../lib/gcc/arm-none-eabi/5.4.1/../../../../arm-none-eabi/lib/armv7-m\libc.a
LOAD d:/program files (x86)/cypress/psoc creator/4.2/psoc creator/import/gnu/arm/5.4.1/bin/../lib/gcc/arm-none-eabi/5.4.1/../../../../arm-none-eabi/lib/armv7-m\libnosys.a
END GROUP
                0x00000000                CY_APPL_ORIGIN = 0x0
                0x00000100                CY_FLASH_ROW_SIZE = 0x100
                0x00000020                CY_ECC_ROW_SIZE = 0x20
                0x00000000                CY_EE_IN_BTLDR = 0x0
                0x00000000                CY_APPL_LOADABLE = 0x0
                0x00000800                CY_EE_SIZE = 0x800
                0x00000001                CY_APPL_NUM = 0x1
                0x00000001                CY_APPL_MAX = 0x1
                0x00000040                CY_METADATA_SIZE = 0x40
                0x00000000                CY_APPL_LOADABLE = 0x0
                0x00000000                CY_CHECKSUM_EXCLUDE_SIZE = ALIGN (0x0, CY_FLASH_ROW_SIZE)
                [!provide]                PROVIDE (__cy_heap_start, _end)
                0x00000001                PROVIDE (__cy_region_num, ((__cy_regions_end - __cy_regions) / 0x10))
                0x20008000                PROVIDE (__cy_stack, (ORIGIN (ram) + LENGTH (ram)))
                [!provide]                PROVIDE (__cy_heap_end, (__cy_stack - 0x800))

.cybootloader   0x00000000        0x0
 *(.cybootloader)
                0x00000000                appl1_start = CY_APPL_ORIGIN?CY_APPL_ORIGIN:ALIGN (CY_FLASH_ROW_SIZE)
                0x0001ff00                appl2_start = (appl1_start + ALIGN ((((LENGTH (rom) - appl1_start) - (0x2 * CY_FLASH_ROW_SIZE)) / 0x2), CY_FLASH_ROW_SIZE))
                0x00000000                appl_start = (CY_APPL_NUM == 0x1)?appl1_start:appl2_start
                0x00000000                ecc_offset = ((appl_start / CY_FLASH_ROW_SIZE) * CY_ECC_ROW_SIZE)
                0x00000000                ee_offset = (CY_APPL_LOADABLE && ! (CY_EE_IN_BTLDR))?((CY_EE_SIZE / CY_APPL_MAX) * (CY_APPL_NUM - 0x1)):0x0
                0x00000800                ee_size = (CY_APPL_LOADABLE && ! (CY_EE_IN_BTLDR))?(CY_EE_SIZE / CY_APPL_MAX):CY_EE_SIZE
                [!provide]                PROVIDE (CY_ECC_OFFSET, ecc_offset)

.text           0x00000000     0x32de
 CREATE_OBJECT_SYMBOLS
                0x00000000                PROVIDE (__cy_interrupt_vector, RomVectors)
 *(.romvectors)
 .romvectors    0x00000000       0x10 .\CortexM3\ARM_GCC_541\Debug\Cm3Start.o
                0x00000000                RomVectors
                0x00000001                ASSERT ((. != __cy_interrupt_vector), No interrupt vector)
                0x00000001                ASSERT (CY_APPL_ORIGIN?(SIZEOF (.cybootloader) <= CY_APPL_ORIGIN):0x1, Wrong image location)
                0x00000010                PROVIDE (__cy_reset, Reset)
 *(.text.Reset)
 .text.Reset    0x00000010       0x18 .\CortexM3\ARM_GCC_541\Debug\Cm3Start.o
                0x00000010                Reset
                0x00000001                ASSERT ((. != __cy_reset), No reset code)
 *(.dma_init)
                0x00000001                ASSERT ((((appl_start + .) <= 0x10000) || 0x1), DMA Init must be within the first 64k of flash)
 *(.text .text.* .gnu.linkonce.t.*)
 .text          0x00000028       0x5c d:/program files (x86)/cypress/psoc creator/4.2/psoc creator/import/gnu/arm/5.4.1/bin/../lib/gcc/arm-none-eabi/5.4.1/armv7-m/crtbegin.o
 .text.Int_dato
                0x00000084       0x20 .\CortexM3\ARM_GCC_541\Debug\main.o
                0x00000084                Int_dato
 *fill*         0x000000a4        0x4 
 .text.coeficientes
                0x000000a8      0x1c8 .\CortexM3\ARM_GCC_541\Debug\main.o
                0x000000a8                coeficientes
 .text.visual   0x00000270       0xd4 .\CortexM3\ARM_GCC_541\Debug\main.o
                0x00000270                visual
 .text.Int_SW   0x00000344      0x130 .\CortexM3\ARM_GCC_541\Debug\main.o
                0x00000344                Int_SW
 .text.main     0x00000474       0xfc .\CortexM3\ARM_GCC_541\Debug\main.o
                0x00000474                main
 .text.CyClockStartupError
                0x00000570        0x4 .\CortexM3\ARM_GCC_541\Debug\cyfitter_cfg.o
 .text.cfg_write_bytes32
                0x00000574       0x34 .\CortexM3\ARM_GCC_541\Debug\cyfitter_cfg.o
 .text.AnalogSetDefault
                0x000005a8       0x44 .\CortexM3\ARM_GCC_541\Debug\cyfitter_cfg.o
 .text.CYMEMZERO
                0x000005ec        0xc .\CortexM3\ARM_GCC_541\Debug\cyfitter_cfg.o
 .text.CYCONFIGCPY
                0x000005f8        0x8 .\CortexM3\ARM_GCC_541\Debug\cyfitter_cfg.o
 .text.ClockSetup
                0x00000600       0xf0 .\CortexM3\ARM_GCC_541\Debug\cyfitter_cfg.o
 .text.ADC_AMux_Set
                0x000006f0       0x1c .\CortexM3\ARM_GCC_541\Debug\cyfitter_cfg.o
                0x000006f0                ADC_AMux_Set
 .text.ADC_AMux_Unset
                0x0000070c       0x1c .\CortexM3\ARM_GCC_541\Debug\cyfitter_cfg.o
                0x0000070c                ADC_AMux_Unset
 .text.cyfitter_cfg
                0x00000728      0x158 .\CortexM3\ARM_GCC_541\Debug\cyfitter_cfg.o
                0x00000728                cyfitter_cfg
 .text.IntDefaultHandler
                0x00000880       0x10 .\CortexM3\ARM_GCC_541\Debug\Cm3Start.o
                0x00000880                IntDefaultHandler
 .text.Start_c  0x00000890       0x4c .\CortexM3\ARM_GCC_541\Debug\Cm3Start.o
                0x00000890                Start_c
 .text.initialize_psoc
                0x000008dc       0x6c .\CortexM3\ARM_GCC_541\Debug\Cm3Start.o
                0x000008dc                initialize_psoc
 .text.P0_Read  0x00000948        0xc .\CortexM3\ARM_GCC_541\Debug\FiltroDigital.a(P0.o)
                0x00000948                P0_Read
 .text.CyDmacConfigure
                0x00000954       0x34 .\CortexM3\ARM_GCC_541\Debug\FiltroDigital.a(CyDmac.o)
                0x00000954                CyDmacConfigure
 .text.CyDmaChEnable
                0x00000988       0x38 .\CortexM3\ARM_GCC_541\Debug\FiltroDigital.a(CyDmac.o)
                0x00000988                CyDmaChEnable
 .text.CyDmaChPriority
                0x000009c0       0x24 .\CortexM3\ARM_GCC_541\Debug\FiltroDigital.a(CyDmac.o)
                0x000009c0                CyDmaChPriority
 .text.CyDmaChSetExtendedAddress
                0x000009e4       0x34 .\CortexM3\ARM_GCC_541\Debug\FiltroDigital.a(CyDmac.o)
                0x000009e4                CyDmaChSetExtendedAddress
 .text.CyDmaChSetInitialTd
                0x00000a18       0x18 .\CortexM3\ARM_GCC_541\Debug\FiltroDigital.a(CyDmac.o)
                0x00000a18                CyDmaChSetInitialTd
 .text.CyDmaChSetConfiguration
                0x00000a30       0x44 .\CortexM3\ARM_GCC_541\Debug\FiltroDigital.a(CyDmac.o)
                0x00000a30                CyDmaChSetConfiguration
 .text.CyDmaTdAllocate
                0x00000a74       0x34 .\CortexM3\ARM_GCC_541\Debug\FiltroDigital.a(CyDmac.o)
                0x00000a74                CyDmaTdAllocate
 .text.CyDmaTdSetConfiguration
                0x00000aa8       0x28 .\CortexM3\ARM_GCC_541\Debug\FiltroDigital.a(CyDmac.o)
                0x00000aa8                CyDmaTdSetConfiguration
 .text.CyDmaTdSetAddress
                0x00000ad0       0x1c .\CortexM3\ARM_GCC_541\Debug\FiltroDigital.a(CyDmac.o)
                0x00000ad0                CyDmaTdSetAddress
 .text.CyHalt   0x00000aec        0x4 .\CortexM3\ARM_GCC_541\Debug\FiltroDigital.a(CyLib.o)
                0x00000aec                CyHalt
 .text.CyDelay  0x00000af0       0x2c .\CortexM3\ARM_GCC_541\Debug\FiltroDigital.a(CyLib.o)
                0x00000af0                CyDelay
 .text.CyDelayUs
                0x00000b1c       0x14 .\CortexM3\ARM_GCC_541\Debug\FiltroDigital.a(CyLib.o)
                0x00000b1c                CyDelayUs
 .text.CyIntSetVector
                0x00000b30       0x28 .\CortexM3\ARM_GCC_541\Debug\FiltroDigital.a(CyLib.o)
                0x00000b30                CyIntSetVector
 .text.CyIntSetPriority
                0x00000b58       0x30 .\CortexM3\ARM_GCC_541\Debug\FiltroDigital.a(CyLib.o)
                0x00000b58                CyIntSetPriority
 .text.SW_Read  0x00000b88       0x10 .\CortexM3\ARM_GCC_541\Debug\FiltroDigital.a(SW.o)
                0x00000b88                SW_Read
 .text.SW_ClearInterrupt
                0x00000b98       0x10 .\CortexM3\ARM_GCC_541\Debug\FiltroDigital.a(SW.o)
                0x00000b98                SW_ClearInterrupt
 .text.LCD_WrCntrlNib
                0x00000ba8       0x34 .\CortexM3\ARM_GCC_541\Debug\FiltroDigital.a(LCD.o)
 .text.LCD_WrDatNib
                0x00000bdc       0x44 .\CortexM3\ARM_GCC_541\Debug\FiltroDigital.a(LCD.o)
 .text.LCD_IsReady
                0x00000c20       0xe4 .\CortexM3\ARM_GCC_541\Debug\FiltroDigital.a(LCD.o)
                0x00000c20                LCD_IsReady
 .text.LCD_WriteData
                0x00000d04       0x18 .\CortexM3\ARM_GCC_541\Debug\FiltroDigital.a(LCD.o)
                0x00000d04                LCD_WriteData
 .text.LCD_PrintString
                0x00000d1c       0x1c .\CortexM3\ARM_GCC_541\Debug\FiltroDigital.a(LCD.o)
                0x00000d1c                LCD_PrintString
 .text.LCD_WriteControl
                0x00000d38       0x18 .\CortexM3\ARM_GCC_541\Debug\FiltroDigital.a(LCD.o)
                0x00000d38                LCD_WriteControl
 .text.LCD_Init
                0x00000d50       0x74 .\CortexM3\ARM_GCC_541\Debug\FiltroDigital.a(LCD.o)
                0x00000d50                LCD_Init
 .text.LCD_Enable
                0x00000dc4       0x14 .\CortexM3\ARM_GCC_541\Debug\FiltroDigital.a(LCD.o)
                0x00000dc4                LCD_Enable
 .text.LCD_Start
                0x00000dd8       0x1c .\CortexM3\ARM_GCC_541\Debug\FiltroDigital.a(LCD.o)
                0x00000dd8                LCD_Start
 .text.LCD_Position
                0x00000df4       0x3c .\CortexM3\ARM_GCC_541\Debug\FiltroDigital.a(LCD.o)
                0x00000df4                LCD_Position
 .text.LCD_PrintU32Number
                0x00000e30       0x64 .\CortexM3\ARM_GCC_541\Debug\FiltroDigital.a(LCD.o)
                0x00000e30                LCD_PrintU32Number
 .text.LCD_LoadCustomFonts
                0x00000e94       0x2c .\CortexM3\ARM_GCC_541\Debug\FiltroDigital.a(LCD_CustChars.o)
                0x00000e94                LCD_LoadCustomFonts
 .text.ISR_SW_SetVector
                0x00000ec0        0xc .\CortexM3\ARM_GCC_541\Debug\FiltroDigital.a(ISR_SW.o)
                0x00000ec0                ISR_SW_SetVector
 .text.ISR_SW_SetPriority
                0x00000ecc       0x10 .\CortexM3\ARM_GCC_541\Debug\FiltroDigital.a(ISR_SW.o)
                0x00000ecc                ISR_SW_SetPriority
 .text.ISR_SW_Enable
                0x00000edc        0xc .\CortexM3\ARM_GCC_541\Debug\FiltroDigital.a(ISR_SW.o)
                0x00000edc                ISR_SW_Enable
 .text.ISR_SW_Disable
                0x00000ee8        0xc .\CortexM3\ARM_GCC_541\Debug\FiltroDigital.a(ISR_SW.o)
                0x00000ee8                ISR_SW_Disable
 .text.ISR_SW_StartEx
                0x00000ef4       0x1c .\CortexM3\ARM_GCC_541\Debug\FiltroDigital.a(ISR_SW.o)
                0x00000ef4                ISR_SW_StartEx
 .text.Control_Write
                0x00000f10        0xc .\CortexM3\ARM_GCC_541\Debug\FiltroDigital.a(Control.o)
                0x00000f10                Control_Write
 .text.ADC_GainCompensation
                0x00000f1c       0xdc .\CortexM3\ARM_GCC_541\Debug\FiltroDigital.a(ADC.o)
 .text.ADC_SetDSMRef0Reg
                0x00000ff8       0x4c .\CortexM3\ARM_GCC_541\Debug\FiltroDigital.a(ADC.o)
 .text.ADC_InitConfig
                0x00001044       0xdc .\CortexM3\ARM_GCC_541\Debug\FiltroDigital.a(ADC.o)
 .text.ADC_Init
                0x00001120       0xc4 .\CortexM3\ARM_GCC_541\Debug\FiltroDigital.a(ADC.o)
                0x00001120                ADC_Init
 .text.ADC_Enable
                0x000011e4       0xd8 .\CortexM3\ARM_GCC_541\Debug\FiltroDigital.a(ADC.o)
                0x000011e4                ADC_Enable
 .text.ADC_Start
                0x000012bc       0x28 .\CortexM3\ARM_GCC_541\Debug\FiltroDigital.a(ADC.o)
                0x000012bc                ADC_Start
 .text.ADC_StartConvert
                0x000012e4       0x10 .\CortexM3\ARM_GCC_541\Debug\FiltroDigital.a(ADC.o)
                0x000012e4                ADC_StartConvert
 .text.ADC_ISR1
                0x000012f4        0x4 .\CortexM3\ARM_GCC_541\Debug\FiltroDigital.a(ADC_INT.o)
                0x000012f4                ADC_ISR1
 .text.DAC_Enable
                0x000012f8       0x1c .\CortexM3\ARM_GCC_541\Debug\FiltroDigital.a(DAC.o)
                0x000012f8                DAC_Enable
 .text.DAC_SetSpeed
                0x00001314       0x1c .\CortexM3\ARM_GCC_541\Debug\FiltroDigital.a(DAC.o)
                0x00001314                DAC_SetSpeed
 .text.DAC_SetValue
                0x00001330        0xc .\CortexM3\ARM_GCC_541\Debug\FiltroDigital.a(DAC.o)
                0x00001330                DAC_SetValue
 .text.DAC_DacTrim
                0x0000133c       0x24 .\CortexM3\ARM_GCC_541\Debug\FiltroDigital.a(DAC.o)
                0x0000133c                DAC_DacTrim
 .text.DAC_SetRange
                0x00001360       0x20 .\CortexM3\ARM_GCC_541\Debug\FiltroDigital.a(DAC.o)
                0x00001360                DAC_SetRange
 .text.DAC_Init
                0x00001380       0x20 .\CortexM3\ARM_GCC_541\Debug\FiltroDigital.a(DAC.o)
                0x00001380                DAC_Init
 .text.DAC_Start
                0x000013a0       0x24 .\CortexM3\ARM_GCC_541\Debug\FiltroDigital.a(DAC.o)
                0x000013a0                DAC_Start
 .text.ADC_AMux_Start
                0x000013c4       0x20 .\CortexM3\ARM_GCC_541\Debug\FiltroDigital.a(ADC_AMux.o)
                0x000013c4                ADC_AMux_Start
 .text.ADC_AMux_Select
                0x000013e4       0x18 .\CortexM3\ARM_GCC_541\Debug\FiltroDigital.a(ADC_AMux.o)
                0x000013e4                ADC_AMux_Select
 .text.ADC_Ext_CP_Clk_GetDividerRegister
                0x000013fc        0xc .\CortexM3\ARM_GCC_541\Debug\FiltroDigital.a(ADC_Ext_CP_Clk.o)
                0x000013fc                ADC_Ext_CP_Clk_GetDividerRegister
 .text.ADC_Ext_CP_Clk_SetModeRegister
                0x00001408       0x14 .\CortexM3\ARM_GCC_541\Debug\FiltroDigital.a(ADC_Ext_CP_Clk.o)
                0x00001408                ADC_Ext_CP_Clk_SetModeRegister
 .text.ADC_Ext_CP_Clk_GetSourceRegister
                0x0000141c       0x10 .\CortexM3\ARM_GCC_541\Debug\FiltroDigital.a(ADC_Ext_CP_Clk.o)
                0x0000141c                ADC_Ext_CP_Clk_GetSourceRegister
 .text.ADC_Ext_CP_Clk_SetDividerRegister
                0x0000142c       0xd8 .\CortexM3\ARM_GCC_541\Debug\FiltroDigital.a(ADC_Ext_CP_Clk.o)
                0x0000142c                ADC_Ext_CP_Clk_SetDividerRegister
 .text.ADC_theACLK_GetDividerRegister
                0x00001504        0xc .\CortexM3\ARM_GCC_541\Debug\FiltroDigital.a(ADC_theACLK.o)
                0x00001504                ADC_theACLK_GetDividerRegister
 .text.ADC_theACLK_SetModeRegister
                0x00001510       0x14 .\CortexM3\ARM_GCC_541\Debug\FiltroDigital.a(ADC_theACLK.o)
                0x00001510                ADC_theACLK_SetModeRegister
 .text.ADC_theACLK_GetSourceRegister
                0x00001524       0x10 .\CortexM3\ARM_GCC_541\Debug\FiltroDigital.a(ADC_theACLK.o)
                0x00001524                ADC_theACLK_GetSourceRegister
 .text.ADC_theACLK_SetDividerRegister
                0x00001534       0xd8 .\CortexM3\ARM_GCC_541\Debug\FiltroDigital.a(ADC_theACLK.o)
                0x00001534                ADC_theACLK_SetDividerRegister
 .text.ISR_Data_SetVector
                0x0000160c        0xc .\CortexM3\ARM_GCC_541\Debug\FiltroDigital.a(ISR_Data.o)
                0x0000160c                ISR_Data_SetVector
 .text.ISR_Data_SetPriority
                0x00001618       0x10 .\CortexM3\ARM_GCC_541\Debug\FiltroDigital.a(ISR_Data.o)
                0x00001618                ISR_Data_SetPriority
 .text.ISR_Data_Enable
                0x00001628        0xc .\CortexM3\ARM_GCC_541\Debug\FiltroDigital.a(ISR_Data.o)
                0x00001628                ISR_Data_Enable
 .text.ISR_Data_Disable
                0x00001634        0xc .\CortexM3\ARM_GCC_541\Debug\FiltroDigital.a(ISR_Data.o)
                0x00001634                ISR_Data_Disable
 .text.ISR_Data_StartEx
                0x00001640       0x1c .\CortexM3\ARM_GCC_541\Debug\FiltroDigital.a(ISR_Data.o)
                0x00001640                ISR_Data_StartEx
 .text.DMA_OUT_DmaInitialize
                0x0000165c       0x3c .\CortexM3\ARM_GCC_541\Debug\FiltroDigital.a(DMA_OUT_dma.o)
                0x0000165c                DMA_OUT_DmaInitialize
 .text.DMA_IN_DmaInitialize
                0x00001698       0x3c .\CortexM3\ARM_GCC_541\Debug\FiltroDigital.a(DMA_IN_dma.o)
                0x00001698                DMA_IN_DmaInitialize
 *fill*         0x000016d4        0x4 
 .text          0x000016d8       0x20 .\CortexM3\ARM_GCC_541\Debug\FiltroDigital.a(CyBootAsmGnu.o)
                0x000016d8                CyDelayCycles
                0x000016e8                CyEnterCriticalSection
                0x000016f0                CyExitCriticalSection
 .text.sin      0x000016f8       0x90 d:/program files (x86)/cypress/psoc creator/4.2/psoc creator/import/gnu/arm/5.4.1/bin/../lib/gcc/arm-none-eabi/5.4.1/../../../../arm-none-eabi/lib/armv7-m\libm.a(lib_a-s_sin.o)
                0x000016f8                sin
 .text.__ieee754_rem_pio2
                0x00001788      0x42c d:/program files (x86)/cypress/psoc creator/4.2/psoc creator/import/gnu/arm/5.4.1/bin/../lib/gcc/arm-none-eabi/5.4.1/../../../../arm-none-eabi/lib/armv7-m\libm.a(lib_a-e_rem_pio2.o)
                0x00001788                __ieee754_rem_pio2
 *fill*         0x00001bb4        0x4 
 .text.__kernel_cos
                0x00001bb8      0x248 d:/program files (x86)/cypress/psoc creator/4.2/psoc creator/import/gnu/arm/5.4.1/bin/../lib/gcc/arm-none-eabi/5.4.1/../../../../arm-none-eabi/lib/armv7-m\libm.a(lib_a-k_cos.o)
                0x00001bb8                __kernel_cos
 .text.__kernel_rem_pio2
                0x00001e00      0x7f0 d:/program files (x86)/cypress/psoc creator/4.2/psoc creator/import/gnu/arm/5.4.1/bin/../lib/gcc/arm-none-eabi/5.4.1/../../../../arm-none-eabi/lib/armv7-m\libm.a(lib_a-k_rem_pio2.o)
                0x00001e00                __kernel_rem_pio2
 .text.__kernel_sin
                0x000025f0      0x16c d:/program files (x86)/cypress/psoc creator/4.2/psoc creator/import/gnu/arm/5.4.1/bin/../lib/gcc/arm-none-eabi/5.4.1/../../../../arm-none-eabi/lib/armv7-m\libm.a(lib_a-k_sin.o)
                0x000025f0                __kernel_sin
 .text.fabs     0x0000275c        0x8 d:/program files (x86)/cypress/psoc creator/4.2/psoc creator/import/gnu/arm/5.4.1/bin/../lib/gcc/arm-none-eabi/5.4.1/../../../../arm-none-eabi/lib/armv7-m\libm.a(lib_a-s_fabs.o)
                0x0000275c                fabs
 *fill*         0x00002764        0x4 
 .text.floor    0x00002768      0x110 d:/program files (x86)/cypress/psoc creator/4.2/psoc creator/import/gnu/arm/5.4.1/bin/../lib/gcc/arm-none-eabi/5.4.1/../../../../arm-none-eabi/lib/armv7-m\libm.a(lib_a-s_floor.o)
                0x00002768                floor
 .text.scalbn   0x00002878       0xe4 d:/program files (x86)/cypress/psoc creator/4.2/psoc creator/import/gnu/arm/5.4.1/bin/../lib/gcc/arm-none-eabi/5.4.1/../../../../arm-none-eabi/lib/armv7-m\libm.a(lib_a-s_scalbn.o)
                0x00002878                scalbn
 .text.copysign
                0x0000295c       0x10 d:/program files (x86)/cypress/psoc creator/4.2/psoc creator/import/gnu/arm/5.4.1/bin/../lib/gcc/arm-none-eabi/5.4.1/../../../../arm-none-eabi/lib/armv7-m\libm.a(lib_a-s_copysign.o)
                0x0000295c                copysign
 .text          0x0000296c      0x370 d:/program files (x86)/cypress/psoc creator/4.2/psoc creator/import/gnu/arm/5.4.1/bin/../lib/gcc/arm-none-eabi/5.4.1/armv7-m\libgcc.a(_arm_addsubdf3.o)
                0x0000296c                __aeabi_drsub
                0x00002974                __aeabi_dsub
                0x00002974                __subdf3
                0x00002978                __aeabi_dadd
                0x00002978                __adddf3
                0x00002bf0                __floatunsidf
                0x00002bf0                __aeabi_ui2d
                0x00002c10                __floatsidf
                0x00002c10                __aeabi_i2d
                0x00002c34                __aeabi_f2d
                0x00002c34                __extendsfdf2
                0x00002c70                __floatundidf
                0x00002c70                __aeabi_ul2d
                0x00002c80                __floatdidf
                0x00002c80                __aeabi_l2d
 .text          0x00002cdc      0x424 d:/program files (x86)/cypress/psoc creator/4.2/psoc creator/import/gnu/arm/5.4.1/bin/../lib/gcc/arm-none-eabi/5.4.1/armv7-m\libgcc.a(_arm_muldivdf3.o)
                0x00002cdc                __aeabi_dmul
                0x00002cdc                __muldf3
                0x00002f30                __divdf3
                0x00002f30                __aeabi_ddiv
 .text          0x00003100      0x110 d:/program files (x86)/cypress/psoc creator/4.2/psoc creator/import/gnu/arm/5.4.1/bin/../lib/gcc/arm-none-eabi/5.4.1/armv7-m\libgcc.a(_arm_cmpdf2.o)
                0x00003100                __gtdf2
                0x00003100                __gedf2
                0x00003108                __ltdf2
                0x00003108                __ledf2
                0x00003110                __nedf2
                0x00003110                __eqdf2
                0x00003110                __cmpdf2
                0x0000318c                __aeabi_cdrcmple
                0x0000319c                __aeabi_cdcmpeq
                0x0000319c                __aeabi_cdcmple
                0x000031ac                __aeabi_dcmpeq
                0x000031c0                __aeabi_dcmplt
                0x000031d4                __aeabi_dcmple
                0x000031e8                __aeabi_dcmpge
                0x000031fc                __aeabi_dcmpgt
 .text          0x00003210       0x50 d:/program files (x86)/cypress/psoc creator/4.2/psoc creator/import/gnu/arm/5.4.1/bin/../lib/gcc/arm-none-eabi/5.4.1/armv7-m\libgcc.a(_arm_fixdfsi.o)
                0x00003210                __aeabi_d2iz
                0x00003210                __fixdfsi
 .text.__errno  0x00003260        0xc d:/program files (x86)/cypress/psoc creator/4.2/psoc creator/import/gnu/arm/5.4.1/bin/../lib/gcc/arm-none-eabi/5.4.1/../../../../arm-none-eabi/lib/armv7-m\libg_nano.a(lib_a-errno.o)
                0x00003260                __errno
 .text.__libc_init_array
                0x0000326c       0x4c d:/program files (x86)/cypress/psoc creator/4.2/psoc creator/import/gnu/arm/5.4.1/bin/../lib/gcc/arm-none-eabi/5.4.1/../../../../arm-none-eabi/lib/armv7-m\libg_nano.a(lib_a-init.o)
                0x0000326c                __libc_init_array
 .text.memcpy   0x000032b8       0x16 d:/program files (x86)/cypress/psoc creator/4.2/psoc creator/import/gnu/arm/5.4.1/bin/../lib/gcc/arm-none-eabi/5.4.1/../../../../arm-none-eabi/lib/armv7-m\libg_nano.a(lib_a-memcpy-stub.o)
                0x000032b8                memcpy
 .text.memset   0x000032ce       0x10 d:/program files (x86)/cypress/psoc creator/4.2/psoc creator/import/gnu/arm/5.4.1/bin/../lib/gcc/arm-none-eabi/5.4.1/../../../../arm-none-eabi/lib/armv7-m\libg_nano.a(lib_a-memset.o)
                0x000032ce                memset
 *(.plt)
 *(.gnu.warning)
 *(.glue_7t)
 .glue_7t       0x000032de        0x0 linker stubs
 *(.glue_7)
 .glue_7        0x000032de        0x0 linker stubs
 *(.vfp11_veneer)
 .vfp11_veneer  0x000032de        0x0 linker stubs
 *(.bootloader)
 *(.ARM.extab* .gnu.linkonce.armextab.*)
 *(.gcc_except_table)

.v4_bx          0x000032e0        0x0
 .v4_bx         0x000032e0        0x0 linker stubs

.iplt           0x000032e0        0x0
 .iplt          0x000032e0        0x0 d:/program files (x86)/cypress/psoc creator/4.2/psoc creator/import/gnu/arm/5.4.1/bin/../lib/gcc/arm-none-eabi/5.4.1/armv7-m/crtbegin.o

.eh_frame_hdr
 *(.eh_frame_hdr)

.eh_frame       0x000032e0        0x4
 *(.eh_frame)
 .eh_frame      0x000032e0        0x0 d:/program files (x86)/cypress/psoc creator/4.2/psoc creator/import/gnu/arm/5.4.1/bin/../lib/gcc/arm-none-eabi/5.4.1/armv7-m/crtbegin.o
 .eh_frame      0x000032e0        0x4 d:/program files (x86)/cypress/psoc creator/4.2/psoc creator/import/gnu/arm/5.4.1/bin/../lib/gcc/arm-none-eabi/5.4.1/armv7-m/crtend.o
                [!provide]                PROVIDE (__exidx_start, .)

.ARM.exidx
 *(.ARM.exidx* .gnu.linkonce.armexidx.*)
                0x000032e4                __exidx_end = .

.rodata         0x000032e8      0x2e8
 *(.rodata .rodata.* .gnu.linkonce.r.*)
 .rodata.str1.4
                0x000032e8       0x50 .\CortexM3\ARM_GCC_541\Debug\main.o
                                 0x4e (size before relaxing)
 .rodata        0x00003338       0x42 .\CortexM3\ARM_GCC_541\Debug\cyfitter_cfg.o
                0x00003338                ADC_AMux__addrTable
                0x00003340                ADC_AMux__maskTable
 *fill*         0x0000337a        0x2 
 .rodata        0x0000337c       0x40 .\CortexM3\ARM_GCC_541\Debug\FiltroDigital.a(LCD_CustChars.o)
                0x0000337c                LCD_customFonts
 .rodata.npio2_hw
                0x000033bc       0x80 d:/program files (x86)/cypress/psoc creator/4.2/psoc creator/import/gnu/arm/5.4.1/bin/../lib/gcc/arm-none-eabi/5.4.1/../../../../arm-none-eabi/lib/armv7-m\libm.a(lib_a-e_rem_pio2.o)
 .rodata.two_over_pi
                0x0000343c      0x108 d:/program files (x86)/cypress/psoc creator/4.2/psoc creator/import/gnu/arm/5.4.1/bin/../lib/gcc/arm-none-eabi/5.4.1/../../../../arm-none-eabi/lib/armv7-m\libm.a(lib_a-e_rem_pio2.o)
 .rodata.init_jk
                0x00003544       0x10 d:/program files (x86)/cypress/psoc creator/4.2/psoc creator/import/gnu/arm/5.4.1/bin/../lib/gcc/arm-none-eabi/5.4.1/../../../../arm-none-eabi/lib/armv7-m\libm.a(lib_a-k_rem_pio2.o)
 *fill*         0x00003554        0x4 
 .rodata.PIo2   0x00003558       0x40 d:/program files (x86)/cypress/psoc creator/4.2/psoc creator/import/gnu/arm/5.4.1/bin/../lib/gcc/arm-none-eabi/5.4.1/../../../../arm-none-eabi/lib/armv7-m\libm.a(lib_a-k_rem_pio2.o)
 .rodata.str1.1
                0x00003598        0x2 d:/program files (x86)/cypress/psoc creator/4.2/psoc creator/import/gnu/arm/5.4.1/bin/../lib/gcc/arm-none-eabi/5.4.1/../../../../arm-none-eabi/lib/armv7-m\libg_nano.a(lib_a-impure.o)
                0x0000359c                . = ALIGN (0x4)
 *fill*         0x0000359a        0x2 
 *(.init)
 .init          0x0000359c        0x4 d:/program files (x86)/cypress/psoc creator/4.2/psoc creator/import/gnu/arm/5.4.1/bin/../lib/gcc/arm-none-eabi/5.4.1/armv7-m/crti.o
                0x0000359c                _init
 .init          0x000035a0        0x8 d:/program files (x86)/cypress/psoc creator/4.2/psoc creator/import/gnu/arm/5.4.1/bin/../lib/gcc/arm-none-eabi/5.4.1/armv7-m/crtn.o
                0x000035a8                . = ALIGN (0x4)
                0x000035a8                __preinit_array_start = .
 *(.preinit_array)
                0x000035a8                __preinit_array_end = .
                0x000035a8                . = ALIGN (0x4)
                0x000035a8                __init_array_start = .
 *(SORT(.init_array.*))
 *(.init_array)
 .init_array    0x000035a8        0x4 d:/program files (x86)/cypress/psoc creator/4.2/psoc creator/import/gnu/arm/5.4.1/bin/../lib/gcc/arm-none-eabi/5.4.1/armv7-m/crtbegin.o
 .init_array    0x000035ac        0x4 .\CortexM3\ARM_GCC_541\Debug\Cm3Start.o
                0x000035b0                __init_array_end = .
                0x000035b0                . = ALIGN (0x4)
 *(.fini)
 .fini          0x000035b0        0x4 d:/program files (x86)/cypress/psoc creator/4.2/psoc creator/import/gnu/arm/5.4.1/bin/../lib/gcc/arm-none-eabi/5.4.1/armv7-m/crti.o
                0x000035b0                _fini
 .fini          0x000035b4        0x8 d:/program files (x86)/cypress/psoc creator/4.2/psoc creator/import/gnu/arm/5.4.1/bin/../lib/gcc/arm-none-eabi/5.4.1/armv7-m/crtn.o
                0x000035bc                . = ALIGN (0x4)
                0x000035bc                __fini_array_start = .
 *(.fini_array)
 .fini_array    0x000035bc        0x4 d:/program files (x86)/cypress/psoc creator/4.2/psoc creator/import/gnu/arm/5.4.1/bin/../lib/gcc/arm-none-eabi/5.4.1/armv7-m/crtbegin.o
 *(SORT(.fini_array.*))
                0x000035c0                __fini_array_end = .
                0x000035c0                . = ALIGN (0x4)
 *crtbegin.o(.ctors)
 *(EXCLUDE_FILE(*crtend.o) .ctors)
 *(SORT(.ctors.*))
 *crtend.o(.ctors)
                0x000035c0                . = ALIGN (0x4)
 *crtbegin.o(.dtors)
 *(EXCLUDE_FILE(*crtend.o) .dtors)
 *(SORT(.dtors.*))
 *crtend.o(.dtors)
                0x000035c0                . = ALIGN (0x4)
                0x000035c0                __cy_regions = .
                0x000035c0        0x4 LONG 0x35d0 __cy_region_init_ram
                0x000035c4        0x4 LONG 0x1fff80c8 __cy_region_start_data
                0x000035c8        0x4 LONG 0x88 __cy_region_init_size_ram
                0x000035cc        0x4 LONG 0x498 __cy_region_zero_size_ram
                0x000035d0                __cy_regions_end = .
                0x000035d0                . = ALIGN (0x8)
                0x000035d0                _etext = .

.cy_checksum_exclude
                0x000035d0        0x0
 *(.cy_checksum_exclude)

.ramvectors     0x1fff8000       0xc0
                0x1fff8000                __cy_region_start_ram = .
 *(.ramvectors)
 .ramvectors    0x1fff8000       0xc0 .\CortexM3\ARM_GCC_541\Debug\Cm3Start.o
                0x1fff8000                CyRamVectors

.noinit         0x1fff80c0        0x1
 *(.noinit)
 .noinit        0x1fff80c0        0x1 .\CortexM3\ARM_GCC_541\Debug\FiltroDigital.a(CyLib.o)
                0x1fff80c0                CyResetStatus

.data           0x1fff80c8       0x88 load address 0x000035d0
                0x1fff80c8                __cy_region_start_data = .
 *(.jcr)
 .jcr           0x1fff80c8        0x0 d:/program files (x86)/cypress/psoc creator/4.2/psoc creator/import/gnu/arm/5.4.1/bin/../lib/gcc/arm-none-eabi/5.4.1/armv7-m/crtbegin.o
 .jcr           0x1fff80c8        0x4 d:/program files (x86)/cypress/psoc creator/4.2/psoc creator/import/gnu/arm/5.4.1/bin/../lib/gcc/arm-none-eabi/5.4.1/armv7-m/crtend.o
 *(.got.plt)
 *(.got)
 *(.shdata)
 *(.data .data.* .gnu.linkonce.d.*)
 .data          0x1fff80cc        0x2 .\CortexM3\ARM_GCC_541\Debug\main.o
                0x1fff80cc                frecuencia
 *fill*         0x1fff80ce        0x2 
 .data          0x1fff80d0        0x8 .\CortexM3\ARM_GCC_541\Debug\FiltroDigital.a(CyDmac.o)
 .data          0x1fff80d8       0x10 .\CortexM3\ARM_GCC_541\Debug\FiltroDigital.a(CyLib.o)
                0x1fff80d8                cydelay_32k_ms
                0x1fff80dc                cydelay_freq_khz
                0x1fff80e0                cydelay_freq_mhz
                0x1fff80e4                cydelay_freq_hz
 .data          0x1fff80e8        0x1 .\CortexM3\ARM_GCC_541\Debug\FiltroDigital.a(ADC.o)
                0x1fff80e8                ADC_Config
 .data          0x1fff80e9        0x1 .\CortexM3\ARM_GCC_541\Debug\FiltroDigital.a(ADC_AMux.o)
 .data          0x1fff80ea        0x1 .\CortexM3\ARM_GCC_541\Debug\FiltroDigital.a(DMA_OUT_dma.o)
                0x1fff80ea                DMA_OUT_DmaHandle
 .data          0x1fff80eb        0x1 .\CortexM3\ARM_GCC_541\Debug\FiltroDigital.a(DMA_IN_dma.o)
                0x1fff80eb                DMA_IN_DmaHandle
 .data.impure_data
                0x1fff80ec       0x60 d:/program files (x86)/cypress/psoc creator/4.2/psoc creator/import/gnu/arm/5.4.1/bin/../lib/gcc/arm-none-eabi/5.4.1/../../../../arm-none-eabi/lib/armv7-m\libg_nano.a(lib_a-impure.o)
 .data._impure_ptr
                0x1fff814c        0x4 d:/program files (x86)/cypress/psoc creator/4.2/psoc creator/import/gnu/arm/5.4.1/bin/../lib/gcc/arm-none-eabi/5.4.1/../../../../arm-none-eabi/lib/armv7-m\libg_nano.a(lib_a-impure.o)
                0x1fff814c                _impure_ptr
                0x1fff8150                . = ALIGN (0x8)
 *(.ram)
                0x1fff8150                _edata = .

.igot.plt       0x1fff8150        0x0 load address 0x00003658
 .igot.plt      0x1fff8150        0x0 d:/program files (x86)/cypress/psoc creator/4.2/psoc creator/import/gnu/arm/5.4.1/bin/../lib/gcc/arm-none-eabi/5.4.1/armv7-m/crtbegin.o

.bss            0x1fff8150      0x498 load address 0x00003658
                0x1fff8150                PROVIDE (__bss_start__, .)
 *(.shbss)
 *(.bss .bss.* .gnu.linkonce.b.*)
 .bss           0x1fff8150       0x1c d:/program files (x86)/cypress/psoc creator/4.2/psoc creator/import/gnu/arm/5.4.1/bin/../lib/gcc/arm-none-eabi/5.4.1/armv7-m/crtbegin.o
 .bss           0x1fff816c      0x405 .\CortexM3\ARM_GCC_541\Debug\main.o
                0x1fff816c                Muestra
                0x1fff836c                Salida
                0x1fff856b                clase
                0x1fff856c                de
                0x1fff856e                frecuenciaux
                0x1fff8570                cont
 .bss           0x1fff8571        0x2 .\CortexM3\ARM_GCC_541\Debug\FiltroDigital.a(LCD.o)
                0x1fff8571                LCD_enableState
                0x1fff8572                LCD_initVar
 *fill*         0x1fff8573        0x1 
 .bss           0x1fff8574        0xc .\CortexM3\ARM_GCC_541\Debug\FiltroDigital.a(ADC.o)
                0x1fff8578                ADC_stopConversion
                0x1fff8579                ADC_convDone
                0x1fff857a                ADC_initVar
                0x1fff857b                ADC_started
                0x1fff857c                ADC_Offset
 .bss           0x1fff8580        0x1 .\CortexM3\ARM_GCC_541\Debug\FiltroDigital.a(DAC.o)
                0x1fff8580                DAC_initVar
 *(COMMON)
 *fill*         0x1fff8581        0x7 
 COMMON         0x1fff8588       0x57 .\CortexM3\ARM_GCC_541\Debug\main.o
                0x1fff8588                bk
                0x1fff85d8                DMA_OUT_TD
                0x1fff85dc                DMA_IN_TD
                0x1fff85dd                DMA_IN_Chan
                0x1fff85de                DMA_OUT_Chan
 *fill*         0x1fff85df        0x1 
 COMMON         0x1fff85e0        0x4 .\CortexM3\ARM_GCC_541\Debug\FiltroDigital.a(ADC.o)
                0x1fff85e0                ADC_CountsPerVolt
                0x1fff85e8                . = ALIGN (0x8)
 *fill*         0x1fff85e4        0x4 
 *(.ram.b)
                0x1fff85e8                _end = .
                0x1fff85e8                __end = .
                0x1fff85e8                PROVIDE (end, .)
                0x1fff85e8                PROVIDE (__bss_end__, .)
                0x000035d0                __cy_region_init_ram = LOADADDR (.data)
                0x00000088                __cy_region_init_size_ram = (_edata - ADDR (.data))
                0x00000498                __cy_region_zero_size_ram = (_end - _edata)

.heap           0x1fff85e8       0x80 load address 0x00003658
                0x1fff85e8                . = _end
                0x1fff8668                . = (. + 0x80)
 *fill*         0x1fff85e8       0x80 
                0x1fff8668                __cy_heap_limit = .

.stack          0x20007800      0x800
                0x20007800                __cy_stack_limit = .
                0x20008000                . = (. + 0x800)
 *fill*         0x20007800      0x800 
                0x00000001                ASSERT ((__cy_stack_limit >= __cy_heap_limit), region RAM overflowed with stack)
                0x00000000                cy_checksum_exclude_size = (CY_APPL_LOADABLE == 0x1)?SIZEOF (.cy_checksum_exclude):0x0
                0x00000001                ASSERT ((cy_checksum_exclude_size <= CY_CHECKSUM_EXCLUDE_SIZE), CY_BOOT: Section .cy_checksum_exclude size exceedes specified limit.)

.cyloadermeta
 *(.cyloadermeta)

.cyloadablemeta
 *(.cyloadablemeta)

.cyconfigecc    0x80000000      0x194
 *(.cyconfigecc)
 .cyconfigecc   0x80000000      0x194 .\CortexM3\ARM_GCC_541\Debug\cymetadata.o
                0x80000000                cy_meta_configecc

.cycustnvl      0x90000000        0x4
 *(.cycustnvl)
 .cycustnvl     0x90000000        0x4 .\CortexM3\ARM_GCC_541\Debug\cymetadata.o
                0x90000000                cy_meta_custnvl

.cywolatch      0x90100000        0x4
 *(.cywolatch)
 .cywolatch     0x90100000        0x4 .\CortexM3\ARM_GCC_541\Debug\cymetadata.o
                0x90100000                cy_meta_wonvl

.cyeeprom       0x90200000        0x0
 *(.cyeeprom)
                0x00000001                ASSERT ((. <= ((0x90200000 + ee_offset) + ee_size)), .cyeeprom data will not fit in EEPROM)

.cyflashprotect
                0x90400000      0x100
 *(.cyflashprotect)
 .cyflashprotect
                0x90400000      0x100 .\CortexM3\ARM_GCC_541\Debug\cymetadata.o
                0x90400000                cy_meta_flashprotect

.cymeta         0x90500000        0xc
 *(.cymeta)
 .cymeta        0x90500000        0xc .\CortexM3\ARM_GCC_541\Debug\cymetadata.o
                0x90500000                cy_metadata

.rel.dyn        0x00003658        0x0 load address 0x9050000c
 .rel.iplt      0x00003658        0x0 d:/program files (x86)/cypress/psoc creator/4.2/psoc creator/import/gnu/arm/5.4.1/bin/../lib/gcc/arm-none-eabi/5.4.1/armv7-m/crtbegin.o

.stab
 *(.stab)

.stabstr
 *(.stabstr)

.debug
 *(.debug)

.line
 *(.line)

.debug_srcinfo
 *(.debug_srcinfo)

.debug_sfnames
 *(.debug_sfnames)

.debug_aranges  0x00000000      0xb88
 *(.debug_aranges)
 .debug_aranges
                0x00000000       0x40 .\CortexM3\ARM_GCC_541\Debug\main.o
 .debug_aranges
                0x00000040       0x68 .\CortexM3\ARM_GCC_541\Debug\cyfitter_cfg.o
 .debug_aranges
                0x000000a8       0x18 .\CortexM3\ARM_GCC_541\Debug\cymetadata.o
 .debug_aranges
                0x000000c0       0x48 .\CortexM3\ARM_GCC_541\Debug\Cm3Start.o
 .debug_aranges
                0x00000108       0x38 .\CortexM3\ARM_GCC_541\Debug\FiltroDigital.a(P0.o)
 .debug_aranges
                0x00000140       0xd8 .\CortexM3\ARM_GCC_541\Debug\FiltroDigital.a(CyDmac.o)
 .debug_aranges
                0x00000218      0x2a0 .\CortexM3\ARM_GCC_541\Debug\FiltroDigital.a(CyLib.o)
 .debug_aranges
                0x000004b8       0x98 .\CortexM3\ARM_GCC_541\Debug\FiltroDigital.a(cyPm.o)
 .debug_aranges
                0x00000550       0x48 .\CortexM3\ARM_GCC_541\Debug\FiltroDigital.a(SW.o)
 .debug_aranges
                0x00000598       0x98 .\CortexM3\ARM_GCC_541\Debug\FiltroDigital.a(LCD.o)
 .debug_aranges
                0x00000630       0x20 .\CortexM3\ARM_GCC_541\Debug\FiltroDigital.a(LCD_CustChars.o)
 .debug_aranges
                0x00000650       0x80 .\CortexM3\ARM_GCC_541\Debug\FiltroDigital.a(ISR_SW.o)
 .debug_aranges
                0x000006d0       0x28 .\CortexM3\ARM_GCC_541\Debug\FiltroDigital.a(Control.o)
 .debug_aranges
                0x000006f8       0xe8 .\CortexM3\ARM_GCC_541\Debug\FiltroDigital.a(ADC.o)
 .debug_aranges
                0x000007e0       0x38 .\CortexM3\ARM_GCC_541\Debug\FiltroDigital.a(ADC_INT.o)
 .debug_aranges
                0x00000818       0x58 .\CortexM3\ARM_GCC_541\Debug\FiltroDigital.a(DAC.o)
 .debug_aranges
                0x00000870       0x30 .\CortexM3\ARM_GCC_541\Debug\FiltroDigital.a(ADC_AMux.o)
 .debug_aranges
                0x000008a0       0x70 .\CortexM3\ARM_GCC_541\Debug\FiltroDigital.a(ADC_Ext_CP_Clk.o)
 .debug_aranges
                0x00000910       0x80 .\CortexM3\ARM_GCC_541\Debug\FiltroDigital.a(ADC_theACLK.o)
 .debug_aranges
                0x00000990       0x80 .\CortexM3\ARM_GCC_541\Debug\FiltroDigital.a(ISR_Data.o)
 .debug_aranges
                0x00000a10       0x28 .\CortexM3\ARM_GCC_541\Debug\FiltroDigital.a(DMA_OUT_dma.o)
 .debug_aranges
                0x00000a38       0x28 .\CortexM3\ARM_GCC_541\Debug\FiltroDigital.a(DMA_IN_dma.o)
 .debug_aranges
                0x00000a60       0x20 .\CortexM3\ARM_GCC_541\Debug\FiltroDigital.a(CyBootAsmGnu.o)
 .debug_aranges
                0x00000a80       0x88 .\CortexM3\ARM_GCC_541\Debug\FiltroDigital.a(CyFlash.o)
 .debug_aranges
                0x00000b08       0x80 .\CortexM3\ARM_GCC_541\Debug\FiltroDigital.a(CySpc.o)

.debug_pubnames
 *(.debug_pubnames)

.debug_info     0x00000000     0x6fb9
 *(.debug_info .gnu.linkonce.wi.*)
 .debug_info    0x00000000      0x7fc .\CortexM3\ARM_GCC_541\Debug\main.o
 .debug_info    0x000007fc      0x6f2 .\CortexM3\ARM_GCC_541\Debug\cyfitter_cfg.o
 .debug_info    0x00000eee      0x135 .\CortexM3\ARM_GCC_541\Debug\cymetadata.o
 .debug_info    0x00001023      0x3cf .\CortexM3\ARM_GCC_541\Debug\Cm3Start.o
 .debug_info    0x000013f2      0x11f .\CortexM3\ARM_GCC_541\Debug\FiltroDigital.a(P0.o)
 .debug_info    0x00001511      0x94e .\CortexM3\ARM_GCC_541\Debug\FiltroDigital.a(CyDmac.o)
 .debug_info    0x00001e5f     0x1374 .\CortexM3\ARM_GCC_541\Debug\FiltroDigital.a(CyLib.o)
 .debug_info    0x000031d3      0xa2a .\CortexM3\ARM_GCC_541\Debug\FiltroDigital.a(cyPm.o)
 .debug_info    0x00003bfd      0x174 .\CortexM3\ARM_GCC_541\Debug\FiltroDigital.a(SW.o)
 .debug_info    0x00003d71      0x752 .\CortexM3\ARM_GCC_541\Debug\FiltroDigital.a(LCD.o)
 .debug_info    0x000044c3      0x159 .\CortexM3\ARM_GCC_541\Debug\FiltroDigital.a(LCD_CustChars.o)
 .debug_info    0x0000461c      0x2d2 .\CortexM3\ARM_GCC_541\Debug\FiltroDigital.a(ISR_SW.o)
 .debug_info    0x000048ee       0xd6 .\CortexM3\ARM_GCC_541\Debug\FiltroDigital.a(Control.o)
 .debug_info    0x000049c4      0xa1a .\CortexM3\ARM_GCC_541\Debug\FiltroDigital.a(ADC.o)
 .debug_info    0x000053de       0xd3 .\CortexM3\ARM_GCC_541\Debug\FiltroDigital.a(ADC_INT.o)
 .debug_info    0x000054b1      0x1de .\CortexM3\ARM_GCC_541\Debug\FiltroDigital.a(DAC.o)
 .debug_info    0x0000568f      0x165 .\CortexM3\ARM_GCC_541\Debug\FiltroDigital.a(ADC_AMux.o)
 .debug_info    0x000057f4      0x283 .\CortexM3\ARM_GCC_541\Debug\FiltroDigital.a(ADC_Ext_CP_Clk.o)
 .debug_info    0x00005a77      0x2c4 .\CortexM3\ARM_GCC_541\Debug\FiltroDigital.a(ADC_theACLK.o)
 .debug_info    0x00005d3b      0x2d2 .\CortexM3\ARM_GCC_541\Debug\FiltroDigital.a(ISR_Data.o)
 .debug_info    0x0000600d      0x1aa .\CortexM3\ARM_GCC_541\Debug\FiltroDigital.a(DMA_OUT_dma.o)
 .debug_info    0x000061b7      0x1a8 .\CortexM3\ARM_GCC_541\Debug\FiltroDigital.a(DMA_IN_dma.o)
 .debug_info    0x0000635f       0xbd .\CortexM3\ARM_GCC_541\Debug\FiltroDigital.a(CyBootAsmGnu.o)
 .debug_info    0x0000641c      0x64d .\CortexM3\ARM_GCC_541\Debug\FiltroDigital.a(CyFlash.o)
 .debug_info    0x00006a69      0x550 .\CortexM3\ARM_GCC_541\Debug\FiltroDigital.a(CySpc.o)

.debug_abbrev   0x00000000     0x1d73
 *(.debug_abbrev)
 .debug_abbrev  0x00000000      0x17c .\CortexM3\ARM_GCC_541\Debug\main.o
 .debug_abbrev  0x0000017c      0x22d .\CortexM3\ARM_GCC_541\Debug\cyfitter_cfg.o
 .debug_abbrev  0x000003a9       0x66 .\CortexM3\ARM_GCC_541\Debug\cymetadata.o
 .debug_abbrev  0x0000040f      0x1e8 .\CortexM3\ARM_GCC_541\Debug\Cm3Start.o
 .debug_abbrev  0x000005f7       0x90 .\CortexM3\ARM_GCC_541\Debug\FiltroDigital.a(P0.o)
 .debug_abbrev  0x00000687      0x1b2 .\CortexM3\ARM_GCC_541\Debug\FiltroDigital.a(CyDmac.o)
 .debug_abbrev  0x00000839      0x254 .\CortexM3\ARM_GCC_541\Debug\FiltroDigital.a(CyLib.o)
 .debug_abbrev  0x00000a8d      0x1ab .\CortexM3\ARM_GCC_541\Debug\FiltroDigital.a(cyPm.o)
 .debug_abbrev  0x00000c38       0x90 .\CortexM3\ARM_GCC_541\Debug\FiltroDigital.a(SW.o)
 .debug_abbrev  0x00000cc8      0x168 .\CortexM3\ARM_GCC_541\Debug\FiltroDigital.a(LCD.o)
 .debug_abbrev  0x00000e30       0xe2 .\CortexM3\ARM_GCC_541\Debug\FiltroDigital.a(LCD_CustChars.o)
 .debug_abbrev  0x00000f12      0x173 .\CortexM3\ARM_GCC_541\Debug\FiltroDigital.a(ISR_SW.o)
 .debug_abbrev  0x00001085       0x81 .\CortexM3\ARM_GCC_541\Debug\FiltroDigital.a(Control.o)
 .debug_abbrev  0x00001106      0x1cd .\CortexM3\ARM_GCC_541\Debug\FiltroDigital.a(ADC.o)
 .debug_abbrev  0x000012d3       0x42 .\CortexM3\ARM_GCC_541\Debug\FiltroDigital.a(ADC_INT.o)
 .debug_abbrev  0x00001315       0xf7 .\CortexM3\ARM_GCC_541\Debug\FiltroDigital.a(DAC.o)
 .debug_abbrev  0x0000140c       0xb1 .\CortexM3\ARM_GCC_541\Debug\FiltroDigital.a(ADC_AMux.o)
 .debug_abbrev  0x000014bd      0x139 .\CortexM3\ARM_GCC_541\Debug\FiltroDigital.a(ADC_Ext_CP_Clk.o)
 .debug_abbrev  0x000015f6      0x121 .\CortexM3\ARM_GCC_541\Debug\FiltroDigital.a(ADC_theACLK.o)
 .debug_abbrev  0x00001717      0x173 .\CortexM3\ARM_GCC_541\Debug\FiltroDigital.a(ISR_Data.o)
 .debug_abbrev  0x0000188a       0xcd .\CortexM3\ARM_GCC_541\Debug\FiltroDigital.a(DMA_OUT_dma.o)
 .debug_abbrev  0x00001957       0xcd .\CortexM3\ARM_GCC_541\Debug\FiltroDigital.a(DMA_IN_dma.o)
 .debug_abbrev  0x00001a24       0x14 .\CortexM3\ARM_GCC_541\Debug\FiltroDigital.a(CyBootAsmGnu.o)
 .debug_abbrev  0x00001a38      0x1a7 .\CortexM3\ARM_GCC_541\Debug\FiltroDigital.a(CyFlash.o)
 .debug_abbrev  0x00001bdf      0x194 .\CortexM3\ARM_GCC_541\Debug\FiltroDigital.a(CySpc.o)

.debug_line     0x00000000     0x2c51
 *(.debug_line)
 .debug_line    0x00000000      0x351 .\CortexM3\ARM_GCC_541\Debug\main.o
 .debug_line    0x00000351      0x226 .\CortexM3\ARM_GCC_541\Debug\cyfitter_cfg.o
 .debug_line    0x00000577      0x141 .\CortexM3\ARM_GCC_541\Debug\cymetadata.o
 .debug_line    0x000006b8      0x241 .\CortexM3\ARM_GCC_541\Debug\Cm3Start.o
 .debug_line    0x000008f9       0x92 .\CortexM3\ARM_GCC_541\Debug\FiltroDigital.a(P0.o)
 .debug_line    0x0000098b      0x2e4 .\CortexM3\ARM_GCC_541\Debug\FiltroDigital.a(CyDmac.o)
 .debug_line    0x00000c6f      0x816 .\CortexM3\ARM_GCC_541\Debug\FiltroDigital.a(CyLib.o)
 .debug_line    0x00001485      0x367 .\CortexM3\ARM_GCC_541\Debug\FiltroDigital.a(cyPm.o)
 .debug_line    0x000017ec       0xbc .\CortexM3\ARM_GCC_541\Debug\FiltroDigital.a(SW.o)
 .debug_line    0x000018a8      0x1e6 .\CortexM3\ARM_GCC_541\Debug\FiltroDigital.a(LCD.o)
 .debug_line    0x00001a8e       0x83 .\CortexM3\ARM_GCC_541\Debug\FiltroDigital.a(LCD_CustChars.o)
 .debug_line    0x00001b11      0x133 .\CortexM3\ARM_GCC_541\Debug\FiltroDigital.a(ISR_SW.o)
 .debug_line    0x00001c44       0x6f .\CortexM3\ARM_GCC_541\Debug\FiltroDigital.a(Control.o)
 .debug_line    0x00001cb3      0x35c .\CortexM3\ARM_GCC_541\Debug\FiltroDigital.a(ADC.o)
 .debug_line    0x0000200f       0x80 .\CortexM3\ARM_GCC_541\Debug\FiltroDigital.a(ADC_INT.o)
 .debug_line    0x0000208f       0xe0 .\CortexM3\ARM_GCC_541\Debug\FiltroDigital.a(DAC.o)
 .debug_line    0x0000216f       0xac .\CortexM3\ARM_GCC_541\Debug\FiltroDigital.a(ADC_AMux.o)
 .debug_line    0x0000221b      0x17d .\CortexM3\ARM_GCC_541\Debug\FiltroDigital.a(ADC_Ext_CP_Clk.o)
 .debug_line    0x00002398      0x19d .\CortexM3\ARM_GCC_541\Debug\FiltroDigital.a(ADC_theACLK.o)
 .debug_line    0x00002535      0x135 .\CortexM3\ARM_GCC_541\Debug\FiltroDigital.a(ISR_Data.o)
 .debug_line    0x0000266a       0x84 .\CortexM3\ARM_GCC_541\Debug\FiltroDigital.a(DMA_OUT_dma.o)
 .debug_line    0x000026ee       0x83 .\CortexM3\ARM_GCC_541\Debug\FiltroDigital.a(DMA_IN_dma.o)
 .debug_line    0x00002771       0x66 .\CortexM3\ARM_GCC_541\Debug\FiltroDigital.a(CyBootAsmGnu.o)
 .debug_line    0x000027d7      0x21a .\CortexM3\ARM_GCC_541\Debug\FiltroDigital.a(CyFlash.o)
 .debug_line    0x000029f1      0x260 .\CortexM3\ARM_GCC_541\Debug\FiltroDigital.a(CySpc.o)

.debug_frame    0x00000000     0x1ee4
 *(.debug_frame)
 .debug_frame   0x00000000       0xa8 .\CortexM3\ARM_GCC_541\Debug\main.o
 .debug_frame   0x000000a8      0x104 .\CortexM3\ARM_GCC_541\Debug\cyfitter_cfg.o
 .debug_frame   0x000001ac       0xb8 .\CortexM3\ARM_GCC_541\Debug\Cm3Start.o
 .debug_frame   0x00000264       0x50 .\CortexM3\ARM_GCC_541\Debug\FiltroDigital.a(P0.o)
 .debug_frame   0x000002b4      0x1f8 .\CortexM3\ARM_GCC_541\Debug\FiltroDigital.a(CyDmac.o)
 .debug_frame   0x000004ac      0x738 .\CortexM3\ARM_GCC_541\Debug\FiltroDigital.a(CyLib.o)
 .debug_frame   0x00000be4      0x1f8 .\CortexM3\ARM_GCC_541\Debug\FiltroDigital.a(cyPm.o)
 .debug_frame   0x00000ddc       0x70 .\CortexM3\ARM_GCC_541\Debug\FiltroDigital.a(SW.o)
 .debug_frame   0x00000e4c      0x1e8 .\CortexM3\ARM_GCC_541\Debug\FiltroDigital.a(LCD.o)
 .debug_frame   0x00001034       0x30 .\CortexM3\ARM_GCC_541\Debug\FiltroDigital.a(LCD_CustChars.o)
 .debug_frame   0x00001064      0x104 .\CortexM3\ARM_GCC_541\Debug\FiltroDigital.a(ISR_SW.o)
 .debug_frame   0x00001168       0x30 .\CortexM3\ARM_GCC_541\Debug\FiltroDigital.a(Control.o)
 .debug_frame   0x00001198      0x280 .\CortexM3\ARM_GCC_541\Debug\FiltroDigital.a(ADC.o)
 .debug_frame   0x00001418       0x50 .\CortexM3\ARM_GCC_541\Debug\FiltroDigital.a(ADC_INT.o)
 .debug_frame   0x00001468       0xb4 .\CortexM3\ARM_GCC_541\Debug\FiltroDigital.a(DAC.o)
 .debug_frame   0x0000151c       0x64 .\CortexM3\ARM_GCC_541\Debug\FiltroDigital.a(ADC_AMux.o)
 .debug_frame   0x00001580       0xe0 .\CortexM3\ARM_GCC_541\Debug\FiltroDigital.a(ADC_Ext_CP_Clk.o)
 .debug_frame   0x00001660      0x100 .\CortexM3\ARM_GCC_541\Debug\FiltroDigital.a(ADC_theACLK.o)
 .debug_frame   0x00001760      0x104 .\CortexM3\ARM_GCC_541\Debug\FiltroDigital.a(ISR_Data.o)
 .debug_frame   0x00001864       0x54 .\CortexM3\ARM_GCC_541\Debug\FiltroDigital.a(DMA_OUT_dma.o)
 .debug_frame   0x000018b8       0x54 .\CortexM3\ARM_GCC_541\Debug\FiltroDigital.a(DMA_IN_dma.o)
 .debug_frame   0x0000190c      0x194 .\CortexM3\ARM_GCC_541\Debug\FiltroDigital.a(CyFlash.o)
 .debug_frame   0x00001aa0      0x180 .\CortexM3\ARM_GCC_541\Debug\FiltroDigital.a(CySpc.o)
 .debug_frame   0x00001c20       0x38 d:/program files (x86)/cypress/psoc creator/4.2/psoc creator/import/gnu/arm/5.4.1/bin/../lib/gcc/arm-none-eabi/5.4.1/../../../../arm-none-eabi/lib/armv7-m\libm.a(lib_a-s_sin.o)
 .debug_frame   0x00001c58       0x48 d:/program files (x86)/cypress/psoc creator/4.2/psoc creator/import/gnu/arm/5.4.1/bin/../lib/gcc/arm-none-eabi/5.4.1/../../../../arm-none-eabi/lib/armv7-m\libm.a(lib_a-e_rem_pio2.o)
 .debug_frame   0x00001ca0       0x4c d:/program files (x86)/cypress/psoc creator/4.2/psoc creator/import/gnu/arm/5.4.1/bin/../lib/gcc/arm-none-eabi/5.4.1/../../../../arm-none-eabi/lib/armv7-m\libm.a(lib_a-k_cos.o)
 .debug_frame   0x00001cec       0x50 d:/program files (x86)/cypress/psoc creator/4.2/psoc creator/import/gnu/arm/5.4.1/bin/../lib/gcc/arm-none-eabi/5.4.1/../../../../arm-none-eabi/lib/armv7-m\libm.a(lib_a-k_rem_pio2.o)
 .debug_frame   0x00001d3c       0x48 d:/program files (x86)/cypress/psoc creator/4.2/psoc creator/import/gnu/arm/5.4.1/bin/../lib/gcc/arm-none-eabi/5.4.1/../../../../arm-none-eabi/lib/armv7-m\libm.a(lib_a-k_sin.o)
 .debug_frame   0x00001d84       0x20 d:/program files (x86)/cypress/psoc creator/4.2/psoc creator/import/gnu/arm/5.4.1/bin/../lib/gcc/arm-none-eabi/5.4.1/../../../../arm-none-eabi/lib/armv7-m\libm.a(lib_a-s_fabs.o)
 .debug_frame   0x00001da4       0x34 d:/program files (x86)/cypress/psoc creator/4.2/psoc creator/import/gnu/arm/5.4.1/bin/../lib/gcc/arm-none-eabi/5.4.1/../../../../arm-none-eabi/lib/armv7-m\libm.a(lib_a-s_floor.o)
 .debug_frame   0x00001dd8       0x30 d:/program files (x86)/cypress/psoc creator/4.2/psoc creator/import/gnu/arm/5.4.1/bin/../lib/gcc/arm-none-eabi/5.4.1/../../../../arm-none-eabi/lib/armv7-m\libm.a(lib_a-s_scalbn.o)
 .debug_frame   0x00001e08       0x20 d:/program files (x86)/cypress/psoc creator/4.2/psoc creator/import/gnu/arm/5.4.1/bin/../lib/gcc/arm-none-eabi/5.4.1/../../../../arm-none-eabi/lib/armv7-m\libm.a(lib_a-s_copysign.o)
 .debug_frame   0x00001e28       0x20 d:/program files (x86)/cypress/psoc creator/4.2/psoc creator/import/gnu/arm/5.4.1/bin/../lib/gcc/arm-none-eabi/5.4.1/../../../../arm-none-eabi/lib/armv7-m\libg_nano.a(lib_a-errno.o)
 .debug_frame   0x00001e48       0x28 d:/program files (x86)/cypress/psoc creator/4.2/psoc creator/import/gnu/arm/5.4.1/bin/../lib/gcc/arm-none-eabi/5.4.1/../../../../arm-none-eabi/lib/armv7-m\libg_nano.a(lib_a-exit.o)
 .debug_frame   0x00001e70       0x2c d:/program files (x86)/cypress/psoc creator/4.2/psoc creator/import/gnu/arm/5.4.1/bin/../lib/gcc/arm-none-eabi/5.4.1/../../../../arm-none-eabi/lib/armv7-m\libg_nano.a(lib_a-init.o)
 .debug_frame   0x00001e9c       0x28 d:/program files (x86)/cypress/psoc creator/4.2/psoc creator/import/gnu/arm/5.4.1/bin/../lib/gcc/arm-none-eabi/5.4.1/../../../../arm-none-eabi/lib/armv7-m\libg_nano.a(lib_a-memcpy-stub.o)
 .debug_frame   0x00001ec4       0x20 d:/program files (x86)/cypress/psoc creator/4.2/psoc creator/import/gnu/arm/5.4.1/bin/../lib/gcc/arm-none-eabi/5.4.1/../../../../arm-none-eabi/lib/armv7-m\libg_nano.a(lib_a-memset.o)

.debug_str      0x00000000     0x2489
 *(.debug_str)
 .debug_str     0x00000000      0x36a .\CortexM3\ARM_GCC_541\Debug\main.o
                                0x3b2 (size before relaxing)
 .debug_str     0x0000036a      0x1ef .\CortexM3\ARM_GCC_541\Debug\cyfitter_cfg.o
                                0x3bd (size before relaxing)
 .debug_str     0x00000559       0x7f .\CortexM3\ARM_GCC_541\Debug\cymetadata.o
                                0x211 (size before relaxing)
 .debug_str     0x000005d8      0x154 .\CortexM3\ARM_GCC_541\Debug\Cm3Start.o
                                0x347 (size before relaxing)
 .debug_str     0x0000072c       0x54 .\CortexM3\ARM_GCC_541\Debug\FiltroDigital.a(P0.o)
                                0x200 (size before relaxing)
 .debug_str     0x00000780      0x32e .\CortexM3\ARM_GCC_541\Debug\FiltroDigital.a(CyDmac.o)
                                0x577 (size before relaxing)
 .debug_str     0x00000aae      0x7f4 .\CortexM3\ARM_GCC_541\Debug\FiltroDigital.a(CyLib.o)
                                0xa74 (size before relaxing)
 .debug_str     0x000012a2      0x365 .\CortexM3\ARM_GCC_541\Debug\FiltroDigital.a(cyPm.o)
                                0x760 (size before relaxing)
 .debug_str     0x00001607       0x61 .\CortexM3\ARM_GCC_541\Debug\FiltroDigital.a(SW.o)
                                0x236 (size before relaxing)
 .debug_str     0x00001668      0x152 .\CortexM3\ARM_GCC_541\Debug\FiltroDigital.a(LCD.o)
                                0x37c (size before relaxing)
 .debug_str     0x000017ba       0x32 .\CortexM3\ARM_GCC_541\Debug\FiltroDigital.a(LCD_CustChars.o)
                                0x22b (size before relaxing)
 .debug_str     0x000017ec       0xe5 .\CortexM3\ARM_GCC_541\Debug\FiltroDigital.a(ISR_SW.o)
                                0x2e1 (size before relaxing)
 .debug_str     0x000018d1       0x36 .\CortexM3\ARM_GCC_541\Debug\FiltroDigital.a(Control.o)
                                0x1e2 (size before relaxing)
 .debug_str     0x00001907      0x36b .\CortexM3\ARM_GCC_541\Debug\FiltroDigital.a(ADC.o)
                                0x5f6 (size before relaxing)
 .debug_str     0x00001c72       0x45 .\CortexM3\ARM_GCC_541\Debug\FiltroDigital.a(ADC_INT.o)
                                0x1ed (size before relaxing)
 .debug_str     0x00001cb7       0x85 .\CortexM3\ARM_GCC_541\Debug\FiltroDigital.a(DAC.o)
                                0x238 (size before relaxing)
 .debug_str     0x00001d3c       0x5f .\CortexM3\ARM_GCC_541\Debug\FiltroDigital.a(ADC_AMux.o)
                                0x22c (size before relaxing)
 .debug_str     0x00001d9b      0x16d .\CortexM3\ARM_GCC_541\Debug\FiltroDigital.a(ADC_Ext_CP_Clk.o)
                                0x36f (size before relaxing)
 .debug_str     0x00001f08      0x14f .\CortexM3\ARM_GCC_541\Debug\FiltroDigital.a(ADC_theACLK.o)
                                0x38e (size before relaxing)
 .debug_str     0x00002057       0xff .\CortexM3\ARM_GCC_541\Debug\FiltroDigital.a(ISR_Data.o)
                                0x2fd (size before relaxing)
 .debug_str     0x00002156       0x85 .\CortexM3\ARM_GCC_541\Debug\FiltroDigital.a(DMA_OUT_dma.o)
                                0x2a1 (size before relaxing)
 .debug_str     0x000021db       0x47 .\CortexM3\ARM_GCC_541\Debug\FiltroDigital.a(DMA_IN_dma.o)
                                0x29d (size before relaxing)
 .debug_str     0x00002222      0x1bb .\CortexM3\ARM_GCC_541\Debug\FiltroDigital.a(CyFlash.o)
                                0x3ed (size before relaxing)
 .debug_str     0x000023dd       0xac .\CortexM3\ARM_GCC_541\Debug\FiltroDigital.a(CySpc.o)
                                0x365 (size before relaxing)

.debug_loc      0x00000000     0x37db
 *(.debug_loc)
 .debug_loc     0x00000000      0x14a .\CortexM3\ARM_GCC_541\Debug\main.o
 .debug_loc     0x0000014a      0x29b .\CortexM3\ARM_GCC_541\Debug\cyfitter_cfg.o
 .debug_loc     0x000003e5      0x144 .\CortexM3\ARM_GCC_541\Debug\Cm3Start.o
 .debug_loc     0x00000529       0x42 .\CortexM3\ARM_GCC_541\Debug\FiltroDigital.a(P0.o)
 .debug_loc     0x0000056b      0xb8e .\CortexM3\ARM_GCC_541\Debug\FiltroDigital.a(CyDmac.o)
 .debug_loc     0x000010f9      0xa11 .\CortexM3\ARM_GCC_541\Debug\FiltroDigital.a(CyLib.o)
 .debug_loc     0x00001b0a      0x1e4 .\CortexM3\ARM_GCC_541\Debug\FiltroDigital.a(cyPm.o)
 .debug_loc     0x00001cee       0x84 .\CortexM3\ARM_GCC_541\Debug\FiltroDigital.a(SW.o)
 .debug_loc     0x00001d72      0x3c6 .\CortexM3\ARM_GCC_541\Debug\FiltroDigital.a(LCD.o)
 .debug_loc     0x00002138       0x48 .\CortexM3\ARM_GCC_541\Debug\FiltroDigital.a(LCD_CustChars.o)
 .debug_loc     0x00002180       0x56 .\CortexM3\ARM_GCC_541\Debug\FiltroDigital.a(ISR_SW.o)
 .debug_loc     0x000021d6      0x692 .\CortexM3\ARM_GCC_541\Debug\FiltroDigital.a(ADC.o)
 .debug_loc     0x00002868       0x79 .\CortexM3\ARM_GCC_541\Debug\FiltroDigital.a(DAC.o)
 .debug_loc     0x000028e1       0x6c .\CortexM3\ARM_GCC_541\Debug\FiltroDigital.a(ADC_AMux.o)
 .debug_loc     0x0000294d      0x12c .\CortexM3\ARM_GCC_541\Debug\FiltroDigital.a(ADC_Ext_CP_Clk.o)
 .debug_loc     0x00002a79      0x14d .\CortexM3\ARM_GCC_541\Debug\FiltroDigital.a(ADC_theACLK.o)
 .debug_loc     0x00002bc6       0x56 .\CortexM3\ARM_GCC_541\Debug\FiltroDigital.a(ISR_Data.o)
 .debug_loc     0x00002c1c       0x84 .\CortexM3\ARM_GCC_541\Debug\FiltroDigital.a(DMA_OUT_dma.o)
 .debug_loc     0x00002ca0       0x84 .\CortexM3\ARM_GCC_541\Debug\FiltroDigital.a(DMA_IN_dma.o)
 .debug_loc     0x00002d24      0x3b2 .\CortexM3\ARM_GCC_541\Debug\FiltroDigital.a(CyFlash.o)
 .debug_loc     0x000030d6      0x705 .\CortexM3\ARM_GCC_541\Debug\FiltroDigital.a(CySpc.o)

.debug_macinfo
 *(.debug_macinfo)

.debug_ranges   0x00000000      0x9e0
 *(.debug_ranges)
 .debug_ranges  0x00000000       0x30 .\CortexM3\ARM_GCC_541\Debug\main.o
 .debug_ranges  0x00000030       0x58 .\CortexM3\ARM_GCC_541\Debug\cyfitter_cfg.o
 .debug_ranges  0x00000088       0x38 .\CortexM3\ARM_GCC_541\Debug\Cm3Start.o
 .debug_ranges  0x000000c0       0x28 .\CortexM3\ARM_GCC_541\Debug\FiltroDigital.a(P0.o)
 .debug_ranges  0x000000e8       0xc8 .\CortexM3\ARM_GCC_541\Debug\FiltroDigital.a(CyDmac.o)
 .debug_ranges  0x000001b0      0x290 .\CortexM3\ARM_GCC_541\Debug\FiltroDigital.a(CyLib.o)
 .debug_ranges  0x00000440       0x88 .\CortexM3\ARM_GCC_541\Debug\FiltroDigital.a(cyPm.o)
 .debug_ranges  0x000004c8       0x38 .\CortexM3\ARM_GCC_541\Debug\FiltroDigital.a(SW.o)
 .debug_ranges  0x00000500       0x88 .\CortexM3\ARM_GCC_541\Debug\FiltroDigital.a(LCD.o)
 .debug_ranges  0x00000588       0x10 .\CortexM3\ARM_GCC_541\Debug\FiltroDigital.a(LCD_CustChars.o)
 .debug_ranges  0x00000598       0x70 .\CortexM3\ARM_GCC_541\Debug\FiltroDigital.a(ISR_SW.o)
 .debug_ranges  0x00000608       0x18 .\CortexM3\ARM_GCC_541\Debug\FiltroDigital.a(Control.o)
 .debug_ranges  0x00000620       0xd8 .\CortexM3\ARM_GCC_541\Debug\FiltroDigital.a(ADC.o)
 .debug_ranges  0x000006f8       0x28 .\CortexM3\ARM_GCC_541\Debug\FiltroDigital.a(ADC_INT.o)
 .debug_ranges  0x00000720       0x48 .\CortexM3\ARM_GCC_541\Debug\FiltroDigital.a(DAC.o)
 .debug_ranges  0x00000768       0x20 .\CortexM3\ARM_GCC_541\Debug\FiltroDigital.a(ADC_AMux.o)
 .debug_ranges  0x00000788       0x60 .\CortexM3\ARM_GCC_541\Debug\FiltroDigital.a(ADC_Ext_CP_Clk.o)
 .debug_ranges  0x000007e8       0x70 .\CortexM3\ARM_GCC_541\Debug\FiltroDigital.a(ADC_theACLK.o)
 .debug_ranges  0x00000858       0x70 .\CortexM3\ARM_GCC_541\Debug\FiltroDigital.a(ISR_Data.o)
 .debug_ranges  0x000008c8       0x18 .\CortexM3\ARM_GCC_541\Debug\FiltroDigital.a(DMA_OUT_dma.o)
 .debug_ranges  0x000008e0       0x18 .\CortexM3\ARM_GCC_541\Debug\FiltroDigital.a(DMA_IN_dma.o)
 .debug_ranges  0x000008f8       0x78 .\CortexM3\ARM_GCC_541\Debug\FiltroDigital.a(CyFlash.o)
 .debug_ranges  0x00000970       0x70 .\CortexM3\ARM_GCC_541\Debug\FiltroDigital.a(CySpc.o)

.comment        0x00000000       0x6e
 .comment       0x00000000       0x6e .\CortexM3\ARM_GCC_541\Debug\main.o
                                 0x6f (size before relaxing)
 .comment       0x0000006e       0x6f .\CortexM3\ARM_GCC_541\Debug\cyfitter_cfg.o
 .comment       0x0000006e       0x6f .\CortexM3\ARM_GCC_541\Debug\cymetadata.o
 .comment       0x0000006e       0x6f .\CortexM3\ARM_GCC_541\Debug\Cm3Start.o
 .comment       0x0000006e       0x6f .\CortexM3\ARM_GCC_541\Debug\FiltroDigital.a(P0.o)
 .comment       0x0000006e       0x6f .\CortexM3\ARM_GCC_541\Debug\FiltroDigital.a(CyDmac.o)
 .comment       0x0000006e       0x6f .\CortexM3\ARM_GCC_541\Debug\FiltroDigital.a(CyLib.o)
 .comment       0x0000006e       0x6f .\CortexM3\ARM_GCC_541\Debug\FiltroDigital.a(cyPm.o)
 .comment       0x0000006e       0x6f .\CortexM3\ARM_GCC_541\Debug\FiltroDigital.a(SW.o)
 .comment       0x0000006e       0x6f .\CortexM3\ARM_GCC_541\Debug\FiltroDigital.a(LCD.o)
 .comment       0x0000006e       0x6f .\CortexM3\ARM_GCC_541\Debug\FiltroDigital.a(LCD_CustChars.o)
 .comment       0x0000006e       0x6f .\CortexM3\ARM_GCC_541\Debug\FiltroDigital.a(ISR_SW.o)
 .comment       0x0000006e       0x6f .\CortexM3\ARM_GCC_541\Debug\FiltroDigital.a(Control.o)
 .comment       0x0000006e       0x6f .\CortexM3\ARM_GCC_541\Debug\FiltroDigital.a(ADC.o)
 .comment       0x0000006e       0x6f .\CortexM3\ARM_GCC_541\Debug\FiltroDigital.a(ADC_INT.o)
 .comment       0x0000006e       0x6f .\CortexM3\ARM_GCC_541\Debug\FiltroDigital.a(DAC.o)
 .comment       0x0000006e       0x6f .\CortexM3\ARM_GCC_541\Debug\FiltroDigital.a(ADC_AMux.o)
 .comment       0x0000006e       0x6f .\CortexM3\ARM_GCC_541\Debug\FiltroDigital.a(ADC_Ext_CP_Clk.o)
 .comment       0x0000006e       0x6f .\CortexM3\ARM_GCC_541\Debug\FiltroDigital.a(ADC_theACLK.o)
 .comment       0x0000006e       0x6f .\CortexM3\ARM_GCC_541\Debug\FiltroDigital.a(ISR_Data.o)
 .comment       0x0000006e       0x6f .\CortexM3\ARM_GCC_541\Debug\FiltroDigital.a(DMA_OUT_dma.o)
 .comment       0x0000006e       0x6f .\CortexM3\ARM_GCC_541\Debug\FiltroDigital.a(DMA_IN_dma.o)
 .comment       0x0000006e       0x6f .\CortexM3\ARM_GCC_541\Debug\FiltroDigital.a(CyFlash.o)
 .comment       0x0000006e       0x6f .\CortexM3\ARM_GCC_541\Debug\FiltroDigital.a(CySpc.o)

.debug_weaknames
 *(.debug_weaknames)

.debug_funcnames
 *(.debug_funcnames)

.debug_typenames
 *(.debug_typenames)

.debug_varnames
 *(.debug_varnames)

.note.gnu.arm.ident
 *(.note.gnu.arm.ident)

.ARM.attributes
                0x00000000       0x29
 *(.ARM.attributes)
 .ARM.attributes
                0x00000000       0x1d d:/program files (x86)/cypress/psoc creator/4.2/psoc creator/import/gnu/arm/5.4.1/bin/../lib/gcc/arm-none-eabi/5.4.1/armv7-m/crti.o
 .ARM.attributes
                0x0000001d       0x2d d:/program files (x86)/cypress/psoc creator/4.2/psoc creator/import/gnu/arm/5.4.1/bin/../lib/gcc/arm-none-eabi/5.4.1/armv7-m/crtbegin.o
 .ARM.attributes
                0x0000004a       0x1b d:/program files (x86)/cypress/psoc creator/4.2/psoc creator/import/gnu/arm/5.4.1/bin/../lib/gcc/arm-none-eabi/5.4.1/../../../../arm-none-eabi/lib/armv7-m/crt0.o
 .ARM.attributes
                0x00000065       0x33 .\CortexM3\ARM_GCC_541\Debug\main.o
 .ARM.attributes
                0x00000098       0x33 .\CortexM3\ARM_GCC_541\Debug\cyfitter_cfg.o
 .ARM.attributes
                0x000000cb       0x33 .\CortexM3\ARM_GCC_541\Debug\cymetadata.o
 .ARM.attributes
                0x000000fe       0x33 .\CortexM3\ARM_GCC_541\Debug\Cm3Start.o
 .ARM.attributes
                0x00000131       0x33 .\CortexM3\ARM_GCC_541\Debug\FiltroDigital.a(P0.o)
 .ARM.attributes
                0x00000164       0x33 .\CortexM3\ARM_GCC_541\Debug\FiltroDigital.a(CyDmac.o)
 .ARM.attributes
                0x00000197       0x33 .\CortexM3\ARM_GCC_541\Debug\FiltroDigital.a(CyLib.o)
 .ARM.attributes
                0x000001ca       0x33 .\CortexM3\ARM_GCC_541\Debug\FiltroDigital.a(cyPm.o)
 .ARM.attributes
                0x000001fd       0x33 .\CortexM3\ARM_GCC_541\Debug\FiltroDigital.a(SW.o)
 .ARM.attributes
                0x00000230       0x33 .\CortexM3\ARM_GCC_541\Debug\FiltroDigital.a(LCD.o)
 .ARM.attributes
                0x00000263       0x33 .\CortexM3\ARM_GCC_541\Debug\FiltroDigital.a(LCD_CustChars.o)
 .ARM.attributes
                0x00000296       0x33 .\CortexM3\ARM_GCC_541\Debug\FiltroDigital.a(ISR_SW.o)
 .ARM.attributes
                0x000002c9       0x33 .\CortexM3\ARM_GCC_541\Debug\FiltroDigital.a(Control.o)
 .ARM.attributes
                0x000002fc       0x33 .\CortexM3\ARM_GCC_541\Debug\FiltroDigital.a(ADC.o)
 .ARM.attributes
                0x0000032f       0x33 .\CortexM3\ARM_GCC_541\Debug\FiltroDigital.a(ADC_INT.o)
 .ARM.attributes
                0x00000362       0x33 .\CortexM3\ARM_GCC_541\Debug\FiltroDigital.a(DAC.o)
 .ARM.attributes
                0x00000395       0x33 .\CortexM3\ARM_GCC_541\Debug\FiltroDigital.a(ADC_AMux.o)
 .ARM.attributes
                0x000003c8       0x33 .\CortexM3\ARM_GCC_541\Debug\FiltroDigital.a(ADC_Ext_CP_Clk.o)
 .ARM.attributes
                0x000003fb       0x33 .\CortexM3\ARM_GCC_541\Debug\FiltroDigital.a(ADC_theACLK.o)
 .ARM.attributes
                0x0000042e       0x33 .\CortexM3\ARM_GCC_541\Debug\FiltroDigital.a(ISR_Data.o)
 .ARM.attributes
                0x00000461       0x33 .\CortexM3\ARM_GCC_541\Debug\FiltroDigital.a(DMA_OUT_dma.o)
 .ARM.attributes
                0x00000494       0x33 .\CortexM3\ARM_GCC_541\Debug\FiltroDigital.a(DMA_IN_dma.o)
 .ARM.attributes
                0x000004c7       0x21 .\CortexM3\ARM_GCC_541\Debug\FiltroDigital.a(CyBootAsmGnu.o)
 .ARM.attributes
                0x000004e8       0x33 .\CortexM3\ARM_GCC_541\Debug\FiltroDigital.a(CyFlash.o)
 .ARM.attributes
                0x0000051b       0x33 .\CortexM3\ARM_GCC_541\Debug\FiltroDigital.a(CySpc.o)
 .ARM.attributes
                0x0000054e       0x2d d:/program files (x86)/cypress/psoc creator/4.2/psoc creator/import/gnu/arm/5.4.1/bin/../lib/gcc/arm-none-eabi/5.4.1/../../../../arm-none-eabi/lib/armv7-m\libm.a(lib_a-s_sin.o)
 .ARM.attributes
                0x0000057b       0x2d d:/program files (x86)/cypress/psoc creator/4.2/psoc creator/import/gnu/arm/5.4.1/bin/../lib/gcc/arm-none-eabi/5.4.1/../../../../arm-none-eabi/lib/armv7-m\libm.a(lib_a-e_rem_pio2.o)
 .ARM.attributes
                0x000005a8       0x2d d:/program files (x86)/cypress/psoc creator/4.2/psoc creator/import/gnu/arm/5.4.1/bin/../lib/gcc/arm-none-eabi/5.4.1/../../../../arm-none-eabi/lib/armv7-m\libm.a(lib_a-k_cos.o)
 .ARM.attributes
                0x000005d5       0x2d d:/program files (x86)/cypress/psoc creator/4.2/psoc creator/import/gnu/arm/5.4.1/bin/../lib/gcc/arm-none-eabi/5.4.1/../../../../arm-none-eabi/lib/armv7-m\libm.a(lib_a-k_rem_pio2.o)
 .ARM.attributes
                0x00000602       0x2d d:/program files (x86)/cypress/psoc creator/4.2/psoc creator/import/gnu/arm/5.4.1/bin/../lib/gcc/arm-none-eabi/5.4.1/../../../../arm-none-eabi/lib/armv7-m\libm.a(lib_a-k_sin.o)
 .ARM.attributes
                0x0000062f       0x2d d:/program files (x86)/cypress/psoc creator/4.2/psoc creator/import/gnu/arm/5.4.1/bin/../lib/gcc/arm-none-eabi/5.4.1/../../../../arm-none-eabi/lib/armv7-m\libm.a(lib_a-s_fabs.o)
 .ARM.attributes
                0x0000065c       0x2d d:/program files (x86)/cypress/psoc creator/4.2/psoc creator/import/gnu/arm/5.4.1/bin/../lib/gcc/arm-none-eabi/5.4.1/../../../../arm-none-eabi/lib/armv7-m\libm.a(lib_a-s_floor.o)
 .ARM.attributes
                0x00000689       0x2d d:/program files (x86)/cypress/psoc creator/4.2/psoc creator/import/gnu/arm/5.4.1/bin/../lib/gcc/arm-none-eabi/5.4.1/../../../../arm-none-eabi/lib/armv7-m\libm.a(lib_a-s_scalbn.o)
 .ARM.attributes
                0x000006b6       0x2d d:/program files (x86)/cypress/psoc creator/4.2/psoc creator/import/gnu/arm/5.4.1/bin/../lib/gcc/arm-none-eabi/5.4.1/../../../../arm-none-eabi/lib/armv7-m\libm.a(lib_a-s_copysign.o)
 .ARM.attributes
                0x000006e3       0x1d d:/program files (x86)/cypress/psoc creator/4.2/psoc creator/import/gnu/arm/5.4.1/bin/../lib/gcc/arm-none-eabi/5.4.1/armv7-m\libgcc.a(_arm_addsubdf3.o)
 .ARM.attributes
                0x00000700       0x1d d:/program files (x86)/cypress/psoc creator/4.2/psoc creator/import/gnu/arm/5.4.1/bin/../lib/gcc/arm-none-eabi/5.4.1/armv7-m\libgcc.a(_arm_muldivdf3.o)
 .ARM.attributes
                0x0000071d       0x1d d:/program files (x86)/cypress/psoc creator/4.2/psoc creator/import/gnu/arm/5.4.1/bin/../lib/gcc/arm-none-eabi/5.4.1/armv7-m\libgcc.a(_arm_cmpdf2.o)
 .ARM.attributes
                0x0000073a       0x1d d:/program files (x86)/cypress/psoc creator/4.2/psoc creator/import/gnu/arm/5.4.1/bin/../lib/gcc/arm-none-eabi/5.4.1/armv7-m\libgcc.a(_arm_fixdfsi.o)
 .ARM.attributes
                0x00000757       0x1d d:/program files (x86)/cypress/psoc creator/4.2/psoc creator/import/gnu/arm/5.4.1/bin/../lib/gcc/arm-none-eabi/5.4.1/armv7-m\libgcc.a(_arm_addsubsf3.o)
 .ARM.attributes
                0x00000774       0x1d d:/program files (x86)/cypress/psoc creator/4.2/psoc creator/import/gnu/arm/5.4.1/bin/../lib/gcc/arm-none-eabi/5.4.1/armv7-m\libgcc.a(_arm_muldivsf3.o)
 .ARM.attributes
                0x00000791       0x1d d:/program files (x86)/cypress/psoc creator/4.2/psoc creator/import/gnu/arm/5.4.1/bin/../lib/gcc/arm-none-eabi/5.4.1/armv7-m\libgcc.a(_arm_fixunssfsi.o)
 .ARM.attributes
                0x000007ae       0x2d d:/program files (x86)/cypress/psoc creator/4.2/psoc creator/import/gnu/arm/5.4.1/bin/../lib/gcc/arm-none-eabi/5.4.1/../../../../arm-none-eabi/lib/armv7-m\libg_nano.a(lib_a-errno.o)
 .ARM.attributes
                0x000007db       0x2d d:/program files (x86)/cypress/psoc creator/4.2/psoc creator/import/gnu/arm/5.4.1/bin/../lib/gcc/arm-none-eabi/5.4.1/../../../../arm-none-eabi/lib/armv7-m\libg_nano.a(lib_a-exit.o)
 .ARM.attributes
                0x00000808       0x2d d:/program files (x86)/cypress/psoc creator/4.2/psoc creator/import/gnu/arm/5.4.1/bin/../lib/gcc/arm-none-eabi/5.4.1/../../../../arm-none-eabi/lib/armv7-m\libg_nano.a(lib_a-impure.o)
 .ARM.attributes
                0x00000835       0x2d d:/program files (x86)/cypress/psoc creator/4.2/psoc creator/import/gnu/arm/5.4.1/bin/../lib/gcc/arm-none-eabi/5.4.1/../../../../arm-none-eabi/lib/armv7-m\libg_nano.a(lib_a-init.o)
 .ARM.attributes
                0x00000862       0x2d d:/program files (x86)/cypress/psoc creator/4.2/psoc creator/import/gnu/arm/5.4.1/bin/../lib/gcc/arm-none-eabi/5.4.1/../../../../arm-none-eabi/lib/armv7-m\libg_nano.a(lib_a-memcpy-stub.o)
 .ARM.attributes
                0x0000088f       0x2d d:/program files (x86)/cypress/psoc creator/4.2/psoc creator/import/gnu/arm/5.4.1/bin/../lib/gcc/arm-none-eabi/5.4.1/../../../../arm-none-eabi/lib/armv7-m\libg_nano.a(lib_a-memset.o)
 .ARM.attributes
                0x000008bc       0x2d d:/program files (x86)/cypress/psoc creator/4.2/psoc creator/import/gnu/arm/5.4.1/bin/../lib/gcc/arm-none-eabi/5.4.1/armv7-m/crtend.o
 .ARM.attributes
                0x000008e9       0x1d d:/program files (x86)/cypress/psoc creator/4.2/psoc creator/import/gnu/arm/5.4.1/bin/../lib/gcc/arm-none-eabi/5.4.1/armv7-m/crtn.o

/DISCARD/
 *(.note.GNU-stack)
OUTPUT(D:\Documentos\GITUD\Documents\PSoC Creator\Proyecto3\Filtro-Digital-Ajustable-por-Ventaneo\FiltroDigital.cydsn\CortexM3\ARM_GCC_541\Debug\FiltroDigital.elf elf32-littlearm)
