ARM GAS  C:\Users\GITUD\AppData\Local\Temp\cc1YW5tD.s 			page 1


   1              		.syntax unified
   2              		.cpu cortex-m3
   3              		.fpu softvfp
   4              		.eabi_attribute 20, 1
   5              		.eabi_attribute 21, 1
   6              		.eabi_attribute 23, 3
   7              		.eabi_attribute 24, 1
   8              		.eabi_attribute 25, 1
   9              		.eabi_attribute 26, 1
  10              		.eabi_attribute 30, 1
  11              		.eabi_attribute 34, 1
  12              		.eabi_attribute 18, 4
  13              		.thumb
  14              		.syntax unified
  15              		.file	"SW.c"
  16              		.text
  17              	.Ltext0:
  18              		.cfi_sections	.debug_frame
  19              		.section	.text.SW_Write,"ax",%progbits
  20              		.align	2
  21              		.global	SW_Write
  22              		.thumb
  23              		.thumb_func
  24              		.type	SW_Write, %function
  25              	SW_Write:
  26              	.LFB0:
  27              		.file 1 "Generated_Source\\PSoC5\\SW.c"
   1:Generated_Source\PSoC5/SW.c **** /*******************************************************************************
   2:Generated_Source\PSoC5/SW.c **** * File Name: SW.c  
   3:Generated_Source\PSoC5/SW.c **** * Version 2.20
   4:Generated_Source\PSoC5/SW.c **** *
   5:Generated_Source\PSoC5/SW.c **** * Description:
   6:Generated_Source\PSoC5/SW.c **** *  This file contains API to enable firmware control of a Pins component.
   7:Generated_Source\PSoC5/SW.c **** *
   8:Generated_Source\PSoC5/SW.c **** * Note:
   9:Generated_Source\PSoC5/SW.c **** *
  10:Generated_Source\PSoC5/SW.c **** ********************************************************************************
  11:Generated_Source\PSoC5/SW.c **** * Copyright 2008-2015, Cypress Semiconductor Corporation.  All rights reserved.
  12:Generated_Source\PSoC5/SW.c **** * You may use this file only in accordance with the license, terms, conditions, 
  13:Generated_Source\PSoC5/SW.c **** * disclaimers, and limitations in the end user license agreement accompanying 
  14:Generated_Source\PSoC5/SW.c **** * the software package with which this file was provided.
  15:Generated_Source\PSoC5/SW.c **** *******************************************************************************/
  16:Generated_Source\PSoC5/SW.c **** 
  17:Generated_Source\PSoC5/SW.c **** #include "cytypes.h"
  18:Generated_Source\PSoC5/SW.c **** #include "SW.h"
  19:Generated_Source\PSoC5/SW.c **** 
  20:Generated_Source\PSoC5/SW.c **** /* APIs are not generated for P15[7:6] on PSoC 5 */
  21:Generated_Source\PSoC5/SW.c **** #if !(CY_PSOC5A &&\
  22:Generated_Source\PSoC5/SW.c **** 	 SW__PORT == 15 && ((SW__MASK & 0xC0) != 0))
  23:Generated_Source\PSoC5/SW.c **** 
  24:Generated_Source\PSoC5/SW.c **** 
  25:Generated_Source\PSoC5/SW.c **** /*******************************************************************************
  26:Generated_Source\PSoC5/SW.c **** * Function Name: SW_Write
  27:Generated_Source\PSoC5/SW.c **** ****************************************************************************//**
  28:Generated_Source\PSoC5/SW.c **** *
  29:Generated_Source\PSoC5/SW.c **** * \brief Writes the value to the physical port (data output register), masking
  30:Generated_Source\PSoC5/SW.c **** *  and shifting the bits appropriately. 
ARM GAS  C:\Users\GITUD\AppData\Local\Temp\cc1YW5tD.s 			page 2


  31:Generated_Source\PSoC5/SW.c **** *
  32:Generated_Source\PSoC5/SW.c **** * The data output register controls the signal applied to the physical pin in 
  33:Generated_Source\PSoC5/SW.c **** * conjunction with the drive mode parameter. This function avoids changing 
  34:Generated_Source\PSoC5/SW.c **** * other bits in the port by using the appropriate method (read-modify-write or
  35:Generated_Source\PSoC5/SW.c **** * bit banding).
  36:Generated_Source\PSoC5/SW.c **** *
  37:Generated_Source\PSoC5/SW.c **** * <b>Note</b> This function should not be used on a hardware digital output pin 
  38:Generated_Source\PSoC5/SW.c **** * as it is driven by the hardware signal attached to it.
  39:Generated_Source\PSoC5/SW.c **** *
  40:Generated_Source\PSoC5/SW.c **** * \param value
  41:Generated_Source\PSoC5/SW.c **** *  Value to write to the component instance.
  42:Generated_Source\PSoC5/SW.c **** *
  43:Generated_Source\PSoC5/SW.c **** * \return 
  44:Generated_Source\PSoC5/SW.c **** *  None 
  45:Generated_Source\PSoC5/SW.c **** *
  46:Generated_Source\PSoC5/SW.c **** * \sideeffect
  47:Generated_Source\PSoC5/SW.c **** *  If you use read-modify-write operations that are not atomic; the Interrupt 
  48:Generated_Source\PSoC5/SW.c **** *  Service Routines (ISR) can cause corruption of this function. An ISR that 
  49:Generated_Source\PSoC5/SW.c **** *  interrupts this function and performs writes to the Pins component data 
  50:Generated_Source\PSoC5/SW.c **** *  register can cause corrupted port data. To avoid this issue, you should 
  51:Generated_Source\PSoC5/SW.c **** *  either use the Per-Pin APIs (primary method) or disable interrupts around 
  52:Generated_Source\PSoC5/SW.c **** *  this function.
  53:Generated_Source\PSoC5/SW.c **** *
  54:Generated_Source\PSoC5/SW.c **** * \funcusage
  55:Generated_Source\PSoC5/SW.c **** *  \snippet SW_SUT.c usage_SW_Write
  56:Generated_Source\PSoC5/SW.c **** *******************************************************************************/
  57:Generated_Source\PSoC5/SW.c **** void SW_Write(uint8 value)
  58:Generated_Source\PSoC5/SW.c **** {
  28              		.loc 1 58 0
  29              		.cfi_startproc
  30              		@ args = 0, pretend = 0, frame = 0
  31              		@ frame_needed = 0, uses_anonymous_args = 0
  32              		@ link register save eliminated.
  33              	.LVL0:
  59:Generated_Source\PSoC5/SW.c ****     uint8 staticBits = (SW_DR & (uint8)(~SW_MASK));
  34              		.loc 1 59 0
  35 0000 044A     		ldr	r2, .L2
  36 0002 1378     		ldrb	r3, [r2]	@ zero_extendqisi2
  37 0004 03F0F003 		and	r3, r3, #240
  38              	.LVL1:
  60:Generated_Source\PSoC5/SW.c ****     SW_DR = staticBits | ((uint8)(value << SW_SHIFT) & SW_MASK);
  39              		.loc 1 60 0
  40 0008 00F00F00 		and	r0, r0, #15
  41              	.LVL2:
  42 000c 1843     		orrs	r0, r0, r3
  43 000e 1070     		strb	r0, [r2]
  44 0010 7047     		bx	lr
  45              	.L3:
  46 0012 00BF     		.align	2
  47              	.L2:
  48 0014 00510040 		.word	1073762560
  49              		.cfi_endproc
  50              	.LFE0:
  51              		.size	SW_Write, .-SW_Write
  52              		.section	.text.SW_SetDriveMode,"ax",%progbits
  53              		.align	2
  54              		.global	SW_SetDriveMode
ARM GAS  C:\Users\GITUD\AppData\Local\Temp\cc1YW5tD.s 			page 3


  55              		.thumb
  56              		.thumb_func
  57              		.type	SW_SetDriveMode, %function
  58              	SW_SetDriveMode:
  59              	.LFB1:
  61:Generated_Source\PSoC5/SW.c **** }
  62:Generated_Source\PSoC5/SW.c **** 
  63:Generated_Source\PSoC5/SW.c **** 
  64:Generated_Source\PSoC5/SW.c **** /*******************************************************************************
  65:Generated_Source\PSoC5/SW.c **** * Function Name: SW_SetDriveMode
  66:Generated_Source\PSoC5/SW.c **** ****************************************************************************//**
  67:Generated_Source\PSoC5/SW.c **** *
  68:Generated_Source\PSoC5/SW.c **** * \brief Sets the drive mode for each of the Pins component's pins.
  69:Generated_Source\PSoC5/SW.c **** * 
  70:Generated_Source\PSoC5/SW.c **** * <b>Note</b> This affects all pins in the Pins component instance. Use the
  71:Generated_Source\PSoC5/SW.c **** * Per-Pin APIs if you wish to control individual pin's drive modes.
  72:Generated_Source\PSoC5/SW.c **** *
  73:Generated_Source\PSoC5/SW.c **** * \param mode
  74:Generated_Source\PSoC5/SW.c **** *  Mode for the selected signals. Valid options are documented in 
  75:Generated_Source\PSoC5/SW.c **** *  \ref driveMode.
  76:Generated_Source\PSoC5/SW.c **** *
  77:Generated_Source\PSoC5/SW.c **** * \return
  78:Generated_Source\PSoC5/SW.c **** *  None
  79:Generated_Source\PSoC5/SW.c **** *
  80:Generated_Source\PSoC5/SW.c **** * \sideeffect
  81:Generated_Source\PSoC5/SW.c **** *  If you use read-modify-write operations that are not atomic, the ISR can
  82:Generated_Source\PSoC5/SW.c **** *  cause corruption of this function. An ISR that interrupts this function 
  83:Generated_Source\PSoC5/SW.c **** *  and performs writes to the Pins component Drive Mode registers can cause 
  84:Generated_Source\PSoC5/SW.c **** *  corrupted port data. To avoid this issue, you should either use the Per-Pin
  85:Generated_Source\PSoC5/SW.c **** *  APIs (primary method) or disable interrupts around this function.
  86:Generated_Source\PSoC5/SW.c **** *
  87:Generated_Source\PSoC5/SW.c **** * \funcusage
  88:Generated_Source\PSoC5/SW.c **** *  \snippet SW_SUT.c usage_SW_SetDriveMode
  89:Generated_Source\PSoC5/SW.c **** *******************************************************************************/
  90:Generated_Source\PSoC5/SW.c **** void SW_SetDriveMode(uint8 mode)
  91:Generated_Source\PSoC5/SW.c **** {
  60              		.loc 1 91 0
  61              		.cfi_startproc
  62              		@ args = 0, pretend = 0, frame = 0
  63              		@ frame_needed = 0, uses_anonymous_args = 0
  64              		@ link register save eliminated.
  65              	.LVL3:
  92:Generated_Source\PSoC5/SW.c **** 	CyPins_SetPinDriveMode(SW_0, mode);
  66              		.loc 1 92 0
  67 0000 0D4A     		ldr	r2, .L5
  68 0002 1378     		ldrb	r3, [r2]	@ zero_extendqisi2
  69 0004 00F00E00 		and	r0, r0, #14
  70              	.LVL4:
  71 0008 03F0F103 		and	r3, r3, #241
  72 000c 0343     		orrs	r3, r3, r0
  73 000e 1370     		strb	r3, [r2]
  93:Generated_Source\PSoC5/SW.c **** 	CyPins_SetPinDriveMode(SW_1, mode);
  74              		.loc 1 93 0
  75 0010 0132     		adds	r2, r2, #1
  76 0012 1378     		ldrb	r3, [r2]	@ zero_extendqisi2
  77 0014 03F0F103 		and	r3, r3, #241
  78 0018 0343     		orrs	r3, r3, r0
ARM GAS  C:\Users\GITUD\AppData\Local\Temp\cc1YW5tD.s 			page 4


  79 001a 1370     		strb	r3, [r2]
  94:Generated_Source\PSoC5/SW.c **** 	CyPins_SetPinDriveMode(SW_2, mode);
  80              		.loc 1 94 0
  81 001c 0132     		adds	r2, r2, #1
  82 001e 1378     		ldrb	r3, [r2]	@ zero_extendqisi2
  83 0020 03F0F103 		and	r3, r3, #241
  84 0024 0343     		orrs	r3, r3, r0
  85 0026 1370     		strb	r3, [r2]
  95:Generated_Source\PSoC5/SW.c **** 	CyPins_SetPinDriveMode(SW_3, mode);
  86              		.loc 1 95 0
  87 0028 0132     		adds	r2, r2, #1
  88 002a 1378     		ldrb	r3, [r2]	@ zero_extendqisi2
  89 002c 03F0F103 		and	r3, r3, #241
  90 0030 1843     		orrs	r0, r0, r3
  91 0032 1070     		strb	r0, [r2]
  92 0034 7047     		bx	lr
  93              	.L6:
  94 0036 00BF     		.align	2
  95              	.L5:
  96 0038 00500040 		.word	1073762304
  97              		.cfi_endproc
  98              	.LFE1:
  99              		.size	SW_SetDriveMode, .-SW_SetDriveMode
 100              		.section	.text.SW_Read,"ax",%progbits
 101              		.align	2
 102              		.global	SW_Read
 103              		.thumb
 104              		.thumb_func
 105              		.type	SW_Read, %function
 106              	SW_Read:
 107              	.LFB2:
  96:Generated_Source\PSoC5/SW.c **** }
  97:Generated_Source\PSoC5/SW.c **** 
  98:Generated_Source\PSoC5/SW.c **** 
  99:Generated_Source\PSoC5/SW.c **** /*******************************************************************************
 100:Generated_Source\PSoC5/SW.c **** * Function Name: SW_Read
 101:Generated_Source\PSoC5/SW.c **** ****************************************************************************//**
 102:Generated_Source\PSoC5/SW.c **** *
 103:Generated_Source\PSoC5/SW.c **** * \brief Reads the associated physical port (pin status register) and masks 
 104:Generated_Source\PSoC5/SW.c **** *  the required bits according to the width and bit position of the component
 105:Generated_Source\PSoC5/SW.c **** *  instance. 
 106:Generated_Source\PSoC5/SW.c **** *
 107:Generated_Source\PSoC5/SW.c **** * The pin's status register returns the current logic level present on the 
 108:Generated_Source\PSoC5/SW.c **** * physical pin.
 109:Generated_Source\PSoC5/SW.c **** *
 110:Generated_Source\PSoC5/SW.c **** * \return 
 111:Generated_Source\PSoC5/SW.c **** *  The current value for the pins in the component as a right justified number.
 112:Generated_Source\PSoC5/SW.c **** *
 113:Generated_Source\PSoC5/SW.c **** * \funcusage
 114:Generated_Source\PSoC5/SW.c **** *  \snippet SW_SUT.c usage_SW_Read  
 115:Generated_Source\PSoC5/SW.c **** *******************************************************************************/
 116:Generated_Source\PSoC5/SW.c **** uint8 SW_Read(void)
 117:Generated_Source\PSoC5/SW.c **** {
 108              		.loc 1 117 0
 109              		.cfi_startproc
 110              		@ args = 0, pretend = 0, frame = 0
 111              		@ frame_needed = 0, uses_anonymous_args = 0
ARM GAS  C:\Users\GITUD\AppData\Local\Temp\cc1YW5tD.s 			page 5


 112              		@ link register save eliminated.
 118:Generated_Source\PSoC5/SW.c ****     return (SW_PS & SW_MASK) >> SW_SHIFT;
 113              		.loc 1 118 0
 114 0000 024B     		ldr	r3, .L8
 115 0002 1878     		ldrb	r0, [r3]	@ zero_extendqisi2
 119:Generated_Source\PSoC5/SW.c **** }
 116              		.loc 1 119 0
 117 0004 00F00F00 		and	r0, r0, #15
 118 0008 7047     		bx	lr
 119              	.L9:
 120 000a 00BF     		.align	2
 121              	.L8:
 122 000c 01510040 		.word	1073762561
 123              		.cfi_endproc
 124              	.LFE2:
 125              		.size	SW_Read, .-SW_Read
 126              		.section	.text.SW_ReadDataReg,"ax",%progbits
 127              		.align	2
 128              		.global	SW_ReadDataReg
 129              		.thumb
 130              		.thumb_func
 131              		.type	SW_ReadDataReg, %function
 132              	SW_ReadDataReg:
 133              	.LFB3:
 120:Generated_Source\PSoC5/SW.c **** 
 121:Generated_Source\PSoC5/SW.c **** 
 122:Generated_Source\PSoC5/SW.c **** /*******************************************************************************
 123:Generated_Source\PSoC5/SW.c **** * Function Name: SW_ReadDataReg
 124:Generated_Source\PSoC5/SW.c **** ****************************************************************************//**
 125:Generated_Source\PSoC5/SW.c **** *
 126:Generated_Source\PSoC5/SW.c **** * \brief Reads the associated physical port's data output register and masks 
 127:Generated_Source\PSoC5/SW.c **** *  the correct bits according to the width and bit position of the component 
 128:Generated_Source\PSoC5/SW.c **** *  instance. 
 129:Generated_Source\PSoC5/SW.c **** *
 130:Generated_Source\PSoC5/SW.c **** * The data output register controls the signal applied to the physical pin in 
 131:Generated_Source\PSoC5/SW.c **** * conjunction with the drive mode parameter. This is not the same as the 
 132:Generated_Source\PSoC5/SW.c **** * preferred SW_Read() API because the 
 133:Generated_Source\PSoC5/SW.c **** * SW_ReadDataReg() reads the data register instead of the status 
 134:Generated_Source\PSoC5/SW.c **** * register. For output pins this is a useful function to determine the value 
 135:Generated_Source\PSoC5/SW.c **** * just written to the pin.
 136:Generated_Source\PSoC5/SW.c **** *
 137:Generated_Source\PSoC5/SW.c **** * \return 
 138:Generated_Source\PSoC5/SW.c **** *  The current value of the data register masked and shifted into a right 
 139:Generated_Source\PSoC5/SW.c **** *  justified number for the component instance.
 140:Generated_Source\PSoC5/SW.c **** *
 141:Generated_Source\PSoC5/SW.c **** * \funcusage
 142:Generated_Source\PSoC5/SW.c **** *  \snippet SW_SUT.c usage_SW_ReadDataReg 
 143:Generated_Source\PSoC5/SW.c **** *******************************************************************************/
 144:Generated_Source\PSoC5/SW.c **** uint8 SW_ReadDataReg(void)
 145:Generated_Source\PSoC5/SW.c **** {
 134              		.loc 1 145 0
 135              		.cfi_startproc
 136              		@ args = 0, pretend = 0, frame = 0
 137              		@ frame_needed = 0, uses_anonymous_args = 0
 138              		@ link register save eliminated.
 146:Generated_Source\PSoC5/SW.c ****     return (SW_DR & SW_MASK) >> SW_SHIFT;
 139              		.loc 1 146 0
ARM GAS  C:\Users\GITUD\AppData\Local\Temp\cc1YW5tD.s 			page 6


 140 0000 024B     		ldr	r3, .L11
 141 0002 1878     		ldrb	r0, [r3]	@ zero_extendqisi2
 147:Generated_Source\PSoC5/SW.c **** }
 142              		.loc 1 147 0
 143 0004 00F00F00 		and	r0, r0, #15
 144 0008 7047     		bx	lr
 145              	.L12:
 146 000a 00BF     		.align	2
 147              	.L11:
 148 000c 00510040 		.word	1073762560
 149              		.cfi_endproc
 150              	.LFE3:
 151              		.size	SW_ReadDataReg, .-SW_ReadDataReg
 152              		.section	.text.SW_SetInterruptMode,"ax",%progbits
 153              		.align	2
 154              		.global	SW_SetInterruptMode
 155              		.thumb
 156              		.thumb_func
 157              		.type	SW_SetInterruptMode, %function
 158              	SW_SetInterruptMode:
 159              	.LFB4:
 148:Generated_Source\PSoC5/SW.c **** 
 149:Generated_Source\PSoC5/SW.c **** 
 150:Generated_Source\PSoC5/SW.c **** /* If interrupt is connected for this Pins component */ 
 151:Generated_Source\PSoC5/SW.c **** #if defined(SW_INTSTAT) 
 152:Generated_Source\PSoC5/SW.c **** 
 153:Generated_Source\PSoC5/SW.c ****     /*******************************************************************************
 154:Generated_Source\PSoC5/SW.c ****     * Function Name: SW_SetInterruptMode
 155:Generated_Source\PSoC5/SW.c ****     ****************************************************************************//**
 156:Generated_Source\PSoC5/SW.c ****     *
 157:Generated_Source\PSoC5/SW.c ****     * \brief Configures the interrupt mode for each of the Pins component's
 158:Generated_Source\PSoC5/SW.c ****     *  pins. Alternatively you may set the interrupt mode for all the pins
 159:Generated_Source\PSoC5/SW.c ****     *  specified in the Pins component.
 160:Generated_Source\PSoC5/SW.c ****     *
 161:Generated_Source\PSoC5/SW.c ****     *  <b>Note</b> The interrupt is port-wide and therefore any enabled pin
 162:Generated_Source\PSoC5/SW.c ****     *  interrupt may trigger it.
 163:Generated_Source\PSoC5/SW.c ****     *
 164:Generated_Source\PSoC5/SW.c ****     * \param position
 165:Generated_Source\PSoC5/SW.c ****     *  The pin position as listed in the Pins component. You may OR these to be 
 166:Generated_Source\PSoC5/SW.c ****     *  able to configure the interrupt mode of multiple pins within a Pins 
 167:Generated_Source\PSoC5/SW.c ****     *  component. Or you may use SW_INTR_ALL to configure the
 168:Generated_Source\PSoC5/SW.c ****     *  interrupt mode of all the pins in the Pins component.       
 169:Generated_Source\PSoC5/SW.c ****     *  - SW_0_INTR       (First pin in the list)
 170:Generated_Source\PSoC5/SW.c ****     *  - SW_1_INTR       (Second pin in the list)
 171:Generated_Source\PSoC5/SW.c ****     *  - ...
 172:Generated_Source\PSoC5/SW.c ****     *  - SW_INTR_ALL     (All pins in Pins component)
 173:Generated_Source\PSoC5/SW.c ****     *
 174:Generated_Source\PSoC5/SW.c ****     * \param mode
 175:Generated_Source\PSoC5/SW.c ****     *  Interrupt mode for the selected pins. Valid options are documented in
 176:Generated_Source\PSoC5/SW.c ****     *  \ref intrMode.
 177:Generated_Source\PSoC5/SW.c ****     *
 178:Generated_Source\PSoC5/SW.c ****     * \return 
 179:Generated_Source\PSoC5/SW.c ****     *  None
 180:Generated_Source\PSoC5/SW.c ****     *  
 181:Generated_Source\PSoC5/SW.c ****     * \sideeffect
 182:Generated_Source\PSoC5/SW.c ****     *  It is recommended that the interrupt be disabled before calling this 
 183:Generated_Source\PSoC5/SW.c ****     *  function to avoid unintended interrupt requests. Note that the interrupt
ARM GAS  C:\Users\GITUD\AppData\Local\Temp\cc1YW5tD.s 			page 7


 184:Generated_Source\PSoC5/SW.c ****     *  type is port wide, and therefore will trigger for any enabled pin on the 
 185:Generated_Source\PSoC5/SW.c ****     *  port.
 186:Generated_Source\PSoC5/SW.c ****     *
 187:Generated_Source\PSoC5/SW.c ****     * \funcusage
 188:Generated_Source\PSoC5/SW.c ****     *  \snippet SW_SUT.c usage_SW_SetInterruptMode
 189:Generated_Source\PSoC5/SW.c ****     *******************************************************************************/
 190:Generated_Source\PSoC5/SW.c ****     void SW_SetInterruptMode(uint16 position, uint16 mode)
 191:Generated_Source\PSoC5/SW.c ****     {
 160              		.loc 1 191 0
 161              		.cfi_startproc
 162              		@ args = 0, pretend = 0, frame = 0
 163              		@ frame_needed = 0, uses_anonymous_args = 0
 164              		@ link register save eliminated.
 165              	.LVL5:
 192:Generated_Source\PSoC5/SW.c **** 		if((position & SW_0_INTR) != 0u) 
 166              		.loc 1 192 0
 167 0000 10F0010F 		tst	r0, #1
 168 0004 02D0     		beq	.L14
 193:Generated_Source\PSoC5/SW.c **** 		{ 
 194:Generated_Source\PSoC5/SW.c **** 			 SW_0_INTTYPE_REG = (uint8)mode; 
 169              		.loc 1 194 0
 170 0006 CBB2     		uxtb	r3, r1
 171 0008 0B4A     		ldr	r2, .L18
 172 000a 1370     		strb	r3, [r2]
 173              	.L14:
 195:Generated_Source\PSoC5/SW.c **** 		} 
 196:Generated_Source\PSoC5/SW.c **** 		if((position & SW_1_INTR) != 0u) 
 174              		.loc 1 196 0
 175 000c 00F00203 		and	r3, r0, #2
 176 0010 9BB2     		uxth	r3, r3
 177 0012 13B1     		cbz	r3, .L15
 197:Generated_Source\PSoC5/SW.c **** 		{ 
 198:Generated_Source\PSoC5/SW.c **** 			 SW_1_INTTYPE_REG = (uint8)mode; 
 178              		.loc 1 198 0
 179 0014 CBB2     		uxtb	r3, r1
 180 0016 094A     		ldr	r2, .L18+4
 181 0018 1370     		strb	r3, [r2]
 182              	.L15:
 199:Generated_Source\PSoC5/SW.c **** 		} 
 200:Generated_Source\PSoC5/SW.c **** 		if((position & SW_2_INTR) != 0u) 
 183              		.loc 1 200 0
 184 001a 00F00403 		and	r3, r0, #4
 185 001e 9BB2     		uxth	r3, r3
 186 0020 13B1     		cbz	r3, .L16
 201:Generated_Source\PSoC5/SW.c **** 		{ 
 202:Generated_Source\PSoC5/SW.c **** 			 SW_2_INTTYPE_REG = (uint8)mode; 
 187              		.loc 1 202 0
 188 0022 CBB2     		uxtb	r3, r1
 189 0024 064A     		ldr	r2, .L18+8
 190 0026 1370     		strb	r3, [r2]
 191              	.L16:
 203:Generated_Source\PSoC5/SW.c **** 		} 
 204:Generated_Source\PSoC5/SW.c **** 		if((position & SW_3_INTR) != 0u) 
 192              		.loc 1 204 0
 193 0028 00F00800 		and	r0, r0, #8
 194              	.LVL6:
 195 002c 80B2     		uxth	r0, r0
ARM GAS  C:\Users\GITUD\AppData\Local\Temp\cc1YW5tD.s 			page 8


 196 002e 10B1     		cbz	r0, .L13
 205:Generated_Source\PSoC5/SW.c **** 		{ 
 206:Generated_Source\PSoC5/SW.c **** 			 SW_3_INTTYPE_REG = (uint8)mode; 
 197              		.loc 1 206 0
 198 0030 C9B2     		uxtb	r1, r1
 199              	.LVL7:
 200 0032 044B     		ldr	r3, .L18+12
 201 0034 1970     		strb	r1, [r3]
 202              	.L13:
 203 0036 7047     		bx	lr
 204              	.L19:
 205              		.align	2
 206              	.L18:
 207 0038 00450040 		.word	1073759488
 208 003c 01450040 		.word	1073759489
 209 0040 02450040 		.word	1073759490
 210 0044 03450040 		.word	1073759491
 211              		.cfi_endproc
 212              	.LFE4:
 213              		.size	SW_SetInterruptMode, .-SW_SetInterruptMode
 214              		.section	.text.SW_ClearInterrupt,"ax",%progbits
 215              		.align	2
 216              		.global	SW_ClearInterrupt
 217              		.thumb
 218              		.thumb_func
 219              		.type	SW_ClearInterrupt, %function
 220              	SW_ClearInterrupt:
 221              	.LFB5:
 207:Generated_Source\PSoC5/SW.c **** 		}
 208:Generated_Source\PSoC5/SW.c ****     }
 209:Generated_Source\PSoC5/SW.c ****     
 210:Generated_Source\PSoC5/SW.c ****     
 211:Generated_Source\PSoC5/SW.c ****     /*******************************************************************************
 212:Generated_Source\PSoC5/SW.c ****     * Function Name: SW_ClearInterrupt
 213:Generated_Source\PSoC5/SW.c ****     ****************************************************************************//**
 214:Generated_Source\PSoC5/SW.c ****     *
 215:Generated_Source\PSoC5/SW.c ****     * \brief Clears any active interrupts attached with the component and returns 
 216:Generated_Source\PSoC5/SW.c ****     *  the value of the interrupt status register allowing determination of which
 217:Generated_Source\PSoC5/SW.c ****     *  pins generated an interrupt event.
 218:Generated_Source\PSoC5/SW.c ****     *
 219:Generated_Source\PSoC5/SW.c ****     * \return 
 220:Generated_Source\PSoC5/SW.c ****     *  The right-shifted current value of the interrupt status register. Each pin 
 221:Generated_Source\PSoC5/SW.c ****     *  has one bit set if it generated an interrupt event. For example, bit 0 is 
 222:Generated_Source\PSoC5/SW.c ****     *  for pin 0 and bit 1 is for pin 1 of the Pins component.
 223:Generated_Source\PSoC5/SW.c ****     *  
 224:Generated_Source\PSoC5/SW.c ****     * \sideeffect
 225:Generated_Source\PSoC5/SW.c ****     *  Clears all bits of the physical port's interrupt status register, not just
 226:Generated_Source\PSoC5/SW.c ****     *  those associated with the Pins component.
 227:Generated_Source\PSoC5/SW.c ****     *
 228:Generated_Source\PSoC5/SW.c ****     * \funcusage
 229:Generated_Source\PSoC5/SW.c ****     *  \snippet SW_SUT.c usage_SW_ClearInterrupt
 230:Generated_Source\PSoC5/SW.c ****     *******************************************************************************/
 231:Generated_Source\PSoC5/SW.c ****     uint8 SW_ClearInterrupt(void)
 232:Generated_Source\PSoC5/SW.c ****     {
 222              		.loc 1 232 0
 223              		.cfi_startproc
 224              		@ args = 0, pretend = 0, frame = 0
ARM GAS  C:\Users\GITUD\AppData\Local\Temp\cc1YW5tD.s 			page 9


 225              		@ frame_needed = 0, uses_anonymous_args = 0
 226              		@ link register save eliminated.
 233:Generated_Source\PSoC5/SW.c ****         return (SW_INTSTAT & SW_MASK) >> SW_SHIFT;
 227              		.loc 1 233 0
 228 0000 024B     		ldr	r3, .L21
 229 0002 1878     		ldrb	r0, [r3]	@ zero_extendqisi2
 234:Generated_Source\PSoC5/SW.c ****     }
 230              		.loc 1 234 0
 231 0004 00F00F00 		and	r0, r0, #15
 232 0008 7047     		bx	lr
 233              	.L22:
 234 000a 00BF     		.align	2
 235              	.L21:
 236 000c 80450040 		.word	1073759616
 237              		.cfi_endproc
 238              	.LFE5:
 239              		.size	SW_ClearInterrupt, .-SW_ClearInterrupt
 240              		.text
 241              	.Letext0:
 242              		.file 2 "Generated_Source\\PSoC5\\cytypes.h"
 243              		.section	.debug_info,"",%progbits
 244              	.Ldebug_info0:
 245 0000 70010000 		.4byte	0x170
 246 0004 0400     		.2byte	0x4
 247 0006 00000000 		.4byte	.Ldebug_abbrev0
 248 000a 04       		.byte	0x4
 249 000b 01       		.uleb128 0x1
 250 000c B5000000 		.4byte	.LASF24
 251 0010 0C       		.byte	0xc
 252 0011 74010000 		.4byte	.LASF25
 253 0015 32000000 		.4byte	.LASF26
 254 0019 00000000 		.4byte	.Ldebug_ranges0+0
 255 001d 00000000 		.4byte	0
 256 0021 00000000 		.4byte	.Ldebug_line0
 257 0025 02       		.uleb128 0x2
 258 0026 01       		.byte	0x1
 259 0027 06       		.byte	0x6
 260 0028 2A020000 		.4byte	.LASF0
 261 002c 02       		.uleb128 0x2
 262 002d 01       		.byte	0x1
 263 002e 08       		.byte	0x8
 264 002f A7000000 		.4byte	.LASF1
 265 0033 02       		.uleb128 0x2
 266 0034 02       		.byte	0x2
 267 0035 05       		.byte	0x5
 268 0036 F8010000 		.4byte	.LASF2
 269 003a 02       		.uleb128 0x2
 270 003b 02       		.byte	0x2
 271 003c 07       		.byte	0x7
 272 003d 5A010000 		.4byte	.LASF3
 273 0041 02       		.uleb128 0x2
 274 0042 04       		.byte	0x4
 275 0043 05       		.byte	0x5
 276 0044 11020000 		.4byte	.LASF4
 277 0048 02       		.uleb128 0x2
 278 0049 04       		.byte	0x4
 279 004a 07       		.byte	0x7
ARM GAS  C:\Users\GITUD\AppData\Local\Temp\cc1YW5tD.s 			page 10


 280 004b 48010000 		.4byte	.LASF5
 281 004f 02       		.uleb128 0x2
 282 0050 08       		.byte	0x8
 283 0051 05       		.byte	0x5
 284 0052 E5010000 		.4byte	.LASF6
 285 0056 02       		.uleb128 0x2
 286 0057 08       		.byte	0x8
 287 0058 07       		.byte	0x7
 288 0059 C1010000 		.4byte	.LASF7
 289 005d 03       		.uleb128 0x3
 290 005e 04       		.byte	0x4
 291 005f 05       		.byte	0x5
 292 0060 696E7400 		.ascii	"int\000"
 293 0064 02       		.uleb128 0x2
 294 0065 04       		.byte	0x4
 295 0066 07       		.byte	0x7
 296 0067 B4010000 		.4byte	.LASF8
 297 006b 04       		.uleb128 0x4
 298 006c 0B020000 		.4byte	.LASF9
 299 0070 02       		.byte	0x2
 300 0071 E401     		.2byte	0x1e4
 301 0073 2C000000 		.4byte	0x2c
 302 0077 04       		.uleb128 0x4
 303 0078 A4010000 		.4byte	.LASF10
 304 007c 02       		.byte	0x2
 305 007d E501     		.2byte	0x1e5
 306 007f 3A000000 		.4byte	0x3a
 307 0083 02       		.uleb128 0x2
 308 0084 04       		.byte	0x4
 309 0085 04       		.byte	0x4
 310 0086 A1000000 		.4byte	.LASF11
 311 008a 02       		.uleb128 0x2
 312 008b 08       		.byte	0x8
 313 008c 04       		.byte	0x4
 314 008d 6D010000 		.4byte	.LASF12
 315 0091 02       		.uleb128 0x2
 316 0092 01       		.byte	0x1
 317 0093 08       		.byte	0x8
 318 0094 F3010000 		.4byte	.LASF13
 319 0098 04       		.uleb128 0x4
 320 0099 43010000 		.4byte	.LASF14
 321 009d 02       		.byte	0x2
 322 009e 8E02     		.2byte	0x28e
 323 00a0 A4000000 		.4byte	0xa4
 324 00a4 05       		.uleb128 0x5
 325 00a5 6B000000 		.4byte	0x6b
 326 00a9 06       		.uleb128 0x6
 327 00aa 02020000 		.4byte	.LASF15
 328 00ae 01       		.byte	0x1
 329 00af 39       		.byte	0x39
 330 00b0 00000000 		.4byte	.LFB0
 331 00b4 18000000 		.4byte	.LFE0-.LFB0
 332 00b8 01       		.uleb128 0x1
 333 00b9 9C       		.byte	0x9c
 334 00ba DB000000 		.4byte	0xdb
 335 00be 07       		.uleb128 0x7
 336 00bf 21000000 		.4byte	.LASF17
ARM GAS  C:\Users\GITUD\AppData\Local\Temp\cc1YW5tD.s 			page 11


 337 00c3 01       		.byte	0x1
 338 00c4 39       		.byte	0x39
 339 00c5 6B000000 		.4byte	0x6b
 340 00c9 00000000 		.4byte	.LLST0
 341 00cd 08       		.uleb128 0x8
 342 00ce 27000000 		.4byte	.LASF27
 343 00d2 01       		.byte	0x1
 344 00d3 3B       		.byte	0x3b
 345 00d4 6B000000 		.4byte	0x6b
 346 00d8 01       		.uleb128 0x1
 347 00d9 53       		.byte	0x53
 348 00da 00       		.byte	0
 349 00db 06       		.uleb128 0x6
 350 00dc 1A020000 		.4byte	.LASF16
 351 00e0 01       		.byte	0x1
 352 00e1 5A       		.byte	0x5a
 353 00e2 00000000 		.4byte	.LFB1
 354 00e6 3C000000 		.4byte	.LFE1-.LFB1
 355 00ea 01       		.uleb128 0x1
 356 00eb 9C       		.byte	0x9c
 357 00ec 00010000 		.4byte	0x100
 358 00f0 07       		.uleb128 0x7
 359 00f1 D8010000 		.4byte	.LASF18
 360 00f5 01       		.byte	0x1
 361 00f6 5A       		.byte	0x5a
 362 00f7 6B000000 		.4byte	0x6b
 363 00fb 21000000 		.4byte	.LLST1
 364 00ff 00       		.byte	0
 365 0100 09       		.uleb128 0x9
 366 0101 DD010000 		.4byte	.LASF19
 367 0105 01       		.byte	0x1
 368 0106 74       		.byte	0x74
 369 0107 6B000000 		.4byte	0x6b
 370 010b 00000000 		.4byte	.LFB2
 371 010f 10000000 		.4byte	.LFE2-.LFB2
 372 0113 01       		.uleb128 0x1
 373 0114 9C       		.byte	0x9c
 374 0115 09       		.uleb128 0x9
 375 0116 00000000 		.4byte	.LASF20
 376 011a 01       		.byte	0x1
 377 011b 90       		.byte	0x90
 378 011c 6B000000 		.4byte	0x6b
 379 0120 00000000 		.4byte	.LFB3
 380 0124 10000000 		.4byte	.LFE3-.LFB3
 381 0128 01       		.uleb128 0x1
 382 0129 9C       		.byte	0x9c
 383 012a 06       		.uleb128 0x6
 384 012b 90010000 		.4byte	.LASF21
 385 012f 01       		.byte	0x1
 386 0130 BE       		.byte	0xbe
 387 0131 00000000 		.4byte	.LFB4
 388 0135 48000000 		.4byte	.LFE4-.LFB4
 389 0139 01       		.uleb128 0x1
 390 013a 9C       		.byte	0x9c
 391 013b 5E010000 		.4byte	0x15e
 392 013f 07       		.uleb128 0x7
 393 0140 AB010000 		.4byte	.LASF22
ARM GAS  C:\Users\GITUD\AppData\Local\Temp\cc1YW5tD.s 			page 12


 394 0144 01       		.byte	0x1
 395 0145 BE       		.byte	0xbe
 396 0146 77000000 		.4byte	0x77
 397 014a 42000000 		.4byte	.LLST2
 398 014e 07       		.uleb128 0x7
 399 014f D8010000 		.4byte	.LASF18
 400 0153 01       		.byte	0x1
 401 0154 BE       		.byte	0xbe
 402 0155 77000000 		.4byte	0x77
 403 0159 63000000 		.4byte	.LLST3
 404 015d 00       		.byte	0
 405 015e 09       		.uleb128 0x9
 406 015f 0F000000 		.4byte	.LASF23
 407 0163 01       		.byte	0x1
 408 0164 E7       		.byte	0xe7
 409 0165 6B000000 		.4byte	0x6b
 410 0169 00000000 		.4byte	.LFB5
 411 016d 10000000 		.4byte	.LFE5-.LFB5
 412 0171 01       		.uleb128 0x1
 413 0172 9C       		.byte	0x9c
 414 0173 00       		.byte	0
 415              		.section	.debug_abbrev,"",%progbits
 416              	.Ldebug_abbrev0:
 417 0000 01       		.uleb128 0x1
 418 0001 11       		.uleb128 0x11
 419 0002 01       		.byte	0x1
 420 0003 25       		.uleb128 0x25
 421 0004 0E       		.uleb128 0xe
 422 0005 13       		.uleb128 0x13
 423 0006 0B       		.uleb128 0xb
 424 0007 03       		.uleb128 0x3
 425 0008 0E       		.uleb128 0xe
 426 0009 1B       		.uleb128 0x1b
 427 000a 0E       		.uleb128 0xe
 428 000b 55       		.uleb128 0x55
 429 000c 17       		.uleb128 0x17
 430 000d 11       		.uleb128 0x11
 431 000e 01       		.uleb128 0x1
 432 000f 10       		.uleb128 0x10
 433 0010 17       		.uleb128 0x17
 434 0011 00       		.byte	0
 435 0012 00       		.byte	0
 436 0013 02       		.uleb128 0x2
 437 0014 24       		.uleb128 0x24
 438 0015 00       		.byte	0
 439 0016 0B       		.uleb128 0xb
 440 0017 0B       		.uleb128 0xb
 441 0018 3E       		.uleb128 0x3e
 442 0019 0B       		.uleb128 0xb
 443 001a 03       		.uleb128 0x3
 444 001b 0E       		.uleb128 0xe
 445 001c 00       		.byte	0
 446 001d 00       		.byte	0
 447 001e 03       		.uleb128 0x3
 448 001f 24       		.uleb128 0x24
 449 0020 00       		.byte	0
 450 0021 0B       		.uleb128 0xb
ARM GAS  C:\Users\GITUD\AppData\Local\Temp\cc1YW5tD.s 			page 13


 451 0022 0B       		.uleb128 0xb
 452 0023 3E       		.uleb128 0x3e
 453 0024 0B       		.uleb128 0xb
 454 0025 03       		.uleb128 0x3
 455 0026 08       		.uleb128 0x8
 456 0027 00       		.byte	0
 457 0028 00       		.byte	0
 458 0029 04       		.uleb128 0x4
 459 002a 16       		.uleb128 0x16
 460 002b 00       		.byte	0
 461 002c 03       		.uleb128 0x3
 462 002d 0E       		.uleb128 0xe
 463 002e 3A       		.uleb128 0x3a
 464 002f 0B       		.uleb128 0xb
 465 0030 3B       		.uleb128 0x3b
 466 0031 05       		.uleb128 0x5
 467 0032 49       		.uleb128 0x49
 468 0033 13       		.uleb128 0x13
 469 0034 00       		.byte	0
 470 0035 00       		.byte	0
 471 0036 05       		.uleb128 0x5
 472 0037 35       		.uleb128 0x35
 473 0038 00       		.byte	0
 474 0039 49       		.uleb128 0x49
 475 003a 13       		.uleb128 0x13
 476 003b 00       		.byte	0
 477 003c 00       		.byte	0
 478 003d 06       		.uleb128 0x6
 479 003e 2E       		.uleb128 0x2e
 480 003f 01       		.byte	0x1
 481 0040 3F       		.uleb128 0x3f
 482 0041 19       		.uleb128 0x19
 483 0042 03       		.uleb128 0x3
 484 0043 0E       		.uleb128 0xe
 485 0044 3A       		.uleb128 0x3a
 486 0045 0B       		.uleb128 0xb
 487 0046 3B       		.uleb128 0x3b
 488 0047 0B       		.uleb128 0xb
 489 0048 27       		.uleb128 0x27
 490 0049 19       		.uleb128 0x19
 491 004a 11       		.uleb128 0x11
 492 004b 01       		.uleb128 0x1
 493 004c 12       		.uleb128 0x12
 494 004d 06       		.uleb128 0x6
 495 004e 40       		.uleb128 0x40
 496 004f 18       		.uleb128 0x18
 497 0050 9742     		.uleb128 0x2117
 498 0052 19       		.uleb128 0x19
 499 0053 01       		.uleb128 0x1
 500 0054 13       		.uleb128 0x13
 501 0055 00       		.byte	0
 502 0056 00       		.byte	0
 503 0057 07       		.uleb128 0x7
 504 0058 05       		.uleb128 0x5
 505 0059 00       		.byte	0
 506 005a 03       		.uleb128 0x3
 507 005b 0E       		.uleb128 0xe
ARM GAS  C:\Users\GITUD\AppData\Local\Temp\cc1YW5tD.s 			page 14


 508 005c 3A       		.uleb128 0x3a
 509 005d 0B       		.uleb128 0xb
 510 005e 3B       		.uleb128 0x3b
 511 005f 0B       		.uleb128 0xb
 512 0060 49       		.uleb128 0x49
 513 0061 13       		.uleb128 0x13
 514 0062 02       		.uleb128 0x2
 515 0063 17       		.uleb128 0x17
 516 0064 00       		.byte	0
 517 0065 00       		.byte	0
 518 0066 08       		.uleb128 0x8
 519 0067 34       		.uleb128 0x34
 520 0068 00       		.byte	0
 521 0069 03       		.uleb128 0x3
 522 006a 0E       		.uleb128 0xe
 523 006b 3A       		.uleb128 0x3a
 524 006c 0B       		.uleb128 0xb
 525 006d 3B       		.uleb128 0x3b
 526 006e 0B       		.uleb128 0xb
 527 006f 49       		.uleb128 0x49
 528 0070 13       		.uleb128 0x13
 529 0071 02       		.uleb128 0x2
 530 0072 18       		.uleb128 0x18
 531 0073 00       		.byte	0
 532 0074 00       		.byte	0
 533 0075 09       		.uleb128 0x9
 534 0076 2E       		.uleb128 0x2e
 535 0077 00       		.byte	0
 536 0078 3F       		.uleb128 0x3f
 537 0079 19       		.uleb128 0x19
 538 007a 03       		.uleb128 0x3
 539 007b 0E       		.uleb128 0xe
 540 007c 3A       		.uleb128 0x3a
 541 007d 0B       		.uleb128 0xb
 542 007e 3B       		.uleb128 0x3b
 543 007f 0B       		.uleb128 0xb
 544 0080 27       		.uleb128 0x27
 545 0081 19       		.uleb128 0x19
 546 0082 49       		.uleb128 0x49
 547 0083 13       		.uleb128 0x13
 548 0084 11       		.uleb128 0x11
 549 0085 01       		.uleb128 0x1
 550 0086 12       		.uleb128 0x12
 551 0087 06       		.uleb128 0x6
 552 0088 40       		.uleb128 0x40
 553 0089 18       		.uleb128 0x18
 554 008a 9742     		.uleb128 0x2117
 555 008c 19       		.uleb128 0x19
 556 008d 00       		.byte	0
 557 008e 00       		.byte	0
 558 008f 00       		.byte	0
 559              		.section	.debug_loc,"",%progbits
 560              	.Ldebug_loc0:
 561              	.LLST0:
 562 0000 00000000 		.4byte	.LVL0
 563 0004 0C000000 		.4byte	.LVL2
 564 0008 0100     		.2byte	0x1
ARM GAS  C:\Users\GITUD\AppData\Local\Temp\cc1YW5tD.s 			page 15


 565 000a 50       		.byte	0x50
 566 000b 0C000000 		.4byte	.LVL2
 567 000f 18000000 		.4byte	.LFE0
 568 0013 0400     		.2byte	0x4
 569 0015 F3       		.byte	0xf3
 570 0016 01       		.uleb128 0x1
 571 0017 50       		.byte	0x50
 572 0018 9F       		.byte	0x9f
 573 0019 00000000 		.4byte	0
 574 001d 00000000 		.4byte	0
 575              	.LLST1:
 576 0021 00000000 		.4byte	.LVL3
 577 0025 08000000 		.4byte	.LVL4
 578 0029 0100     		.2byte	0x1
 579 002b 50       		.byte	0x50
 580 002c 08000000 		.4byte	.LVL4
 581 0030 3C000000 		.4byte	.LFE1
 582 0034 0400     		.2byte	0x4
 583 0036 F3       		.byte	0xf3
 584 0037 01       		.uleb128 0x1
 585 0038 50       		.byte	0x50
 586 0039 9F       		.byte	0x9f
 587 003a 00000000 		.4byte	0
 588 003e 00000000 		.4byte	0
 589              	.LLST2:
 590 0042 00000000 		.4byte	.LVL5
 591 0046 2C000000 		.4byte	.LVL6
 592 004a 0100     		.2byte	0x1
 593 004c 50       		.byte	0x50
 594 004d 2C000000 		.4byte	.LVL6
 595 0051 48000000 		.4byte	.LFE4
 596 0055 0400     		.2byte	0x4
 597 0057 F3       		.byte	0xf3
 598 0058 01       		.uleb128 0x1
 599 0059 50       		.byte	0x50
 600 005a 9F       		.byte	0x9f
 601 005b 00000000 		.4byte	0
 602 005f 00000000 		.4byte	0
 603              	.LLST3:
 604 0063 00000000 		.4byte	.LVL5
 605 0067 32000000 		.4byte	.LVL7
 606 006b 0100     		.2byte	0x1
 607 006d 51       		.byte	0x51
 608 006e 32000000 		.4byte	.LVL7
 609 0072 48000000 		.4byte	.LFE4
 610 0076 0400     		.2byte	0x4
 611 0078 F3       		.byte	0xf3
 612 0079 01       		.uleb128 0x1
 613 007a 51       		.byte	0x51
 614 007b 9F       		.byte	0x9f
 615 007c 00000000 		.4byte	0
 616 0080 00000000 		.4byte	0
 617              		.section	.debug_aranges,"",%progbits
 618 0000 44000000 		.4byte	0x44
 619 0004 0200     		.2byte	0x2
 620 0006 00000000 		.4byte	.Ldebug_info0
 621 000a 04       		.byte	0x4
ARM GAS  C:\Users\GITUD\AppData\Local\Temp\cc1YW5tD.s 			page 16


 622 000b 00       		.byte	0
 623 000c 0000     		.2byte	0
 624 000e 0000     		.2byte	0
 625 0010 00000000 		.4byte	.LFB0
 626 0014 18000000 		.4byte	.LFE0-.LFB0
 627 0018 00000000 		.4byte	.LFB1
 628 001c 3C000000 		.4byte	.LFE1-.LFB1
 629 0020 00000000 		.4byte	.LFB2
 630 0024 10000000 		.4byte	.LFE2-.LFB2
 631 0028 00000000 		.4byte	.LFB3
 632 002c 10000000 		.4byte	.LFE3-.LFB3
 633 0030 00000000 		.4byte	.LFB4
 634 0034 48000000 		.4byte	.LFE4-.LFB4
 635 0038 00000000 		.4byte	.LFB5
 636 003c 10000000 		.4byte	.LFE5-.LFB5
 637 0040 00000000 		.4byte	0
 638 0044 00000000 		.4byte	0
 639              		.section	.debug_ranges,"",%progbits
 640              	.Ldebug_ranges0:
 641 0000 00000000 		.4byte	.LFB0
 642 0004 18000000 		.4byte	.LFE0
 643 0008 00000000 		.4byte	.LFB1
 644 000c 3C000000 		.4byte	.LFE1
 645 0010 00000000 		.4byte	.LFB2
 646 0014 10000000 		.4byte	.LFE2
 647 0018 00000000 		.4byte	.LFB3
 648 001c 10000000 		.4byte	.LFE3
 649 0020 00000000 		.4byte	.LFB4
 650 0024 48000000 		.4byte	.LFE4
 651 0028 00000000 		.4byte	.LFB5
 652 002c 10000000 		.4byte	.LFE5
 653 0030 00000000 		.4byte	0
 654 0034 00000000 		.4byte	0
 655              		.section	.debug_line,"",%progbits
 656              	.Ldebug_line0:
 657 0000 B8000000 		.section	.debug_str,"MS",%progbits,1
 657      02003F00 
 657      00000201 
 657      FB0E0D00 
 657      01010101 
 658              	.LASF20:
 659 0000 53575F52 		.ascii	"SW_ReadDataReg\000"
 659      65616444 
 659      61746152 
 659      656700
 660              	.LASF23:
 661 000f 53575F43 		.ascii	"SW_ClearInterrupt\000"
 661      6C656172 
 661      496E7465 
 661      72727570 
 661      7400
 662              	.LASF17:
 663 0021 76616C75 		.ascii	"value\000"
 663      6500
 664              	.LASF27:
 665 0027 73746174 		.ascii	"staticBits\000"
 665      69634269 
ARM GAS  C:\Users\GITUD\AppData\Local\Temp\cc1YW5tD.s 			page 17


 665      747300
 666              	.LASF26:
 667 0032 443A5C44 		.ascii	"D:\\Documentos\\GITUD\\Documents\\PSoC Creator\\Pro"
 667      6F63756D 
 667      656E746F 
 667      735C4749 
 667      5455445C 
 668 0060 79656374 		.ascii	"yecto3\\Filtro-Digital-Ajustable-por-Ventaneo\\Filt"
 668      6F335C46 
 668      696C7472 
 668      6F2D4469 
 668      67697461 
 669 0091 726F4469 		.ascii	"roDigital.cydsn\000"
 669      67697461 
 669      6C2E6379 
 669      64736E00 
 670              	.LASF11:
 671 00a1 666C6F61 		.ascii	"float\000"
 671      7400
 672              	.LASF1:
 673 00a7 756E7369 		.ascii	"unsigned char\000"
 673      676E6564 
 673      20636861 
 673      7200
 674              	.LASF24:
 675 00b5 474E5520 		.ascii	"GNU C11 5.4.1 20160609 (release) [ARM/embedded-5-br"
 675      43313120 
 675      352E342E 
 675      31203230 
 675      31363036 
 676 00e8 616E6368 		.ascii	"anch revision 237715] -mcpu=cortex-m3 -mthumb -g -O"
 676      20726576 
 676      6973696F 
 676      6E203233 
 676      37373135 
 677 011b 67202D66 		.ascii	"g -ffunction-sections -ffat-lto-objects\000"
 677      66756E63 
 677      74696F6E 
 677      2D736563 
 677      74696F6E 
 678              	.LASF14:
 679 0143 72656738 		.ascii	"reg8\000"
 679      00
 680              	.LASF5:
 681 0148 6C6F6E67 		.ascii	"long unsigned int\000"
 681      20756E73 
 681      69676E65 
 681      6420696E 
 681      7400
 682              	.LASF3:
 683 015a 73686F72 		.ascii	"short unsigned int\000"
 683      7420756E 
 683      7369676E 
 683      65642069 
 683      6E7400
 684              	.LASF12:
 685 016d 646F7562 		.ascii	"double\000"
ARM GAS  C:\Users\GITUD\AppData\Local\Temp\cc1YW5tD.s 			page 18


 685      6C6500
 686              	.LASF25:
 687 0174 47656E65 		.ascii	"Generated_Source\\PSoC5\\SW.c\000"
 687      72617465 
 687      645F536F 
 687      75726365 
 687      5C50536F 
 688              	.LASF21:
 689 0190 53575F53 		.ascii	"SW_SetInterruptMode\000"
 689      6574496E 
 689      74657272 
 689      7570744D 
 689      6F646500 
 690              	.LASF10:
 691 01a4 75696E74 		.ascii	"uint16\000"
 691      313600
 692              	.LASF22:
 693 01ab 706F7369 		.ascii	"position\000"
 693      74696F6E 
 693      00
 694              	.LASF8:
 695 01b4 756E7369 		.ascii	"unsigned int\000"
 695      676E6564 
 695      20696E74 
 695      00
 696              	.LASF7:
 697 01c1 6C6F6E67 		.ascii	"long long unsigned int\000"
 697      206C6F6E 
 697      6720756E 
 697      7369676E 
 697      65642069 
 698              	.LASF18:
 699 01d8 6D6F6465 		.ascii	"mode\000"
 699      00
 700              	.LASF19:
 701 01dd 53575F52 		.ascii	"SW_Read\000"
 701      65616400 
 702              	.LASF6:
 703 01e5 6C6F6E67 		.ascii	"long long int\000"
 703      206C6F6E 
 703      6720696E 
 703      7400
 704              	.LASF13:
 705 01f3 63686172 		.ascii	"char\000"
 705      00
 706              	.LASF2:
 707 01f8 73686F72 		.ascii	"short int\000"
 707      7420696E 
 707      7400
 708              	.LASF15:
 709 0202 53575F57 		.ascii	"SW_Write\000"
 709      72697465 
 709      00
 710              	.LASF9:
 711 020b 75696E74 		.ascii	"uint8\000"
 711      3800
 712              	.LASF4:
ARM GAS  C:\Users\GITUD\AppData\Local\Temp\cc1YW5tD.s 			page 19


 713 0211 6C6F6E67 		.ascii	"long int\000"
 713      20696E74 
 713      00
 714              	.LASF16:
 715 021a 53575F53 		.ascii	"SW_SetDriveMode\000"
 715      65744472 
 715      6976654D 
 715      6F646500 
 716              	.LASF0:
 717 022a 7369676E 		.ascii	"signed char\000"
 717      65642063 
 717      68617200 
 718              		.ident	"GCC: (GNU Tools for ARM Embedded Processors) 5.4.1 20160609 (release) [ARM/embedded-5-bran
